D:\C#\VM\_BeadViewProbe\Program.cs(219,25): warning CS8632: 只能在 "#nullable" 注释上下文内的代码中使用可为 null 的引用类型的注释。 [D:\C#\VM\_BeadViewProbe\_BeadViewProbe.csproj]
D:\C#\VM\_BeadViewProbe\Program.cs(243,46): warning CS8632: 只能在 "#nullable" 注释上下文内的代码中使用可为 null 的引用类型的注释。 [D:\C#\VM\_BeadViewProbe\_BeadViewProbe.csproj]
D:\C#\VM\_BeadViewProbe\Program.cs(503,33): warning CS8632: 只能在 "#nullable" 注释上下文内的代码中使用可为 null 的引用类型的注释。 [D:\C#\VM\_BeadViewProbe\_BeadViewProbe.csproj]
D:\C#\VM\_BeadViewProbe\Program.cs(540,26): warning CS8632: 只能在 "#nullable" 注释上下文内的代码中使用可为 null 的引用类型的注释。 [D:\C#\VM\_BeadViewProbe\_BeadViewProbe.csproj]
D:\C#\VM\_BeadViewProbe\Program.cs(541,33): warning CS8632: 只能在 "#nullable" 注释上下文内的代码中使用可为 null 的引用类型的注释。 [D:\C#\VM\_BeadViewProbe\_BeadViewProbe.csproj]
D:\C#\VM\_BeadViewProbe\Program.cs(160,26): warning CS8632: 只能在 "#nullable" 注释上下文内的代码中使用可为 null 的引用类型的注释。 [D:\C#\VM\_BeadViewProbe\_BeadViewProbe.csproj]
D:\C#\VM\_BeadViewProbe\Program.cs(223,28): warning CS8632: 只能在 "#nullable" 注释上下文内的代码中使用可为 null 的引用类型的注释。 [D:\C#\VM\_BeadViewProbe\_BeadViewProbe.csproj]
D:\C#\VM\_BeadViewProbe\Program.cs(280,19): warning CS8632: 只能在 "#nullable" 注释上下文内的代码中使用可为 null 的引用类型的注释。 [D:\C#\VM\_BeadViewProbe\_BeadViewProbe.csproj]
D:\C#\VM\_BeadViewProbe\Program.cs(457,29): warning CS8632: 只能在 "#nullable" 注释上下文内的代码中使用可为 null 的引用类型的注释。 [D:\C#\VM\_BeadViewProbe\_BeadViewProbe.csproj]

已成功生成。

D:\C#\VM\_BeadViewProbe\Program.cs(219,25): warning CS8632: 只能在 "#nullable" 注释上下文内的代码中使用可为 null 的引用类型的注释。 [D:\C#\VM\_BeadViewProbe\_BeadViewProbe.csproj]
D:\C#\VM\_BeadViewProbe\Program.cs(243,46): warning CS8632: 只能在 "#nullable" 注释上下文内的代码中使用可为 null 的引用类型的注释。 [D:\C#\VM\_BeadViewProbe\_BeadViewProbe.csproj]
D:\C#\VM\_BeadViewProbe\Program.cs(503,33): warning CS8632: 只能在 "#nullable" 注释上下文内的代码中使用可为 null 的引用类型的注释。 [D:\C#\VM\_BeadViewProbe\_BeadViewProbe.csproj]
D:\C#\VM\_BeadViewProbe\Program.cs(540,26): warning CS8632: 只能在 "#nullable" 注释上下文内的代码中使用可为 null 的引用类型的注释。 [D:\C#\VM\_BeadViewProbe\_BeadViewProbe.csproj]
D:\C#\VM\_BeadViewProbe\Program.cs(541,33): warning CS8632: 只能在 "#nullable" 注释上下文内的代码中使用可为 null 的引用类型的注释。 [D:\C#\VM\_BeadViewProbe\_BeadViewProbe.csproj]
D:\C#\VM\_BeadViewProbe\Program.cs(160,26): warning CS8632: 只能在 "#nullable" 注释上下文内的代码中使用可为 null 的引用类型的注释。 [D:\C#\VM\_BeadViewProbe\_BeadViewProbe.csproj]
D:\C#\VM\_BeadViewProbe\Program.cs(223,28): warning CS8632: 只能在 "#nullable" 注释上下文内的代码中使用可为 null 的引用类型的注释。 [D:\C#\VM\_BeadViewProbe\_BeadViewProbe.csproj]
D:\C#\VM\_BeadViewProbe\Program.cs(280,19): warning CS8632: 只能在 "#nullable" 注释上下文内的代码中使用可为 null 的引用类型的注释。 [D:\C#\VM\_BeadViewProbe\_BeadViewProbe.csproj]
D:\C#\VM\_BeadViewProbe\Program.cs(457,29): warning CS8632: 只能在 "#nullable" 注释上下文内的代码中使用可为 null 的引用类型的注释。 [D:\C#\VM\_BeadViewProbe\_BeadViewProbe.csproj]
    9 个警告
    0 个错误

已用时间 00:00:01.22
