  正在确定要还原的项目…
  所有项目均是最新的，无法还原。
  Core.PluginGenerators -> D:\C#\VM\Shard\Core.PluginGenerators\bin\Debug\netstandard2.0\Core.PluginGenerators.dll
  Core.Interfaces -> D:\C#\VM\Shard\Core.Interfaces\bin\Debug\net9.0\Core.Interfaces.dll
  VM.Scada -> D:\C#\VM\Scada\bin\Debug\net9.0\VM.Scada.dll
  Core.Halcon -> D:\C#\VM\Services\Core.Halcon\bin\Debug\net9.0-windows\Core.Halcon.dll
  Core.Controls -> D:\C#\VM\Shard\Core.Controls\bin\Debug\net9.0-windows\Core.Controls.dll
  VM.Core -> D:\C#\VM\Core\bin\Debug\net9.0-windows\VM.Core.dll
  UI -> D:\C#\VM\UI\Controls\bin\Debug\net9.0-windows\UI.dll
D:\C#\VM\Plugins\Plugin.Calibration\CalibrationPlugin.cs(1140,57): warning CS8601: 可能的 null 引用赋值。 [D:\C#\VM\Plugins\Plugin.Calibration\Plugin.Calibration_fex0mfjr_wpftmp.csproj::TargetFramework=net9.0-windows]
D:\C#\VM\Plugins\Plugin.Calibration\CalibrationPlugin.cs(1140,68): warning CS8601: 可能的 null 引用赋值。 [D:\C#\VM\Plugins\Plugin.Calibration\Plugin.Calibration_fex0mfjr_wpftmp.csproj::TargetFramework=net9.0-windows]
D:\C#\VM\Plugins\Plugin.Calibration\CalibrationPlugin.cs(1250,49): warning CS8604: “bool CalibrationMath.IsUsableMatrix(double[] matrix)”中的形参“matrix”可能传入 null 引用实参。 [D:\C#\VM\Plugins\Plugin.Calibration\Plugin.Calibration_fex0mfjr_wpftmp.csproj::TargetFramework=net9.0-windows]
D:\C#\VM\Plugins\Plugin.Calibration\CalibrationPlugin.cs(1140,57): warning CS8601: 可能的 null 引用赋值。 [D:\C#\VM\Plugins\Plugin.Calibration\Plugin.Calibration.csproj::TargetFramework=net9.0-windows]
D:\C#\VM\Plugins\Plugin.Calibration\CalibrationPlugin.cs(1140,68): warning CS8601: 可能的 null 引用赋值。 [D:\C#\VM\Plugins\Plugin.Calibration\Plugin.Calibration.csproj::TargetFramework=net9.0-windows]
D:\C#\VM\Plugins\Plugin.Calibration\CalibrationPlugin.cs(1250,49): warning CS8604: “bool CalibrationMath.IsUsableMatrix(double[] matrix)”中的形参“matrix”可能传入 null 引用实参。 [D:\C#\VM\Plugins\Plugin.Calibration\Plugin.Calibration.csproj::TargetFramework=net9.0-windows]
  Plugin.Calibration -> D:\C#\VM\Plugins\Plugin.Calibration\bin\Debug\net9.0-windows\Plugin.Calibration.dll

已成功生成。

D:\C#\VM\Plugins\Plugin.Calibration\CalibrationPlugin.cs(1140,57): warning CS8601: 可能的 null 引用赋值。 [D:\C#\VM\Plugins\Plugin.Calibration\Plugin.Calibration_fex0mfjr_wpftmp.csproj::TargetFramework=net9.0-windows]
D:\C#\VM\Plugins\Plugin.Calibration\CalibrationPlugin.cs(1140,68): warning CS8601: 可能的 null 引用赋值。 [D:\C#\VM\Plugins\Plugin.Calibration\Plugin.Calibration_fex0mfjr_wpftmp.csproj::TargetFramework=net9.0-windows]
D:\C#\VM\Plugins\Plugin.Calibration\CalibrationPlugin.cs(1250,49): warning CS8604: “bool CalibrationMath.IsUsableMatrix(double[] matrix)”中的形参“matrix”可能传入 null 引用实参。 [D:\C#\VM\Plugins\Plugin.Calibration\Plugin.Calibration_fex0mfjr_wpftmp.csproj::TargetFramework=net9.0-windows]
D:\C#\VM\Plugins\Plugin.Calibration\CalibrationPlugin.cs(1140,57): warning CS8601: 可能的 null 引用赋值。 [D:\C#\VM\Plugins\Plugin.Calibration\Plugin.Calibration.csproj::TargetFramework=net9.0-windows]
D:\C#\VM\Plugins\Plugin.Calibration\CalibrationPlugin.cs(1140,68): warning CS8601: 可能的 null 引用赋值。 [D:\C#\VM\Plugins\Plugin.Calibration\Plugin.Calibration.csproj::TargetFramework=net9.0-windows]
D:\C#\VM\Plugins\Plugin.Calibration\CalibrationPlugin.cs(1250,49): warning CS8604: “bool CalibrationMath.IsUsableMatrix(double[] matrix)”中的形参“matrix”可能传入 null 引用实参。 [D:\C#\VM\Plugins\Plugin.Calibration\Plugin.Calibration.csproj::TargetFramework=net9.0-windows]
    6 个警告
    0 个错误

已用时间 00:00:01.99
