D:\C#\VM\Engine\FlowSessionFactory.cs(36,31): warning CS8625: 无法将 null 字面量转换为非 null 的引用类型。 [D:\C#\VM\Engine\VM.FlowEngine.csproj]
D:\C#\VM\Engine\FlowTimerScheduler.cs(67,42): warning CS8625: 无法将 null 字面量转换为非 null 的引用类型。 [D:\C#\VM\Engine\VM.FlowEngine.csproj]
D:\C#\VM\Engine\PluginTestRunner.cs(55,39): warning CS8625: 无法将 null 字面量转换为非 null 的引用类型。 [D:\C#\VM\Engine\VM.FlowEngine.csproj]
D:\C#\VM\Engine\PluginTestRunner.cs(56,39): warning CS8625: 无法将 null 字面量转换为非 null 的引用类型。 [D:\C#\VM\Engine\VM.FlowEngine.csproj]
D:\C#\VM\Engine\PluginTestRunner.cs(57,40): warning CS8625: 无法将 null 字面量转换为非 null 的引用类型。 [D:\C#\VM\Engine\VM.FlowEngine.csproj]
D:\C#\VM\Engine\FlowEngineService.cs(119,39): warning CS8625: 无法将 null 字面量转换为非 null 的引用类型。 [D:\C#\VM\Engine\VM.FlowEngine.csproj]
D:\C#\VM\Engine\ResourceLockService.cs(50,102): warning CS8625: 无法将 null 字面量转换为非 null 的引用类型。 [D:\C#\VM\Engine\VM.FlowEngine.csproj]
D:\C#\VM\Engine\FlowEngineService.cs(208,102): warning CS8625: 无法将 null 字面量转换为非 null 的引用类型。 [D:\C#\VM\Engine\VM.FlowEngine.csproj]
D:\C#\VM\Engine\ResourceLockService.cs(58,117): warning CS8625: 无法将 null 字面量转换为非 null 的引用类型。 [D:\C#\VM\Engine\VM.FlowEngine.csproj]
D:\C#\VM\Engine\ResourceLockService.cs(79,112): warning CS8625: 无法将 null 字面量转换为非 null 的引用类型。 [D:\C#\VM\Engine\VM.FlowEngine.csproj]
D:\C#\VM\Engine\FlowEngineService.cs(172,20): warning CS8603: 可能返回 null 引用。 [D:\C#\VM\Engine\VM.FlowEngine.csproj]
D:\C#\VM\Engine\ResourceLockService.cs(81,29): warning CS8625: 无法将 null 字面量转换为非 null 的引用类型。 [D:\C#\VM\Engine\VM.FlowEngine.csproj]
D:\C#\VM\Engine\ResourceLockService.cs(120,20): warning CS8603: 可能返回 null 引用。 [D:\C#\VM\Engine\VM.FlowEngine.csproj]
D:\C#\VM\Engine\ResourceLockService.cs(138,43): warning CS8625: 无法将 null 字面量转换为非 null 的引用类型。 [D:\C#\VM\Engine\VM.FlowEngine.csproj]
D:\C#\VM\Engine\ResourceLockService.cs(157,44): warning CS8625: 无法将 null 字面量转换为非 null 的引用类型。 [D:\C#\VM\Engine\VM.FlowEngine.csproj]
D:\C#\VM\Engine\FlowTickSource.cs(280,50): warning CS8601: 可能的 null 引用赋值。 [D:\C#\VM\Engine\VM.FlowEngine.csproj]
D:\C#\VM\Engine\FlowCompiler.cs(189,24): warning CS8603: 可能返回 null 引用。 [D:\C#\VM\Engine\VM.FlowEngine.csproj]
D:\C#\VM\Engine\FlowCompiler.cs(195,20): warning CS8603: 可能返回 null 引用。 [D:\C#\VM\Engine\VM.FlowEngine.csproj]
D:\C#\VM\Engine\FlowCompiler.cs(205,20): warning CS8625: 无法将 null 字面量转换为非 null 的引用类型。 [D:\C#\VM\Engine\VM.FlowEngine.csproj]
D:\C#\VM\Engine\FlowTickSource.cs(320,22): warning CS8625: 无法将 null 字面量转换为非 null 的引用类型。 [D:\C#\VM\Engine\VM.FlowEngine.csproj]
D:\C#\VM\Engine\FlowTickSource.cs(321,21): warning CS8625: 无法将 null 字面量转换为非 null 的引用类型。 [D:\C#\VM\Engine\VM.FlowEngine.csproj]
D:\C#\VM\Engine\FlowTickSource.cs(341,22): warning CS8625: 无法将 null 字面量转换为非 null 的引用类型。 [D:\C#\VM\Engine\VM.FlowEngine.csproj]
D:\C#\VM\Engine\FlowTickSource.cs(342,21): warning CS8625: 无法将 null 字面量转换为非 null 的引用类型。 [D:\C#\VM\Engine\VM.FlowEngine.csproj]
D:\C#\VM\Engine\FlowTimerScheduler.cs(87,41): warning CS8622: “void FlowTimerScheduler.OnWorkspacePropertyChanged(object sender, PropertyChangedEventArgs e)”的参数“sender”类型中引用类型的为 Null 性与目标委托“PropertyChangedEventHandler”不匹配(可能是由于为 Null 性特性)。 [D:\C#\VM\Engine\VM.FlowEngine.csproj]
D:\C#\VM\Engine\FlowTimerScheduler.cs(99,31): warning CS8625: 无法将 null 字面量转换为非 null 的引用类型。 [D:\C#\VM\Engine\VM.FlowEngine.csproj]
D:\C#\VM\Engine\FlowVariableTriggerService.cs(63,48): warning CS8622: “void FlowVariableTriggerService.OnVariablesCollectionChanged(object sender, NotifyCollectionChangedEventArgs e)”的参数“sender”类型中引用类型的为 Null 性与目标委托“NotifyCollectionChangedEventHandler”不匹配(可能是由于为 Null 性特性)。 [D:\C#\VM\Engine\VM.FlowEngine.csproj]
D:\C#\VM\Engine\FlowSessionFactory.cs(38,23): warning CS8625: 无法将 null 字面量转换为非 null 的引用类型。 [D:\C#\VM\Engine\VM.FlowEngine.csproj]
D:\C#\VM\Engine\FlowSessionFactory.cs(39,21): warning CS8625: 无法将 null 字面量转换为非 null 的引用类型。 [D:\C#\VM\Engine\VM.FlowEngine.csproj]
D:\C#\VM\Engine\FlowTimerScheduler.cs(108,41): warning CS8622: “void FlowTimerScheduler.OnWorkspacePropertyChanged(object sender, PropertyChangedEventArgs e)”的参数“sender”类型中引用类型的为 Null 性与目标委托“PropertyChangedEventHandler”不匹配(可能是由于为 Null 性特性)。 [D:\C#\VM\Engine\VM.FlowEngine.csproj]
D:\C#\VM\Engine\FlowTimerScheduler.cs(110,51): warning CS8601: 可能的 null 引用赋值。 [D:\C#\VM\Engine\VM.FlowEngine.csproj]
D:\C#\VM\Engine\FlowVariableTriggerService.cs(74,67): warning CS8622: “void FlowVariableTriggerService.OnVariablesCollectionChanged(object sender, NotifyCollectionChangedEventArgs e)”的参数“sender”类型中引用类型的为 Null 性与目标委托“NotifyCollectionChangedEventHandler”不匹配(可能是由于为 Null 性特性)。 [D:\C#\VM\Engine\VM.FlowEngine.csproj]
D:\C#\VM\Engine\FlowVariableTriggerService.cs(78,63): warning CS8622: “void FlowVariableTriggerService.OnVariableValueChanged(object sender, EventArgs e)”的参数“sender”类型中引用类型的为 Null 性与目标委托“EventHandler”不匹配(可能是由于为 Null 性特性)。 [D:\C#\VM\Engine\VM.FlowEngine.csproj]
D:\C#\VM\Engine\PluginTestRunner.cs(60,28): warning CS8625: 无法将 null 字面量转换为非 null 的引用类型。 [D:\C#\VM\Engine\VM.FlowEngine.csproj]
D:\C#\VM\Engine\FlowVariableTriggerService.cs(89,63): warning CS8622: “void FlowVariableTriggerService.OnVariableValueChanged(object sender, EventArgs e)”的参数“sender”类型中引用类型的为 Null 性与目标委托“EventHandler”不匹配(可能是由于为 Null 性特性)。 [D:\C#\VM\Engine\VM.FlowEngine.csproj]
D:\C#\VM\Engine\IRuntimeManager.cs(157,39): warning CS8604: “void RuntimeManager.StopSessionGracefully(FlowSession session, int timeoutMs = 3000)”中的形参“session”可能传入 null 引用实参。 [D:\C#\VM\Engine\VM.FlowEngine.csproj]
D:\C#\VM\Engine\FlowVariableTriggerService.cs(108,39): warning CS8622: “void FlowVariableTriggerService.OnVariableValueChanged(object sender, EventArgs e)”的参数“sender”类型中引用类型的为 Null 性与目标委托“EventHandler”不匹配(可能是由于为 Null 性特性)。 [D:\C#\VM\Engine\VM.FlowEngine.csproj]
D:\C#\VM\Engine\FlowVariableTriggerService.cs(112,85): warning CS8604: “void FlowVariableTriggerService.Evaluate(IVariable variable)”中的形参“variable”可能传入 null 引用实参。 [D:\C#\VM\Engine\VM.FlowEngine.csproj]
D:\C#\VM\Engine\FlowTimerScheduler.cs(157,40): warning CS8604: “void FlowAutoRunner.RunOnce(IWorkspaceManager workspace, IRuntimeManager runtime, IFlowEngine engine, FlowCompiler compiler, ILogService log, FlowModel flow, string reason)”中的形参“workspace”可能传入 null 引用实参。 [D:\C#\VM\Engine\VM.FlowEngine.csproj]
D:\C#\VM\Engine\PluginProvider.cs(84,24): warning CS8603: 可能返回 null 引用。 [D:\C#\VM\Engine\VM.FlowEngine.csproj]
D:\C#\VM\Engine\PluginTestRunner.cs(238,47): warning CS8625: 无法将 null 字面量转换为非 null 的引用类型。 [D:\C#\VM\Engine\VM.FlowEngine.csproj]
D:\C#\VM\Engine\IRuntimeManager.cs(199,24): warning CS8603: 可能返回 null 引用。 [D:\C#\VM\Engine\VM.FlowEngine.csproj]
D:\C#\VM\Engine\FlowQueryHelper.cs(74,44): warning CS8601: 可能的 null 引用赋值。 [D:\C#\VM\Engine\VM.FlowEngine.csproj]
D:\C#\VM\Engine\FlowQueryHelper.cs(122,44): warning CS8601: 可能的 null 引用赋值。 [D:\C#\VM\Engine\VM.FlowEngine.csproj]
D:\C#\VM\Engine\IRuntimeManager.cs(211,24): warning CS8603: 可能返回 null 引用。 [D:\C#\VM\Engine\VM.FlowEngine.csproj]
D:\C#\VM\Engine\PluginProvider.cs(149,24): warning CS8603: 可能返回 null 引用。 [D:\C#\VM\Engine\VM.FlowEngine.csproj]
D:\C#\VM\Engine\PluginProvider.cs(165,24): warning CS8603: 可能返回 null 引用。 [D:\C#\VM\Engine\VM.FlowEngine.csproj]
D:\C#\VM\Engine\FlowTickSource.cs(89,30): warning CS8625: 无法将 null 字面量转换为非 null 的引用类型。 [D:\C#\VM\Engine\VM.FlowEngine.csproj]
D:\C#\VM\Engine\FlowQueryHelper.cs(178,36): warning CS8601: 可能的 null 引用赋值。 [D:\C#\VM\Engine\VM.FlowEngine.csproj]
D:\C#\VM\Engine\FlowVariableTriggerService.cs(168,40): warning CS8604: “void FlowAutoRunner.RunOnce(IWorkspaceManager workspace, IRuntimeManager runtime, IFlowEngine engine, FlowCompiler compiler, ILogService log, FlowModel flow, string reason)”中的形参“workspace”可能传入 null 引用实参。 [D:\C#\VM\Engine\VM.FlowEngine.csproj]
D:\C#\VM\Engine\FlowTickSource.cs(154,26): warning CS8625: 无法将 null 字面量转换为非 null 的引用类型。 [D:\C#\VM\Engine\VM.FlowEngine.csproj]
D:\C#\VM\Engine\FlowTickSource.cs(155,23): warning CS8625: 无法将 null 字面量转换为非 null 的引用类型。 [D:\C#\VM\Engine\VM.FlowEngine.csproj]
D:\C#\VM\Engine\FlowQueryHelper.cs(204,28): warning CS8625: 无法将 null 字面量转换为非 null 的引用类型。 [D:\C#\VM\Engine\VM.FlowEngine.csproj]
D:\C#\VM\Engine\FlowEngineService.cs(428,43): warning CS8625: 无法将 null 字面量转换为非 null 的引用类型。 [D:\C#\VM\Engine\VM.FlowEngine.csproj]
D:\C#\VM\Engine\FlowEngineService.cs(444,55): warning CS8625: 无法将 null 字面量转换为非 null 的引用类型。 [D:\C#\VM\Engine\VM.FlowEngine.csproj]
D:\C#\VM\Engine\FlowInvoker.cs(143,39): warning CS8603: 可能返回 null 引用。 [D:\C#\VM\Engine\VM.FlowEngine.csproj]
D:\C#\VM\Engine\FlowInvoker.cs(147,20): warning CS8603: 可能返回 null 引用。 [D:\C#\VM\Engine\VM.FlowEngine.csproj]
D:\C#\VM\Engine\FlowTickSource.cs(230,29): warning CS8625: 无法将 null 字面量转换为非 null 的引用类型。 [D:\C#\VM\Engine\VM.FlowEngine.csproj]
D:\C#\VM\Engine\FlowTickSource.cs(249,25): warning CS8625: 无法将 null 字面量转换为非 null 的引用类型。 [D:\C#\VM\Engine\VM.FlowEngine.csproj]
D:\C#\VM\Engine\FlowEngineService.cs(590,43): warning CS8625: 无法将 null 字面量转换为非 null 的引用类型。 [D:\C#\VM\Engine\VM.FlowEngine.csproj]
D:\C#\VM\Engine\FlowEngineService.cs(606,55): warning CS8625: 无法将 null 字面量转换为非 null 的引用类型。 [D:\C#\VM\Engine\VM.FlowEngine.csproj]
D:\C#\VM\Engine\PluginService.cs(228,32): warning CS8601: 可能的 null 引用赋值。 [D:\C#\VM\Engine\VM.FlowEngine.csproj]
D:\C#\VM\Engine\PluginService.cs(229,35): warning CS8601: 可能的 null 引用赋值。 [D:\C#\VM\Engine\VM.FlowEngine.csproj]
D:\C#\VM\Engine\PluginService.cs(230,28): warning CS8601: 可能的 null 引用赋值。 [D:\C#\VM\Engine\VM.FlowEngine.csproj]
D:\C#\VM\Engine\PluginService.cs(231,28): warning CS8601: 可能的 null 引用赋值。 [D:\C#\VM\Engine\VM.FlowEngine.csproj]
D:\C#\VM\Engine\PluginService.cs(232,38): warning CS8601: 可能的 null 引用赋值。 [D:\C#\VM\Engine\VM.FlowEngine.csproj]
D:\C#\VM\Engine\PluginService.cs(248,52): warning CS8601: 可能的 null 引用赋值。 [D:\C#\VM\Engine\VM.FlowEngine.csproj]
D:\C#\VM\Engine\PluginService.cs(265,48): warning CS8601: 可能的 null 引用赋值。 [D:\C#\VM\Engine\VM.FlowEngine.csproj]
D:\C#\VM\Engine\PluginService.cs(286,50): warning CS8604: “void IPluginProvider.RegisterModule(ToolItemModel plugin)”中的形参“plugin”可能传入 null 引用实参。 [D:\C#\VM\Engine\VM.FlowEngine.csproj]
D:\C#\VM\Engine\PluginService.cs(327,32): warning CS8601: 可能的 null 引用赋值。 [D:\C#\VM\Engine\VM.FlowEngine.csproj]
D:\C#\VM\Engine\PluginService.cs(328,35): warning CS8601: 可能的 null 引用赋值。 [D:\C#\VM\Engine\VM.FlowEngine.csproj]
D:\C#\VM\Engine\PluginService.cs(329,28): warning CS8601: 可能的 null 引用赋值。 [D:\C#\VM\Engine\VM.FlowEngine.csproj]
D:\C#\VM\Engine\PluginService.cs(330,28): warning CS8601: 可能的 null 引用赋值。 [D:\C#\VM\Engine\VM.FlowEngine.csproj]
D:\C#\VM\Engine\PluginService.cs(331,38): warning CS8601: 可能的 null 引用赋值。 [D:\C#\VM\Engine\VM.FlowEngine.csproj]
D:\C#\VM\Engine\PluginService.cs(368,32): warning CS8601: 可能的 null 引用赋值。 [D:\C#\VM\Engine\VM.FlowEngine.csproj]
D:\C#\VM\Engine\PluginService.cs(369,35): warning CS8601: 可能的 null 引用赋值。 [D:\C#\VM\Engine\VM.FlowEngine.csproj]
D:\C#\VM\Engine\PluginService.cs(370,28): warning CS8601: 可能的 null 引用赋值。 [D:\C#\VM\Engine\VM.FlowEngine.csproj]
D:\C#\VM\Engine\PluginService.cs(371,28): warning CS8601: 可能的 null 引用赋值。 [D:\C#\VM\Engine\VM.FlowEngine.csproj]
D:\C#\VM\Engine\PluginService.cs(372,38): warning CS8601: 可能的 null 引用赋值。 [D:\C#\VM\Engine\VM.FlowEngine.csproj]
D:\C#\VM\Engine\FlowCompiler.cs(426,42): warning CS8600: 将 null 文本或可能的 null 值转换为不可为 null 类型。 [D:\C#\VM\Engine\VM.FlowEngine.csproj]
D:\C#\VM\Engine\FlowCompiler.cs(427,44): warning CS8600: 将 null 文本或可能的 null 值转换为不可为 null 类型。 [D:\C#\VM\Engine\VM.FlowEngine.csproj]
D:\C#\VM\Engine\FlowCompiler.cs(428,44): warning CS8600: 将 null 文本或可能的 null 值转换为不可为 null 类型。 [D:\C#\VM\Engine\VM.FlowEngine.csproj]
D:\C#\VM\Engine\FlowCompiler.cs(434,41): warning CS8600: 将 null 文本或可能的 null 值转换为不可为 null 类型。 [D:\C#\VM\Engine\VM.FlowEngine.csproj]
D:\C#\VM\Engine\FlowCompiler.cs(454,45): warning CS8600: 将 null 文本或可能的 null 值转换为不可为 null 类型。 [D:\C#\VM\Engine\VM.FlowEngine.csproj]
D:\C#\VM\Engine\FlowCompiler.cs(479,52): warning CS8600: 将 null 文本或可能的 null 值转换为不可为 null 类型。 [D:\C#\VM\Engine\VM.FlowEngine.csproj]
D:\C#\VM\Engine\FlowCompiler.cs(482,46): warning CS8600: 将 null 文本或可能的 null 值转换为不可为 null 类型。 [D:\C#\VM\Engine\VM.FlowEngine.csproj]
D:\C#\VM\Engine\FlowCompiler.cs(610,51): warning CS8601: 可能的 null 引用赋值。 [D:\C#\VM\Engine\VM.FlowEngine.csproj]
D:\C#\VM\Engine\FlowCompiler.cs(616,52): warning CS8601: 可能的 null 引用赋值。 [D:\C#\VM\Engine\VM.FlowEngine.csproj]
D:\C#\VM\Engine\FlowCompiler.cs(739,44): warning CS8600: 将 null 文本或可能的 null 值转换为不可为 null 类型。 [D:\C#\VM\Engine\VM.FlowEngine.csproj]
D:\C#\VM\Engine\FlowCompiler.cs(742,37): warning CS8600: 将 null 文本或可能的 null 值转换为不可为 null 类型。 [D:\C#\VM\Engine\VM.FlowEngine.csproj]
D:\C#\VM\Engine\FlowCompiler.cs(746,34): warning CS8600: 将 null 文本或可能的 null 值转换为不可为 null 类型。 [D:\C#\VM\Engine\VM.FlowEngine.csproj]
D:\C#\VM\Engine\FlowCompiler.cs(747,25): warning CS8602: 解引用可能出现空引用。 [D:\C#\VM\Engine\VM.FlowEngine.csproj]
D:\C#\VM\Engine\FlowCompiler.cs(857,46): warning CS8600: 将 null 文本或可能的 null 值转换为不可为 null 类型。 [D:\C#\VM\Engine\VM.FlowEngine.csproj]
D:\C#\VM\Engine\FlowCompiler.cs(941,34): warning CS8600: 将 null 文本或可能的 null 值转换为不可为 null 类型。 [D:\C#\VM\Engine\VM.FlowEngine.csproj]
D:\C#\VM\Engine\FlowCompiler.cs(994,85): warning CS8600: 将 null 文本或可能的 null 值转换为不可为 null 类型。 [D:\C#\VM\Engine\VM.FlowEngine.csproj]
D:\C#\VM\Engine\FlowCompiler.cs(1228,31): warning CS8600: 将 null 文本或可能的 null 值转换为不可为 null 类型。 [D:\C#\VM\Engine\VM.FlowEngine.csproj]
D:\C#\VM\Engine\FlowCompiler.cs(1339,32): warning CS8603: 可能返回 null 引用。 [D:\C#\VM\Engine\VM.FlowEngine.csproj]
D:\C#\VM\Engine\FlowCompiler.cs(1343,20): warning CS8603: 可能返回 null 引用。 [D:\C#\VM\Engine\VM.FlowEngine.csproj]

已成功生成。

D:\C#\VM\Engine\FlowSessionFactory.cs(36,31): warning CS8625: 无法将 null 字面量转换为非 null 的引用类型。 [D:\C#\VM\Engine\VM.FlowEngine.csproj]
D:\C#\VM\Engine\FlowTimerScheduler.cs(67,42): warning CS8625: 无法将 null 字面量转换为非 null 的引用类型。 [D:\C#\VM\Engine\VM.FlowEngine.csproj]
D:\C#\VM\Engine\PluginTestRunner.cs(55,39): warning CS8625: 无法将 null 字面量转换为非 null 的引用类型。 [D:\C#\VM\Engine\VM.FlowEngine.csproj]
D:\C#\VM\Engine\PluginTestRunner.cs(56,39): warning CS8625: 无法将 null 字面量转换为非 null 的引用类型。 [D:\C#\VM\Engine\VM.FlowEngine.csproj]
D:\C#\VM\Engine\PluginTestRunner.cs(57,40): warning CS8625: 无法将 null 字面量转换为非 null 的引用类型。 [D:\C#\VM\Engine\VM.FlowEngine.csproj]
D:\C#\VM\Engine\FlowEngineService.cs(119,39): warning CS8625: 无法将 null 字面量转换为非 null 的引用类型。 [D:\C#\VM\Engine\VM.FlowEngine.csproj]
D:\C#\VM\Engine\ResourceLockService.cs(50,102): warning CS8625: 无法将 null 字面量转换为非 null 的引用类型。 [D:\C#\VM\Engine\VM.FlowEngine.csproj]
D:\C#\VM\Engine\FlowEngineService.cs(208,102): warning CS8625: 无法将 null 字面量转换为非 null 的引用类型。 [D:\C#\VM\Engine\VM.FlowEngine.csproj]
D:\C#\VM\Engine\ResourceLockService.cs(58,117): warning CS8625: 无法将 null 字面量转换为非 null 的引用类型。 [D:\C#\VM\Engine\VM.FlowEngine.csproj]
D:\C#\VM\Engine\ResourceLockService.cs(79,112): warning CS8625: 无法将 null 字面量转换为非 null 的引用类型。 [D:\C#\VM\Engine\VM.FlowEngine.csproj]
D:\C#\VM\Engine\FlowEngineService.cs(172,20): warning CS8603: 可能返回 null 引用。 [D:\C#\VM\Engine\VM.FlowEngine.csproj]
D:\C#\VM\Engine\ResourceLockService.cs(81,29): warning CS8625: 无法将 null 字面量转换为非 null 的引用类型。 [D:\C#\VM\Engine\VM.FlowEngine.csproj]
D:\C#\VM\Engine\ResourceLockService.cs(120,20): warning CS8603: 可能返回 null 引用。 [D:\C#\VM\Engine\VM.FlowEngine.csproj]
D:\C#\VM\Engine\ResourceLockService.cs(138,43): warning CS8625: 无法将 null 字面量转换为非 null 的引用类型。 [D:\C#\VM\Engine\VM.FlowEngine.csproj]
D:\C#\VM\Engine\ResourceLockService.cs(157,44): warning CS8625: 无法将 null 字面量转换为非 null 的引用类型。 [D:\C#\VM\Engine\VM.FlowEngine.csproj]
D:\C#\VM\Engine\FlowTickSource.cs(280,50): warning CS8601: 可能的 null 引用赋值。 [D:\C#\VM\Engine\VM.FlowEngine.csproj]
D:\C#\VM\Engine\FlowCompiler.cs(189,24): warning CS8603: 可能返回 null 引用。 [D:\C#\VM\Engine\VM.FlowEngine.csproj]
D:\C#\VM\Engine\FlowCompiler.cs(195,20): warning CS8603: 可能返回 null 引用。 [D:\C#\VM\Engine\VM.FlowEngine.csproj]
D:\C#\VM\Engine\FlowCompiler.cs(205,20): warning CS8625: 无法将 null 字面量转换为非 null 的引用类型。 [D:\C#\VM\Engine\VM.FlowEngine.csproj]
D:\C#\VM\Engine\FlowTickSource.cs(320,22): warning CS8625: 无法将 null 字面量转换为非 null 的引用类型。 [D:\C#\VM\Engine\VM.FlowEngine.csproj]
D:\C#\VM\Engine\FlowTickSource.cs(321,21): warning CS8625: 无法将 null 字面量转换为非 null 的引用类型。 [D:\C#\VM\Engine\VM.FlowEngine.csproj]
D:\C#\VM\Engine\FlowTickSource.cs(341,22): warning CS8625: 无法将 null 字面量转换为非 null 的引用类型。 [D:\C#\VM\Engine\VM.FlowEngine.csproj]
D:\C#\VM\Engine\FlowTickSource.cs(342,21): warning CS8625: 无法将 null 字面量转换为非 null 的引用类型。 [D:\C#\VM\Engine\VM.FlowEngine.csproj]
D:\C#\VM\Engine\FlowTimerScheduler.cs(87,41): warning CS8622: “void FlowTimerScheduler.OnWorkspacePropertyChanged(object sender, PropertyChangedEventArgs e)”的参数“sender”类型中引用类型的为 Null 性与目标委托“PropertyChangedEventHandler”不匹配(可能是由于为 Null 性特性)。 [D:\C#\VM\Engine\VM.FlowEngine.csproj]
D:\C#\VM\Engine\FlowTimerScheduler.cs(99,31): warning CS8625: 无法将 null 字面量转换为非 null 的引用类型。 [D:\C#\VM\Engine\VM.FlowEngine.csproj]
D:\C#\VM\Engine\FlowVariableTriggerService.cs(63,48): warning CS8622: “void FlowVariableTriggerService.OnVariablesCollectionChanged(object sender, NotifyCollectionChangedEventArgs e)”的参数“sender”类型中引用类型的为 Null 性与目标委托“NotifyCollectionChangedEventHandler”不匹配(可能是由于为 Null 性特性)。 [D:\C#\VM\Engine\VM.FlowEngine.csproj]
D:\C#\VM\Engine\FlowSessionFactory.cs(38,23): warning CS8625: 无法将 null 字面量转换为非 null 的引用类型。 [D:\C#\VM\Engine\VM.FlowEngine.csproj]
D:\C#\VM\Engine\FlowSessionFactory.cs(39,21): warning CS8625: 无法将 null 字面量转换为非 null 的引用类型。 [D:\C#\VM\Engine\VM.FlowEngine.csproj]
D:\C#\VM\Engine\FlowTimerScheduler.cs(108,41): warning CS8622: “void FlowTimerScheduler.OnWorkspacePropertyChanged(object sender, PropertyChangedEventArgs e)”的参数“sender”类型中引用类型的为 Null 性与目标委托“PropertyChangedEventHandler”不匹配(可能是由于为 Null 性特性)。 [D:\C#\VM\Engine\VM.FlowEngine.csproj]
D:\C#\VM\Engine\FlowTimerScheduler.cs(110,51): warning CS8601: 可能的 null 引用赋值。 [D:\C#\VM\Engine\VM.FlowEngine.csproj]
D:\C#\VM\Engine\FlowVariableTriggerService.cs(74,67): warning CS8622: “void FlowVariableTriggerService.OnVariablesCollectionChanged(object sender, NotifyCollectionChangedEventArgs e)”的参数“sender”类型中引用类型的为 Null 性与目标委托“NotifyCollectionChangedEventHandler”不匹配(可能是由于为 Null 性特性)。 [D:\C#\VM\Engine\VM.FlowEngine.csproj]
D:\C#\VM\Engine\FlowVariableTriggerService.cs(78,63): warning CS8622: “void FlowVariableTriggerService.OnVariableValueChanged(object sender, EventArgs e)”的参数“sender”类型中引用类型的为 Null 性与目标委托“EventHandler”不匹配(可能是由于为 Null 性特性)。 [D:\C#\VM\Engine\VM.FlowEngine.csproj]
D:\C#\VM\Engine\PluginTestRunner.cs(60,28): warning CS8625: 无法将 null 字面量转换为非 null 的引用类型。 [D:\C#\VM\Engine\VM.FlowEngine.csproj]
D:\C#\VM\Engine\FlowVariableTriggerService.cs(89,63): warning CS8622: “void FlowVariableTriggerService.OnVariableValueChanged(object sender, EventArgs e)”的参数“sender”类型中引用类型的为 Null 性与目标委托“EventHandler”不匹配(可能是由于为 Null 性特性)。 [D:\C#\VM\Engine\VM.FlowEngine.csproj]
D:\C#\VM\Engine\IRuntimeManager.cs(157,39): warning CS8604: “void RuntimeManager.StopSessionGracefully(FlowSession session, int timeoutMs = 3000)”中的形参“session”可能传入 null 引用实参。 [D:\C#\VM\Engine\VM.FlowEngine.csproj]
D:\C#\VM\Engine\FlowVariableTriggerService.cs(108,39): warning CS8622: “void FlowVariableTriggerService.OnVariableValueChanged(object sender, EventArgs e)”的参数“sender”类型中引用类型的为 Null 性与目标委托“EventHandler”不匹配(可能是由于为 Null 性特性)。 [D:\C#\VM\Engine\VM.FlowEngine.csproj]
D:\C#\VM\Engine\FlowVariableTriggerService.cs(112,85): warning CS8604: “void FlowVariableTriggerService.Evaluate(IVariable variable)”中的形参“variable”可能传入 null 引用实参。 [D:\C#\VM\Engine\VM.FlowEngine.csproj]
D:\C#\VM\Engine\FlowTimerScheduler.cs(157,40): warning CS8604: “void FlowAutoRunner.RunOnce(IWorkspaceManager workspace, IRuntimeManager runtime, IFlowEngine engine, FlowCompiler compiler, ILogService log, FlowModel flow, string reason)”中的形参“workspace”可能传入 null 引用实参。 [D:\C#\VM\Engine\VM.FlowEngine.csproj]
D:\C#\VM\Engine\PluginProvider.cs(84,24): warning CS8603: 可能返回 null 引用。 [D:\C#\VM\Engine\VM.FlowEngine.csproj]
D:\C#\VM\Engine\PluginTestRunner.cs(238,47): warning CS8625: 无法将 null 字面量转换为非 null 的引用类型。 [D:\C#\VM\Engine\VM.FlowEngine.csproj]
D:\C#\VM\Engine\IRuntimeManager.cs(199,24): warning CS8603: 可能返回 null 引用。 [D:\C#\VM\Engine\VM.FlowEngine.csproj]
D:\C#\VM\Engine\FlowQueryHelper.cs(74,44): warning CS8601: 可能的 null 引用赋值。 [D:\C#\VM\Engine\VM.FlowEngine.csproj]
D:\C#\VM\Engine\FlowQueryHelper.cs(122,44): warning CS8601: 可能的 null 引用赋值。 [D:\C#\VM\Engine\VM.FlowEngine.csproj]
D:\C#\VM\Engine\IRuntimeManager.cs(211,24): warning CS8603: 可能返回 null 引用。 [D:\C#\VM\Engine\VM.FlowEngine.csproj]
D:\C#\VM\Engine\PluginProvider.cs(149,24): warning CS8603: 可能返回 null 引用。 [D:\C#\VM\Engine\VM.FlowEngine.csproj]
D:\C#\VM\Engine\PluginProvider.cs(165,24): warning CS8603: 可能返回 null 引用。 [D:\C#\VM\Engine\VM.FlowEngine.csproj]
D:\C#\VM\Engine\FlowTickSource.cs(89,30): warning CS8625: 无法将 null 字面量转换为非 null 的引用类型。 [D:\C#\VM\Engine\VM.FlowEngine.csproj]
D:\C#\VM\Engine\FlowQueryHelper.cs(178,36): warning CS8601: 可能的 null 引用赋值。 [D:\C#\VM\Engine\VM.FlowEngine.csproj]
D:\C#\VM\Engine\FlowVariableTriggerService.cs(168,40): warning CS8604: “void FlowAutoRunner.RunOnce(IWorkspaceManager workspace, IRuntimeManager runtime, IFlowEngine engine, FlowCompiler compiler, ILogService log, FlowModel flow, string reason)”中的形参“workspace”可能传入 null 引用实参。 [D:\C#\VM\Engine\VM.FlowEngine.csproj]
D:\C#\VM\Engine\FlowTickSource.cs(154,26): warning CS8625: 无法将 null 字面量转换为非 null 的引用类型。 [D:\C#\VM\Engine\VM.FlowEngine.csproj]
D:\C#\VM\Engine\FlowTickSource.cs(155,23): warning CS8625: 无法将 null 字面量转换为非 null 的引用类型。 [D:\C#\VM\Engine\VM.FlowEngine.csproj]
D:\C#\VM\Engine\FlowQueryHelper.cs(204,28): warning CS8625: 无法将 null 字面量转换为非 null 的引用类型。 [D:\C#\VM\Engine\VM.FlowEngine.csproj]
D:\C#\VM\Engine\FlowEngineService.cs(428,43): warning CS8625: 无法将 null 字面量转换为非 null 的引用类型。 [D:\C#\VM\Engine\VM.FlowEngine.csproj]
D:\C#\VM\Engine\FlowEngineService.cs(444,55): warning CS8625: 无法将 null 字面量转换为非 null 的引用类型。 [D:\C#\VM\Engine\VM.FlowEngine.csproj]
D:\C#\VM\Engine\FlowInvoker.cs(143,39): warning CS8603: 可能返回 null 引用。 [D:\C#\VM\Engine\VM.FlowEngine.csproj]
D:\C#\VM\Engine\FlowInvoker.cs(147,20): warning CS8603: 可能返回 null 引用。 [D:\C#\VM\Engine\VM.FlowEngine.csproj]
D:\C#\VM\Engine\FlowTickSource.cs(230,29): warning CS8625: 无法将 null 字面量转换为非 null 的引用类型。 [D:\C#\VM\Engine\VM.FlowEngine.csproj]
D:\C#\VM\Engine\FlowTickSource.cs(249,25): warning CS8625: 无法将 null 字面量转换为非 null 的引用类型。 [D:\C#\VM\Engine\VM.FlowEngine.csproj]
D:\C#\VM\Engine\FlowEngineService.cs(590,43): warning CS8625: 无法将 null 字面量转换为非 null 的引用类型。 [D:\C#\VM\Engine\VM.FlowEngine.csproj]
D:\C#\VM\Engine\FlowEngineService.cs(606,55): warning CS8625: 无法将 null 字面量转换为非 null 的引用类型。 [D:\C#\VM\Engine\VM.FlowEngine.csproj]
D:\C#\VM\Engine\PluginService.cs(228,32): warning CS8601: 可能的 null 引用赋值。 [D:\C#\VM\Engine\VM.FlowEngine.csproj]
D:\C#\VM\Engine\PluginService.cs(229,35): warning CS8601: 可能的 null 引用赋值。 [D:\C#\VM\Engine\VM.FlowEngine.csproj]
D:\C#\VM\Engine\PluginService.cs(230,28): warning CS8601: 可能的 null 引用赋值。 [D:\C#\VM\Engine\VM.FlowEngine.csproj]
D:\C#\VM\Engine\PluginService.cs(231,28): warning CS8601: 可能的 null 引用赋值。 [D:\C#\VM\Engine\VM.FlowEngine.csproj]
D:\C#\VM\Engine\PluginService.cs(232,38): warning CS8601: 可能的 null 引用赋值。 [D:\C#\VM\Engine\VM.FlowEngine.csproj]
D:\C#\VM\Engine\PluginService.cs(248,52): warning CS8601: 可能的 null 引用赋值。 [D:\C#\VM\Engine\VM.FlowEngine.csproj]
D:\C#\VM\Engine\PluginService.cs(265,48): warning CS8601: 可能的 null 引用赋值。 [D:\C#\VM\Engine\VM.FlowEngine.csproj]
D:\C#\VM\Engine\PluginService.cs(286,50): warning CS8604: “void IPluginProvider.RegisterModule(ToolItemModel plugin)”中的形参“plugin”可能传入 null 引用实参。 [D:\C#\VM\Engine\VM.FlowEngine.csproj]
D:\C#\VM\Engine\PluginService.cs(327,32): warning CS8601: 可能的 null 引用赋值。 [D:\C#\VM\Engine\VM.FlowEngine.csproj]
D:\C#\VM\Engine\PluginService.cs(328,35): warning CS8601: 可能的 null 引用赋值。 [D:\C#\VM\Engine\VM.FlowEngine.csproj]
D:\C#\VM\Engine\PluginService.cs(329,28): warning CS8601: 可能的 null 引用赋值。 [D:\C#\VM\Engine\VM.FlowEngine.csproj]
D:\C#\VM\Engine\PluginService.cs(330,28): warning CS8601: 可能的 null 引用赋值。 [D:\C#\VM\Engine\VM.FlowEngine.csproj]
D:\C#\VM\Engine\PluginService.cs(331,38): warning CS8601: 可能的 null 引用赋值。 [D:\C#\VM\Engine\VM.FlowEngine.csproj]
D:\C#\VM\Engine\PluginService.cs(368,32): warning CS8601: 可能的 null 引用赋值。 [D:\C#\VM\Engine\VM.FlowEngine.csproj]
D:\C#\VM\Engine\PluginService.cs(369,35): warning CS8601: 可能的 null 引用赋值。 [D:\C#\VM\Engine\VM.FlowEngine.csproj]
D:\C#\VM\Engine\PluginService.cs(370,28): warning CS8601: 可能的 null 引用赋值。 [D:\C#\VM\Engine\VM.FlowEngine.csproj]
D:\C#\VM\Engine\PluginService.cs(371,28): warning CS8601: 可能的 null 引用赋值。 [D:\C#\VM\Engine\VM.FlowEngine.csproj]
D:\C#\VM\Engine\PluginService.cs(372,38): warning CS8601: 可能的 null 引用赋值。 [D:\C#\VM\Engine\VM.FlowEngine.csproj]
D:\C#\VM\Engine\FlowCompiler.cs(426,42): warning CS8600: 将 null 文本或可能的 null 值转换为不可为 null 类型。 [D:\C#\VM\Engine\VM.FlowEngine.csproj]
D:\C#\VM\Engine\FlowCompiler.cs(427,44): warning CS8600: 将 null 文本或可能的 null 值转换为不可为 null 类型。 [D:\C#\VM\Engine\VM.FlowEngine.csproj]
D:\C#\VM\Engine\FlowCompiler.cs(428,44): warning CS8600: 将 null 文本或可能的 null 值转换为不可为 null 类型。 [D:\C#\VM\Engine\VM.FlowEngine.csproj]
D:\C#\VM\Engine\FlowCompiler.cs(434,41): warning CS8600: 将 null 文本或可能的 null 值转换为不可为 null 类型。 [D:\C#\VM\Engine\VM.FlowEngine.csproj]
D:\C#\VM\Engine\FlowCompiler.cs(454,45): warning CS8600: 将 null 文本或可能的 null 值转换为不可为 null 类型。 [D:\C#\VM\Engine\VM.FlowEngine.csproj]
D:\C#\VM\Engine\FlowCompiler.cs(479,52): warning CS8600: 将 null 文本或可能的 null 值转换为不可为 null 类型。 [D:\C#\VM\Engine\VM.FlowEngine.csproj]
D:\C#\VM\Engine\FlowCompiler.cs(482,46): warning CS8600: 将 null 文本或可能的 null 值转换为不可为 null 类型。 [D:\C#\VM\Engine\VM.FlowEngine.csproj]
D:\C#\VM\Engine\FlowCompiler.cs(610,51): warning CS8601: 可能的 null 引用赋值。 [D:\C#\VM\Engine\VM.FlowEngine.csproj]
D:\C#\VM\Engine\FlowCompiler.cs(616,52): warning CS8601: 可能的 null 引用赋值。 [D:\C#\VM\Engine\VM.FlowEngine.csproj]
D:\C#\VM\Engine\FlowCompiler.cs(739,44): warning CS8600: 将 null 文本或可能的 null 值转换为不可为 null 类型。 [D:\C#\VM\Engine\VM.FlowEngine.csproj]
D:\C#\VM\Engine\FlowCompiler.cs(742,37): warning CS8600: 将 null 文本或可能的 null 值转换为不可为 null 类型。 [D:\C#\VM\Engine\VM.FlowEngine.csproj]
D:\C#\VM\Engine\FlowCompiler.cs(746,34): warning CS8600: 将 null 文本或可能的 null 值转换为不可为 null 类型。 [D:\C#\VM\Engine\VM.FlowEngine.csproj]
D:\C#\VM\Engine\FlowCompiler.cs(747,25): warning CS8602: 解引用可能出现空引用。 [D:\C#\VM\Engine\VM.FlowEngine.csproj]
D:\C#\VM\Engine\FlowCompiler.cs(857,46): warning CS8600: 将 null 文本或可能的 null 值转换为不可为 null 类型。 [D:\C#\VM\Engine\VM.FlowEngine.csproj]
D:\C#\VM\Engine\FlowCompiler.cs(941,34): warning CS8600: 将 null 文本或可能的 null 值转换为不可为 null 类型。 [D:\C#\VM\Engine\VM.FlowEngine.csproj]
D:\C#\VM\Engine\FlowCompiler.cs(994,85): warning CS8600: 将 null 文本或可能的 null 值转换为不可为 null 类型。 [D:\C#\VM\Engine\VM.FlowEngine.csproj]
D:\C#\VM\Engine\FlowCompiler.cs(1228,31): warning CS8600: 将 null 文本或可能的 null 值转换为不可为 null 类型。 [D:\C#\VM\Engine\VM.FlowEngine.csproj]
D:\C#\VM\Engine\FlowCompiler.cs(1339,32): warning CS8603: 可能返回 null 引用。 [D:\C#\VM\Engine\VM.FlowEngine.csproj]
D:\C#\VM\Engine\FlowCompiler.cs(1343,20): warning CS8603: 可能返回 null 引用。 [D:\C#\VM\Engine\VM.FlowEngine.csproj]
    97 个警告
    0 个错误

已用时间 00:00:01.94
