C:\Program Files\dotnet\sdk\9.0.318\Microsoft.Common.CurrentVersion.targets(2433,5): warning MSB3245: 未能解析此引用。未能找到程序集“System.Resources.Extensions”。请检查磁盘上是否存在该程序集。 如果您的代码需要此引用，则可能出现编译错误。 [D:\C#\VM\DLL\HslCommunication\HslCommunication.csproj]
D:\C#\VM\VisionMaster\ViewModels\DialogViewModels\VariableBindingViewModel.cs(512,62): warning CS8625: 无法将 null 字面量转换为非 null 的引用类型。 [D:\C#\VM\VisionMaster\VisionMaster_teaznd42_wpftmp.csproj]
D:\C#\VM\VisionMaster\Services\StepParameterDialog.cs(53,112): warning CS8625: 无法将 null 字面量转换为非 null 的引用类型。 [D:\C#\VM\VisionMaster\VisionMaster_teaznd42_wpftmp.csproj]
CSC : error CS5001: 程序不包含适合于入口点的静态 "Main" 方法 [D:\C#\VM\VisionMaster\VisionMaster_teaznd42_wpftmp.csproj]
D:\C#\VM\VisionMaster\Lifetime\SplashScreen.xaml.cs(57,13): error CS0103: 当前上下文中不存在名称“InitializeComponent” [D:\C#\VM\VisionMaster\VisionMaster_teaznd42_wpftmp.csproj]
D:\C#\VM\VisionMaster\Lifetime\SplashScreen.xaml.cs(58,13): error CS0103: 当前上下文中不存在名称“CheckList” [D:\C#\VM\VisionMaster\VisionMaster_teaznd42_wpftmp.csproj]
D:\C#\VM\VisionMaster\Lifetime\SplashScreen.xaml.cs(67,13): error CS0305: 使用泛型 类型“Progress<T>”需要 1 个类型参数 [D:\C#\VM\VisionMaster\VisionMaster_teaznd42_wpftmp.csproj]
D:\C#\VM\VisionMaster\Lifetime\SplashScreen.xaml.cs(79,13): error CS0305: 使用泛型 类型“Progress<T>”需要 1 个类型参数 [D:\C#\VM\VisionMaster\VisionMaster_teaznd42_wpftmp.csproj]
D:\C#\VM\VisionMaster\Lifetime\SplashScreen.xaml.cs(80,13): error CS0103: 当前上下文中不存在名称“StatusText” [D:\C#\VM\VisionMaster\VisionMaster_teaznd42_wpftmp.csproj]
D:\C#\VM\VisionMaster\Lifetime\SplashScreen.xaml.cs(86,13): error CS0103: 当前上下文中不存在名称“ResultText” [D:\C#\VM\VisionMaster\VisionMaster_teaznd42_wpftmp.csproj]
D:\C#\VM\VisionMaster\Lifetime\SplashScreen.xaml.cs(87,13): error CS0103: 当前上下文中不存在名称“ResultText” [D:\C#\VM\VisionMaster\VisionMaster_teaznd42_wpftmp.csproj]
D:\C#\VM\VisionMaster\Lifetime\SplashScreen.xaml.cs(88,13): error CS0103: 当前上下文中不存在名称“ResultText” [D:\C#\VM\VisionMaster\VisionMaster_teaznd42_wpftmp.csproj]
D:\C#\VM\VisionMaster\Lifetime\SplashScreen.xaml.cs(89,13): error CS0103: 当前上下文中不存在名称“StatusText” [D:\C#\VM\VisionMaster\VisionMaster_teaznd42_wpftmp.csproj]
D:\C#\VM\VisionMaster\Lifetime\SplashScreen.xaml.cs(95,13): error CS0305: 使用泛型 类型“Progress<T>”需要 1 个类型参数 [D:\C#\VM\VisionMaster\VisionMaster_teaznd42_wpftmp.csproj]
D:\C#\VM\VisionMaster\Lifetime\SplashScreen.xaml.cs(96,13): error CS0103: 当前上下文中不存在名称“StatusText” [D:\C#\VM\VisionMaster\VisionMaster_teaznd42_wpftmp.csproj]
D:\C#\VM\VisionMaster\Lifetime\SplashScreen.xaml.cs(99,17): error CS0103: 当前上下文中不存在名称“ResultText” [D:\C#\VM\VisionMaster\VisionMaster_teaznd42_wpftmp.csproj]
D:\C#\VM\VisionMaster\Lifetime\SplashScreen.xaml.cs(100,17): error CS0103: 当前上下文中不存在名称“ResultText” [D:\C#\VM\VisionMaster\VisionMaster_teaznd42_wpftmp.csproj]
D:\C#\VM\VisionMaster\Shell.xaml.cs(29,13): error CS0103: 当前上下文中不存在名称“InitializeComponent” [D:\C#\VM\VisionMaster\VisionMaster_teaznd42_wpftmp.csproj]
D:\C#\VM\VisionMaster\Views\ScadaRuntimeWindow.xaml.cs(41,23): warning CS8622: “void ScadaRuntimeWindow.OnWindowClosed(object sender, EventArgs e)”的参数“sender”类型中引用类型的为 Null 性与目标委托“EventHandler”不匹配(可能是由于为 Null 性特性)。 [D:\C#\VM\VisionMaster\VisionMaster_teaznd42_wpftmp.csproj]
D:\C#\VM\VisionMaster\Shell.xaml.cs(39,13): error CS0103: 当前上下文中不存在名称“dockManager” [D:\C#\VM\VisionMaster\VisionMaster_teaznd42_wpftmp.csproj]
D:\C#\VM\VisionMaster\Services\Camera\NetworkCameraServer.cs(131,23): warning CS8625: 无法将 null 字面量转换为非 null 的引用类型。 [D:\C#\VM\VisionMaster\VisionMaster_teaznd42_wpftmp.csproj]
D:\C#\VM\VisionMaster\Services\Camera\CameraProvider.cs(196,20): warning CS8603: 可能返回 null 引用。 [D:\C#\VM\VisionMaster\VisionMaster_teaznd42_wpftmp.csproj]
D:\C#\VM\VisionMaster\Services\Camera\CameraProvider.cs(210,59): warning CS8601: 可能的 null 引用赋值。 [D:\C#\VM\VisionMaster\VisionMaster_teaznd42_wpftmp.csproj]
D:\C#\VM\VisionMaster\Services\Camera\CameraProvider.cs(219,22): warning CS8625: 无法将 null 字面量转换为非 null 的引用类型。 [D:\C#\VM\VisionMaster\VisionMaster_teaznd42_wpftmp.csproj]
D:\C#\VM\VisionMaster\Services\Camera\CameraProvider.cs(227,53): warning CS8601: 可能的 null 引用赋值。 [D:\C#\VM\VisionMaster\VisionMaster_teaznd42_wpftmp.csproj]
D:\C#\VM\VisionMaster\ShellViewModel.cs(77,43): warning CS8603: 可能返回 null 引用。 [D:\C#\VM\VisionMaster\VisionMaster_teaznd42_wpftmp.csproj]
D:\C#\VM\VisionMaster\Services\Camera\NetworkCameraServer.cs(261,22): warning CS8625: 无法将 null 字面量转换为非 null 的引用类型。 [D:\C#\VM\VisionMaster\VisionMaster_teaznd42_wpftmp.csproj]
D:\C#\VM\VisionMaster\Services\Camera\NetworkCameraServer.cs(262,20): warning CS8625: 无法将 null 字面量转换为非 null 的引用类型。 [D:\C#\VM\VisionMaster\VisionMaster_teaznd42_wpftmp.csproj]
D:\C#\VM\VisionMaster\Services\StepParameterDialog.cs(65,41): warning CS8600: 将 null 文本或可能的 null 值转换为不可为 null 类型。 [D:\C#\VM\VisionMaster\VisionMaster_teaznd42_wpftmp.csproj]
D:\C#\VM\VisionMaster\Services\StepParameterDialog.cs(76,51): warning CS8604: “AutoPortConfigView.AutoPortConfigView(IVisionPlugin plugin)”中的形参“plugin”可能传入 null 引用实参。 [D:\C#\VM\VisionMaster\VisionMaster_teaznd42_wpftmp.csproj]
D:\C#\VM\VisionMaster\Services\StepParameterDialog.cs(135,24): warning CS8603: 可能返回 null 引用。 [D:\C#\VM\VisionMaster\VisionMaster_teaznd42_wpftmp.csproj]
D:\C#\VM\VisionMaster\Services\StepParameterDialog.cs(141,28): warning CS8603: 可能返回 null 引用。 [D:\C#\VM\VisionMaster\VisionMaster_teaznd42_wpftmp.csproj]
D:\C#\VM\VisionMaster\Services\StepParameterDialog.cs(148,24): warning CS8603: 可能返回 null 引用。 [D:\C#\VM\VisionMaster\VisionMaster_teaznd42_wpftmp.csproj]
D:\C#\VM\VisionMaster\Services\StepParameterDialog.cs(152,24): warning CS8603: 可能返回 null 引用。 [D:\C#\VM\VisionMaster\VisionMaster_teaznd42_wpftmp.csproj]
D:\C#\VM\VisionMaster\Views\Controls\ScadaEventEditor.xaml.cs(16,13): error CS0103: 当前上下文中不存在名称“InitializeComponent” [D:\C#\VM\VisionMaster\VisionMaster_teaznd42_wpftmp.csproj]
D:\C#\VM\VisionMaster\Services\Camera\CameraProvider.cs(304,32): warning CS8625: 无法将 null 字面量转换为非 null 的引用类型。 [D:\C#\VM\VisionMaster\VisionMaster_teaznd42_wpftmp.csproj]
D:\C#\VM\VisionMaster\Services\Camera\CameraProvider.cs(360,28): warning CS8604: “void CameraProvider.RememberSynced(SolutionModel solution, int count)”中的形参“solution”可能传入 null 引用实参。 [D:\C#\VM\VisionMaster\VisionMaster_teaznd42_wpftmp.csproj]
D:\C#\VM\VisionMaster\Services\FlowOutputCollector.cs(48,51): warning CS8604: “Dictionary<string, Guid> FlowOutputCollector.BuildStepNameIndex(FlowSession session)”中的形参“session”可能传入 null 引用实参。 [D:\C#\VM\VisionMaster\VisionMaster_teaznd42_wpftmp.csproj]
D:\C#\VM\VisionMaster\Services\FlowOutputCollector.cs(114,77): warning CS8603: 可能返回 null 引用。 [D:\C#\VM\VisionMaster\VisionMaster_teaznd42_wpftmp.csproj]
D:\C#\VM\VisionMaster\Services\FlowOutputCollector.cs(115,20): warning CS8603: 可能返回 null 引用。 [D:\C#\VM\VisionMaster\VisionMaster_teaznd42_wpftmp.csproj]
D:\C#\VM\VisionMaster\Services\FlowOutputCollector.cs(127,31): warning CS8600: 将 null 文本或可能的 null 值转换为不可为 null 类型。 [D:\C#\VM\VisionMaster\VisionMaster_teaznd42_wpftmp.csproj]
D:\C#\VM\VisionMaster\Services\FlowOutputCollector.cs(137,62): warning CS8604: “object FlowOutputCollector.ToJsonValue(object value)”中的形参“value”可能传入 null 引用实参。 [D:\C#\VM\VisionMaster\VisionMaster_teaznd42_wpftmp.csproj]
D:\C#\VM\VisionMaster\Services\Camera\CameraProvider.cs(433,24): warning CS8603: 可能返回 null 引用。 [D:\C#\VM\VisionMaster\VisionMaster_teaznd42_wpftmp.csproj]
D:\C#\VM\VisionMaster\Services\Camera\CameraProvider.cs(444,28): warning CS8603: 可能返回 null 引用。 [D:\C#\VM\VisionMaster\VisionMaster_teaznd42_wpftmp.csproj]
D:\C#\VM\VisionMaster\Services\Camera\CameraProvider.cs(457,24): warning CS8603: 可能返回 null 引用。 [D:\C#\VM\VisionMaster\VisionMaster_teaznd42_wpftmp.csproj]
D:\C#\VM\VisionMaster\Services\HttpImageServer.cs(140,23): warning CS8625: 无法将 null 字面量转换为非 null 的引用类型。 [D:\C#\VM\VisionMaster\VisionMaster_teaznd42_wpftmp.csproj]
D:\C#\VM\VisionMaster\Views\DebugHitWindow.xaml.cs(21,13): error CS0103: 当前上下文中不存在名称“InitializeComponent” [D:\C#\VM\VisionMaster\VisionMaster_teaznd42_wpftmp.csproj]
D:\C#\VM\VisionMaster\ShellViewModel.cs(334,55): warning CS8622: “void ShellViewModel.OnSessionStateChanged(object sender, SessionStateChangedEventArgs e)”的参数“sender”类型中引用类型的为 Null 性与目标委托“EventHandler<SessionStateChangedEventArgs>”不匹配(可能是由于为 Null 性特性)。 [D:\C#\VM\VisionMaster\VisionMaster_teaznd42_wpftmp.csproj]
D:\C#\VM\VisionMaster\ShellViewModel.cs(296,16): warning CS9264: 在退出构造函数时，不可为 null 的 属性 'HandleCountStr' 必须包含非 null 值。请考虑添加“required”修饰符，或将 属性 声明为可为 null，或安全地处理“get”访问器中“field”为 null 的情况。 [D:\C#\VM\VisionMaster\VisionMaster_teaznd42_wpftmp.csproj]
D:\C#\VM\VisionMaster\ShellViewModel.cs(296,16): warning CS9264: 在退出构造函数时，不可为 null 的 属性 'ThreadCountStr' 必须包含非 null 值。请考虑添加“required”修饰符，或将 属性 声明为可为 null，或安全地处理“get”访问器中“field”为 null 的情况。 [D:\C#\VM\VisionMaster\VisionMaster_teaznd42_wpftmp.csproj]
D:\C#\VM\VisionMaster\ShellViewModel.cs(296,16): warning CS9264: 在退出构造函数时，不可为 null 的 属性 'CpuUsageStr' 必须包含非 null 值。请考虑添加“required”修饰符，或将 属性 声明为可为 null，或安全地处理“get”访问器中“field”为 null 的情况。 [D:\C#\VM\VisionMaster\VisionMaster_teaznd42_wpftmp.csproj]
D:\C#\VM\VisionMaster\ShellViewModel.cs(296,16): warning CS9264: 在退出构造函数时，不可为 null 的 属性 'MemoryUsageStr' 必须包含非 null 值。请考虑添加“required”修饰符，或将 属性 声明为可为 null，或安全地处理“get”访问器中“field”为 null 的情况。 [D:\C#\VM\VisionMaster\VisionMaster_teaznd42_wpftmp.csproj]
D:\C#\VM\VisionMaster\ShellViewModel.cs(296,16): warning CS9264: 在退出构造函数时，不可为 null 的 属性 'CurrentTimeText' 必须包含非 null 值。请考虑添加“required”修饰符，或将 属性 声明为可为 null，或安全地处理“get”访问器中“field”为 null 的情况。 [D:\C#\VM\VisionMaster\VisionMaster_teaznd42_wpftmp.csproj]
D:\C#\VM\VisionMaster\Services\HttpImageServer.cs(241,42): warning CS8604: “object HttpImageServer.Fail(ApiRequest req, int statusCode, string message)”中的形参“message”可能传入 null 引用实参。 [D:\C#\VM\VisionMaster\VisionMaster_teaznd42_wpftmp.csproj]
D:\C#\VM\VisionMaster\Services\Help\HelpCatalogService.cs(187,29): warning CS8601: 可能的 null 引用赋值。 [D:\C#\VM\VisionMaster\VisionMaster_teaznd42_wpftmp.csproj]
D:\C#\VM\VisionMaster\Services\HttpImageServer.cs(329,39): warning CS8603: 可能返回 null 引用。 [D:\C#\VM\VisionMaster\VisionMaster_teaznd42_wpftmp.csproj]
D:\C#\VM\VisionMaster\Services\HttpImageServer.cs(333,20): warning CS8603: 可能返回 null 引用。 [D:\C#\VM\VisionMaster\VisionMaster_teaznd42_wpftmp.csproj]
D:\C#\VM\VisionMaster\Services\FlowOutputCollector.cs(165,28): warning CS8603: 可能返回 null 引用。 [D:\C#\VM\VisionMaster\VisionMaster_teaznd42_wpftmp.csproj]
D:\C#\VM\VisionMaster\Services\FlowOutputCollector.cs(230,28): warning CS8603: 可能返回 null 引用。 [D:\C#\VM\VisionMaster\VisionMaster_teaznd42_wpftmp.csproj]
D:\C#\VM\VisionMaster\ViewModels\DebugHitViewModel.cs(70,16): warning CS9264: 在退出构造函数时，不可为 null 的 属性 'Header' 必须包含非 null 值。请考虑添加“required”修饰符，或将 属性 声明为可为 null，或安全地处理“get”访问器中“field”为 null 的情况。 [D:\C#\VM\VisionMaster\VisionMaster_teaznd42_wpftmp.csproj]
D:\C#\VM\VisionMaster\ViewModels\DebugHitViewModel.cs(70,16): warning CS9264: 在退出构造函数时，不可为 null 的 属性 'FlowName' 必须包含非 null 值。请考虑添加“required”修饰符，或将 属性 声明为可为 null，或安全地处理“get”访问器中“field”为 null 的情况。 [D:\C#\VM\VisionMaster\VisionMaster_teaznd42_wpftmp.csproj]
D:\C#\VM\VisionMaster\ViewModels\DebugHitViewModel.cs(70,16): warning CS9264: 在退出构造函数时，不可为 null 的 属性 'StepName' 必须包含非 null 值。请考虑添加“required”修饰符，或将 属性 声明为可为 null，或安全地处理“get”访问器中“field”为 null 的情况。 [D:\C#\VM\VisionMaster\VisionMaster_teaznd42_wpftmp.csproj]
D:\C#\VM\VisionMaster\ViewModels\DialogViewModels\VariableBindingViewModel.cs(67,38): warning CS8625: 无法将 null 字面量转换为非 null 的引用类型。 [D:\C#\VM\VisionMaster\VisionMaster_teaznd42_wpftmp.csproj]
D:\C#\VM\VisionMaster\Services\ImageCollectionService.cs(304,17): warning CS8602: 解引用可能出现空引用。 [D:\C#\VM\VisionMaster\VisionMaster_teaznd42_wpftmp.csproj]
D:\C#\VM\VisionMaster\Services\ScadaVariablePicker.cs(40,35): warning CS8604: “void ParametersBase.Add(string key, object value)”中的形参“value”可能传入 null 引用实参。 [D:\C#\VM\VisionMaster\VisionMaster_teaznd42_wpftmp.csproj]
D:\C#\VM\VisionMaster\ViewModels\DialogViewModels\VariableBindingViewModel.cs(260,33): warning CS8601: 可能的 null 引用赋值。 [D:\C#\VM\VisionMaster\VisionMaster_teaznd42_wpftmp.csproj]
D:\C#\VM\VisionMaster\ViewModels\DialogViewModels\SolutionListViewModel.cs(215,32): warning CS8601: 可能的 null 引用赋值。 [D:\C#\VM\VisionMaster\VisionMaster_teaznd42_wpftmp.csproj]
D:\C#\VM\VisionMaster\Views\DialogViews\AutoPortConfigView.xaml.cs(42,13): error CS0103: 当前上下文中不存在名称“InitializeComponent” [D:\C#\VM\VisionMaster\VisionMaster_teaznd42_wpftmp.csproj]
D:\C#\VM\VisionMaster\Views\DialogViews\AutoPortConfigView.xaml.cs(62,13): error CS0103: 当前上下文中不存在名称“PortPanel” [D:\C#\VM\VisionMaster\VisionMaster_teaznd42_wpftmp.csproj]
D:\C#\VM\VisionMaster\Views\DialogViews\AutoPortConfigView.xaml.cs(71,17): error CS0103: 当前上下文中不存在名称“PortPanel” [D:\C#\VM\VisionMaster\VisionMaster_teaznd42_wpftmp.csproj]
D:\C#\VM\VisionMaster\Views\DialogViews\AutoPortConfigView.xaml.cs(81,13): error CS0103: 当前上下文中不存在名称“PortPanel” [D:\C#\VM\VisionMaster\VisionMaster_teaznd42_wpftmp.csproj]
D:\C#\VM\VisionMaster\Views\DialogViews\AutoPortConfigView.xaml.cs(85,17): error CS0103: 当前上下文中不存在名称“PortPanel” [D:\C#\VM\VisionMaster\VisionMaster_teaznd42_wpftmp.csproj]
D:\C#\VM\VisionMaster\Views\DialogViews\ScadaLoginView.xaml.cs(17,13): error CS0103: 当前上下文中不存在名称“InitializeComponent” [D:\C#\VM\VisionMaster\VisionMaster_teaznd42_wpftmp.csproj]
D:\C#\VM\VisionMaster\Views\DialogViews\ScadaLoginView.xaml.cs(31,38): error CS0103: 当前上下文中不存在名称“UserNameBox” [D:\C#\VM\VisionMaster\VisionMaster_teaznd42_wpftmp.csproj]
D:\C#\VM\VisionMaster\Views\DialogViews\ScadaLoginView.xaml.cs(31,57): error CS0103: 当前上下文中不存在名称“UserNameBox” [D:\C#\VM\VisionMaster\VisionMaster_teaznd42_wpftmp.csproj]
D:\C#\VM\VisionMaster\Views\DialogViews\ScadaLoginView.xaml.cs(32,18): error CS0103: 当前上下文中不存在名称“PasswordInput” [D:\C#\VM\VisionMaster\VisionMaster_teaznd42_wpftmp.csproj]
D:\C#\VM\VisionMaster\Views\DialogViews\ScadaAlarmConfigDialogView.xaml.cs(14,48): error CS0103: 当前上下文中不存在名称“InitializeComponent” [D:\C#\VM\VisionMaster\VisionMaster_teaznd42_wpftmp.csproj]
D:\C#\VM\VisionMaster\ViewModels\DialogViewModels\VariableBindingViewModel.cs(538,62): warning CS8604: “InputPortUIModel.InputPortUIModel(PortDefinition schema, string linkedAddress)”中的形参“linkedAddress”可能传入 null 引用实参。 [D:\C#\VM\VisionMaster\VisionMaster_teaznd42_wpftmp.csproj]
D:\C#\VM\VisionMaster\Views\DialogViews\PluginConfigShellView.xaml.cs(17,13): error CS0103: 当前上下文中不存在名称“InitializeComponent” [D:\C#\VM\VisionMaster\VisionMaster_teaznd42_wpftmp.csproj]
D:\C#\VM\VisionMaster\Views\DialogViews\MotionBoard\MotionBoardSettingsView.xaml.cs(10,13): error CS0103: 当前上下文中不存在名称“InitializeComponent” [D:\C#\VM\VisionMaster\VisionMaster_teaznd42_wpftmp.csproj]
D:\C#\VM\VisionMaster\Views\DialogViews\MotionBoard\MotionBoardPointsView.xaml.cs(10,13): error CS0103: 当前上下文中不存在名称“InitializeComponent” [D:\C#\VM\VisionMaster\VisionMaster_teaznd42_wpftmp.csproj]
D:\C#\VM\VisionMaster\Views\DialogViews\MotionBoard\MotionBoardDebugView.xaml.cs(10,13): error CS0103: 当前上下文中不存在名称“InitializeComponent” [D:\C#\VM\VisionMaster\VisionMaster_teaznd42_wpftmp.csproj]
D:\C#\VM\VisionMaster\ViewModels\DialogViewModels\VariableBindingViewModel.cs(604,17): warning CS8601: 可能的 null 引用赋值。 [D:\C#\VM\VisionMaster\VisionMaster_teaznd42_wpftmp.csproj]
D:\C#\VM\VisionMaster\ViewModels\DialogViewModels\VariableBindingViewModel.cs(610,23): warning CS8604: “void VariableBindingViewModel.BuildTree(IDialogParameters parameters = null)”中的形参“parameters”可能传入 null 引用实参。 [D:\C#\VM\VisionMaster\VisionMaster_teaznd42_wpftmp.csproj]
D:\C#\VM\VisionMaster\Views\DialogViews\MotionBoard\MotionBoardCamView.xaml.cs(10,13): error CS0103: 当前上下文中不存在名称“InitializeComponent” [D:\C#\VM\VisionMaster\VisionMaster_teaznd42_wpftmp.csproj]
D:\C#\VM\VisionMaster\Views\DialogViews\MotionBoardView.xaml.cs(16,13): error CS0103: 当前上下文中不存在名称“InitializeComponent” [D:\C#\VM\VisionMaster\VisionMaster_teaznd42_wpftmp.csproj]
D:\C#\VM\VisionMaster\Views\DialogViews\HelpView.xaml.cs(13,13): error CS0103: 当前上下文中不存在名称“InitializeComponent” [D:\C#\VM\VisionMaster\VisionMaster_teaznd42_wpftmp.csproj]
D:\C#\VM\VisionMaster\Views\DialogViews\GlobalVariableView.xaml.cs(25,13): error CS0103: 当前上下文中不存在名称“InitializeComponent” [D:\C#\VM\VisionMaster\VisionMaster_teaznd42_wpftmp.csproj]
D:\C#\VM\VisionMaster\Views\DialogViews\FlowManagerView.xaml.cs(12,13): error CS0103: 当前上下文中不存在名称“InitializeComponent” [D:\C#\VM\VisionMaster\VisionMaster_teaznd42_wpftmp.csproj]
D:\C#\VM\VisionMaster\Views\DialogViews\ConditionEditorView.xaml.cs(355,58): warning CS8603: 可能返回 null 引用。 [D:\C#\VM\VisionMaster\VisionMaster_teaznd42_wpftmp.csproj]
D:\C#\VM\VisionMaster\ShellViewModel.cs(921,42): warning CS8602: 解引用可能出现空引用。 [D:\C#\VM\VisionMaster\VisionMaster_teaznd42_wpftmp.csproj]
D:\C#\VM\VisionMaster\Views\DialogViews\CameraSettingsView.xaml.cs(12,13): error CS0103: 当前上下文中不存在名称“InitializeComponent” [D:\C#\VM\VisionMaster\VisionMaster_teaznd42_wpftmp.csproj]
D:\C#\VM\VisionMaster\Views\DialogViews\CommunicationSettingsView.xaml.cs(9,13): error CS0103: 当前上下文中不存在名称“InitializeComponent” [D:\C#\VM\VisionMaster\VisionMaster_teaznd42_wpftmp.csproj]
D:\C#\VM\VisionMaster\ViewModels\FlowListViewModel.cs(66,16): warning CS9264: 在退出构造函数时，不可为 null 的 属性 'SelectFlow' 必须包含非 null 值。请考虑添加“required”修饰符，或将 属性 声明为可为 null，或安全地处理“get”访问器中“field”为 null 的情况。 [D:\C#\VM\VisionMaster\VisionMaster_teaznd42_wpftmp.csproj]
D:\C#\VM\VisionMaster\Views\DialogViews\ConditionEditorView.xaml.cs(38,13): error CS0103: 当前上下文中不存在名称“InitializeComponent” [D:\C#\VM\VisionMaster\VisionMaster_teaznd42_wpftmp.csproj]
D:\C#\VM\VisionMaster\Views\DialogViews\ConditionEditorView.xaml.cs(42,13): error CS0103: 当前上下文中不存在名称“txtExpression” [D:\C#\VM\VisionMaster\VisionMaster_teaznd42_wpftmp.csproj]
D:\C#\VM\VisionMaster\Views\DialogViews\ConditionEditorView.xaml.cs(43,13): error CS0103: 当前上下文中不存在名称“txtExpression” [D:\C#\VM\VisionMaster\VisionMaster_teaznd42_wpftmp.csproj]
D:\C#\VM\VisionMaster\Views\DialogViews\ConditionEditorView.xaml.cs(44,13): error CS0103: 当前上下文中不存在名称“txtExpression” [D:\C#\VM\VisionMaster\VisionMaster_teaznd42_wpftmp.csproj]
D:\C#\VM\VisionMaster\Views\DialogViews\ConditionEditorView.xaml.cs(52,41): warning CS8622: “void ConditionEditorView.Vm_BranchChanged(object sender, StepCollection e)”的参数“sender”类型中引用类型的为 Null 性与目标委托“EventHandler<StepCollection>”不匹配(可能是由于为 Null 性特性)。 [D:\C#\VM\VisionMaster\VisionMaster_teaznd42_wpftmp.csproj]
D:\C#\VM\VisionMaster\Views\DialogViews\ConditionEditorView.xaml.cs(53,41): warning CS8622: “void ConditionEditorView.Vm_BranchChanged(object sender, StepCollection e)”的参数“sender”类型中引用类型的为 Null 性与目标委托“EventHandler<StepCollection>”不匹配(可能是由于为 Null 性特性)。 [D:\C#\VM\VisionMaster\VisionMaster_teaznd42_wpftmp.csproj]
D:\C#\VM\VisionMaster\Views\DialogViews\ConditionEditorView.xaml.cs(55,55): warning CS8622: “void ConditionEditorView.Variables_CollectionChanged(object sender, NotifyCollectionChangedEventArgs e)”的参数“sender”类型中引用类型的为 Null 性与目标委托“NotifyCollectionChangedEventHandler”不匹配(可能是由于为 Null 性特性)。 [D:\C#\VM\VisionMaster\VisionMaster_teaznd42_wpftmp.csproj]
D:\C#\VM\VisionMaster\Views\DialogViews\ConditionEditorView.xaml.cs(56,55): warning CS8622: “void ConditionEditorView.Variables_CollectionChanged(object sender, NotifyCollectionChangedEventArgs e)”的参数“sender”类型中引用类型的为 Null 性与目标委托“NotifyCollectionChangedEventHandler”不匹配(可能是由于为 Null 性特性)。 [D:\C#\VM\VisionMaster\VisionMaster_teaznd42_wpftmp.csproj]
D:\C#\VM\VisionMaster\Views\DialogViews\ConditionEditorView.xaml.cs(95,54): error CS0103: 当前上下文中不存在名称“txtExpression” [D:\C#\VM\VisionMaster\VisionMaster_teaznd42_wpftmp.csproj]
D:\C#\VM\VisionMaster\Views\DialogViews\ConditionEditorView.xaml.cs(100,26): error CS0103: 当前上下文中不存在名称“txtExpression” [D:\C#\VM\VisionMaster\VisionMaster_teaznd42_wpftmp.csproj]
D:\C#\VM\VisionMaster\Views\DialogViews\ConditionEditorView.xaml.cs(103,26): error CS0103: 当前上下文中不存在名称“txtExpression” [D:\C#\VM\VisionMaster\VisionMaster_teaznd42_wpftmp.csproj]
D:\C#\VM\VisionMaster\Views\DialogViews\ConditionEditorView.xaml.cs(122,17): error CS0103: 当前上下文中不存在名称“txtExpression” [D:\C#\VM\VisionMaster\VisionMaster_teaznd42_wpftmp.csproj]
D:\C#\VM\VisionMaster\Views\DialogViews\ConditionEditorView.xaml.cs(124,30): error CS0103: 当前上下文中不存在名称“txtExpression” [D:\C#\VM\VisionMaster\VisionMaster_teaznd42_wpftmp.csproj]
D:\C#\VM\VisionMaster\Views\DialogViews\ConditionEditorView.xaml.cs(124,63): error CS0103: 当前上下文中不存在名称“txtExpression” [D:\C#\VM\VisionMaster\VisionMaster_teaznd42_wpftmp.csproj]
D:\C#\VM\VisionMaster\Views\DialogViews\ConditionEditorView.xaml.cs(178,76): warning CS8625: 无法将 null 字面量转换为非 null 的引用类型。 [D:\C#\VM\VisionMaster\VisionMaster_teaznd42_wpftmp.csproj]
D:\C#\VM\VisionMaster\Views\DialogViews\ConditionEditorView.xaml.cs(182,37): warning CS8625: 无法将 null 字面量转换为非 null 的引用类型。 [D:\C#\VM\VisionMaster\VisionMaster_teaznd42_wpftmp.csproj]
D:\C#\VM\VisionMaster\ViewModels\FlowListViewModel.cs(149,48): warning CS8604: “int Collection<FlowModel>.IndexOf(FlowModel item)”中的形参“item”可能传入 null 引用实参。 [D:\C#\VM\VisionMaster\VisionMaster_teaznd42_wpftmp.csproj]
D:\C#\VM\VisionMaster\ViewModels\FlowListViewModel.cs(153,52): warning CS8604: “bool MandatoryFlows.IsMandatory(FlowModel flow)”中的形参“flow”可能传入 null 引用实参。 [D:\C#\VM\VisionMaster\VisionMaster_teaznd42_wpftmp.csproj]
D:\C#\VM\VisionMaster\ViewModels\FlowListViewModel.cs(171,25): warning CS8602: 解引用可能出现空引用。 [D:\C#\VM\VisionMaster\VisionMaster_teaznd42_wpftmp.csproj]
D:\C#\VM\VisionMaster\ViewModels\FlowListViewModel.cs(206,79): warning CS8602: 解引用可能出现空引用。 [D:\C#\VM\VisionMaster\VisionMaster_teaznd42_wpftmp.csproj]
D:\C#\VM\VisionMaster\Views\DialogViews\ConditionEditorView.xaml.cs(191,40): warning CS8622: “void ConditionEditorView.Vm_BranchChanged(object sender, StepCollection e)”的参数“sender”类型中引用类型的为 Null 性与目标委托“EventHandler<StepCollection>”不匹配(可能是由于为 Null 性特性)。 [D:\C#\VM\VisionMaster\VisionMaster_teaznd42_wpftmp.csproj]
D:\C#\VM\VisionMaster\Views\DialogViews\ConditionEditorView.xaml.cs(192,54): warning CS8622: “void ConditionEditorView.Variables_CollectionChanged(object sender, NotifyCollectionChangedEventArgs e)”的参数“sender”类型中引用类型的为 Null 性与目标委托“NotifyCollectionChangedEventHandler”不匹配(可能是由于为 Null 性特性)。 [D:\C#\VM\VisionMaster\VisionMaster_teaznd42_wpftmp.csproj]
D:\C#\VM\VisionMaster\Views\DialogViews\ConditionEditorView.xaml.cs(198,40): warning CS8622: “void ConditionEditorView.Vm_BranchChanged(object sender, StepCollection e)”的参数“sender”类型中引用类型的为 Null 性与目标委托“EventHandler<StepCollection>”不匹配(可能是由于为 Null 性特性)。 [D:\C#\VM\VisionMaster\VisionMaster_teaznd42_wpftmp.csproj]
D:\C#\VM\VisionMaster\Views\DialogViews\ConditionEditorView.xaml.cs(199,54): warning CS8622: “void ConditionEditorView.Variables_CollectionChanged(object sender, NotifyCollectionChangedEventArgs e)”的参数“sender”类型中引用类型的为 Null 性与目标委托“NotifyCollectionChangedEventHandler”不匹配(可能是由于为 Null 性特性)。 [D:\C#\VM\VisionMaster\VisionMaster_teaznd42_wpftmp.csproj]
D:\C#\VM\VisionMaster\ViewModels\FlowListViewModel.cs(268,28): warning CS1998: This async method lacks 'await' operators and will run synchronously. Consider using the 'await' operator to await non-blocking API calls, or 'await Task.Run(...)' to do CPU-bound work on a background thread. [D:\C#\VM\VisionMaster\VisionMaster_teaznd42_wpftmp.csproj]
D:\C#\VM\VisionMaster\Views\DialogViews\ConditionEditorView.xaml.cs(223,17): error CS0103: 当前上下文中不存在名称“txtExpression” [D:\C#\VM\VisionMaster\VisionMaster_teaznd42_wpftmp.csproj]
D:\C#\VM\VisionMaster\Views\DialogViews\ConditionEditorView.xaml.cs(218,46): warning CS8622: “void ConditionEditorView.VariableItem_PropertyChanged(object sender, PropertyChangedEventArgs e)”的参数“sender”类型中引用类型的为 Null 性与目标委托“PropertyChangedEventHandler”不匹配(可能是由于为 Null 性特性)。 [D:\C#\VM\VisionMaster\VisionMaster_teaznd42_wpftmp.csproj]
D:\C#\VM\VisionMaster\Views\DialogViews\ConditionEditorView.xaml.cs(219,46): warning CS8622: “void ConditionEditorView.VariableItem_PropertyChanged(object sender, PropertyChangedEventArgs e)”的参数“sender”类型中引用类型的为 Null 性与目标委托“PropertyChangedEventHandler”不匹配(可能是由于为 Null 性特性)。 [D:\C#\VM\VisionMaster\VisionMaster_teaznd42_wpftmp.csproj]
D:\C#\VM\VisionMaster\Views\DialogViews\ConditionEditorView.xaml.cs(245,13): error CS0103: 当前上下文中不存在名称“txtExpression” [D:\C#\VM\VisionMaster\VisionMaster_teaznd42_wpftmp.csproj]
D:\C#\VM\VisionMaster\Views\DialogViews\ConditionEditorView.xaml.cs(256,48): error CS0103: 当前上下文中不存在名称“txtExpression” [D:\C#\VM\VisionMaster\VisionMaster_teaznd42_wpftmp.csproj]
D:\C#\VM\VisionMaster\Views\DialogViews\ConditionEditorView.xaml.cs(283,35): error CS0103: 当前上下文中不存在名称“txtExpression” [D:\C#\VM\VisionMaster\VisionMaster_teaznd42_wpftmp.csproj]
D:\C#\VM\VisionMaster\Views\DialogViews\ConditionEditorView.xaml.cs(284,17): error CS0103: 当前上下文中不存在名称“txtExpression” [D:\C#\VM\VisionMaster\VisionMaster_teaznd42_wpftmp.csproj]
D:\C#\VM\VisionMaster\Views\DialogViews\ConditionEditorView.xaml.cs(287,17): error CS0103: 当前上下文中不存在名称“txtExpression” [D:\C#\VM\VisionMaster\VisionMaster_teaznd42_wpftmp.csproj]
D:\C#\VM\VisionMaster\Views\DialogViews\ConditionEditorView.xaml.cs(292,21): error CS0103: 当前上下文中不存在名称“txtExpression” [D:\C#\VM\VisionMaster\VisionMaster_teaznd42_wpftmp.csproj]
D:\C#\VM\VisionMaster\Views\DialogViews\ConditionEditorView.xaml.cs(297,21): error CS0103: 当前上下文中不存在名称“txtExpression” [D:\C#\VM\VisionMaster\VisionMaster_teaznd42_wpftmp.csproj]
D:\C#\VM\VisionMaster\Views\DialogViews\ConditionEditorView.xaml.cs(303,21): error CS0103: 当前上下文中不存在名称“txtExpression” [D:\C#\VM\VisionMaster\VisionMaster_teaznd42_wpftmp.csproj]
D:\C#\VM\VisionMaster\ViewModels\LogViewModel.cs(83,45): warning CS8622: “void LogViewModel.OnSystemLogsChanged(object sender, NotifyCollectionChangedEventArgs e)”的参数“sender”类型中引用类型的为 Null 性与目标委托“NotifyCollectionChangedEventHandler”不匹配(可能是由于为 Null 性特性)。 [D:\C#\VM\VisionMaster\VisionMaster_teaznd42_wpftmp.csproj]
D:\C#\VM\VisionMaster\ViewModels\LogViewModel.cs(106,32): warning CS8604: “void LogViewModel.BumpCounts(IList items, int delta)”中的形参“items”可能传入 null 引用实参。 [D:\C#\VM\VisionMaster\VisionMaster_teaznd42_wpftmp.csproj]
D:\C#\VM\VisionMaster\ViewModels\LogViewModel.cs(109,32): warning CS8604: “void LogViewModel.BumpCounts(IList items, int delta)”中的形参“items”可能传入 null 引用实参。 [D:\C#\VM\VisionMaster\VisionMaster_teaznd42_wpftmp.csproj]
D:\C#\VM\VisionMaster\Services\LayoutHelper.cs(88,20): warning CS8603: 可能返回 null 引用。 [D:\C#\VM\VisionMaster\VisionMaster_teaznd42_wpftmp.csproj]
D:\C#\VM\VisionMaster\ViewModels\LogViewModel.cs(145,16): warning CS8603: 可能返回 null 引用。 [D:\C#\VM\VisionMaster\VisionMaster_teaznd42_wpftmp.csproj]
D:\C#\VM\VisionMaster\Services\LayoutHelper.cs(157,45): warning CS8603: 可能返回 null 引用。 [D:\C#\VM\VisionMaster\VisionMaster_teaznd42_wpftmp.csproj]
D:\C#\VM\VisionMaster\Services\LayoutHelper.cs(172,24): warning CS8603: 可能返回 null 引用。 [D:\C#\VM\VisionMaster\VisionMaster_teaznd42_wpftmp.csproj]
D:\C#\VM\VisionMaster\Services\LayoutHelper.cs(275,26): warning CS8625: 无法将 null 字面量转换为非 null 的引用类型。 [D:\C#\VM\VisionMaster\VisionMaster_teaznd42_wpftmp.csproj]
D:\C#\VM\VisionMaster\Services\LayoutHelper.cs(329,57): warning CS8603: 可能返回 null 引用。 [D:\C#\VM\VisionMaster\VisionMaster_teaznd42_wpftmp.csproj]
D:\C#\VM\VisionMaster\Services\LayoutHelper.cs(332,41): warning CS8603: 可能返回 null 引用。 [D:\C#\VM\VisionMaster\VisionMaster_teaznd42_wpftmp.csproj]
D:\C#\VM\VisionMaster\Services\LayoutHelper.cs(334,20): warning CS8603: 可能返回 null 引用。 [D:\C#\VM\VisionMaster\VisionMaster_teaznd42_wpftmp.csproj]
D:\C#\VM\VisionMaster\ShellViewModel.cs(1366,39): warning CS8603: 可能返回 null 引用。 [D:\C#\VM\VisionMaster\VisionMaster_teaznd42_wpftmp.csproj]
D:\C#\VM\VisionMaster\ShellViewModel.cs(1374,20): warning CS8603: 可能返回 null 引用。 [D:\C#\VM\VisionMaster\VisionMaster_teaznd42_wpftmp.csproj]
D:\C#\VM\VisionMaster\ShellViewModel.cs(1379,39): warning CS8603: 可能返回 null 引用。 [D:\C#\VM\VisionMaster\VisionMaster_teaznd42_wpftmp.csproj]
D:\C#\VM\VisionMaster\ShellViewModel.cs(1390,56): warning CS8604: “StepModel ShellViewModel.FindDebugStoppedStep(IEnumerable<StepModel> steps)”中的形参“steps”可能传入 null 引用实参。 [D:\C#\VM\VisionMaster\VisionMaster_teaznd42_wpftmp.csproj]
D:\C#\VM\VisionMaster\ShellViewModel.cs(1396,20): warning CS8603: 可能返回 null 引用。 [D:\C#\VM\VisionMaster\VisionMaster_teaznd42_wpftmp.csproj]
D:\C#\VM\VisionMaster\ViewModels\MonitorViewModel.cs(117,61): warning CS8622: “void MonitorViewModel.OnGlobalVariablesChanged(object sender, NotifyCollectionChangedEventArgs e)”的参数“sender”类型中引用类型的为 Null 性与目标委托“NotifyCollectionChangedEventHandler”不匹配(可能是由于为 Null 性特性)。 [D:\C#\VM\VisionMaster\VisionMaster_teaznd42_wpftmp.csproj]
D:\C#\VM\VisionMaster\ViewModels\MonitorViewModel.cs(123,60): warning CS8622: “void MonitorViewModel.OnVariableRenamed(object sender, VariableRenamedEventArgs e)”的参数“sender”类型中引用类型的为 Null 性与目标委托“EventHandler<VariableRenamedEventArgs>”不匹配(可能是由于为 Null 性特性)。 [D:\C#\VM\VisionMaster\VisionMaster_teaznd42_wpftmp.csproj]
D:\C#\VM\VisionMaster\ViewModels\MonitorViewModel.cs(131,50): warning CS8622: “void MonitorViewModel.OnWorkspacePropertyChanged(object sender, PropertyChangedEventArgs e)”的参数“sender”类型中引用类型的为 Null 性与目标委托“PropertyChangedEventHandler”不匹配(可能是由于为 Null 性特性)。 [D:\C#\VM\VisionMaster\VisionMaster_teaznd42_wpftmp.csproj]
D:\C#\VM\VisionMaster\ViewModels\MonitorViewModel.cs(138,65): warning CS8622: “void MonitorViewModel.OnSessionsChanged(object sender, NotifyCollectionChangedEventArgs e)”的参数“sender”类型中引用类型的为 Null 性与目标委托“NotifyCollectionChangedEventHandler”不匹配(可能是由于为 Null 性特性)。 [D:\C#\VM\VisionMaster\VisionMaster_teaznd42_wpftmp.csproj]
D:\C#\VM\VisionMaster\ViewModels\MonitorViewModel.cs(184,64): warning CS8622: “void MonitorViewModel.OnWatchItemsChanged(object sender, NotifyCollectionChangedEventArgs e)”的参数“sender”类型中引用类型的为 Null 性与目标委托“NotifyCollectionChangedEventHandler”不匹配(可能是由于为 Null 性特性)。 [D:\C#\VM\VisionMaster\VisionMaster_teaznd42_wpftmp.csproj]
D:\C#\VM\VisionMaster\ViewModels\MonitorViewModel.cs(185,45): warning CS8625: 无法将 null 字面量转换为非 null 的引用类型。 [D:\C#\VM\VisionMaster\VisionMaster_teaznd42_wpftmp.csproj]
D:\C#\VM\VisionMaster\ViewModels\MonitorViewModel.cs(196,60): warning CS8622: “void MonitorViewModel.OnWatchItemsChanged(object sender, NotifyCollectionChangedEventArgs e)”的参数“sender”类型中引用类型的为 Null 性与目标委托“NotifyCollectionChangedEventHandler”不匹配(可能是由于为 Null 性特性)。 [D:\C#\VM\VisionMaster\VisionMaster_teaznd42_wpftmp.csproj]
D:\C#\VM\VisionMaster\ViewModels\MonitorViewModel.cs(198,56): warning CS8622: “void MonitorViewModel.OnWatchItemsChanged(object sender, NotifyCollectionChangedEventArgs e)”的参数“sender”类型中引用类型的为 Null 性与目标委托“NotifyCollectionChangedEventHandler”不匹配(可能是由于为 Null 性特性)。 [D:\C#\VM\VisionMaster\VisionMaster_teaznd42_wpftmp.csproj]
D:\C#\VM\VisionMaster\Services\NetworkVariableBridge.cs(110,29): warning CS8601: 可能的 null 引用赋值。 [D:\C#\VM\VisionMaster\VisionMaster_teaznd42_wpftmp.csproj]
D:\C#\VM\VisionMaster\Services\LayoutHelper.cs(422,50): warning CS8604: “bool Dictionary<string, Func<object>>.TryGetValue(string key, out Func<object> value)”中的形参“key”可能传入 null 引用实参。 [D:\C#\VM\VisionMaster\VisionMaster_teaznd42_wpftmp.csproj]
D:\C#\VM\VisionMaster\Services\LayoutHelper.cs(439,32): warning CS8600: 将 null 文本或可能的 null 值转换为不可为 null 类型。 [D:\C#\VM\VisionMaster\VisionMaster_teaznd42_wpftmp.csproj]
D:\C#\VM\VisionMaster\ViewModels\MonitorViewModel.cs(320,173): warning CS8625: 无法将 null 字面量转换为非 null 的引用类型。 [D:\C#\VM\VisionMaster\VisionMaster_teaznd42_wpftmp.csproj]
D:\C#\VM\VisionMaster\ViewModels\DialogViewModels\ConditionEditorViewModel .cs(162,31): warning CS8625: 无法将 null 字面量转换为非 null 的引用类型。 [D:\C#\VM\VisionMaster\VisionMaster_teaznd42_wpftmp.csproj]
D:\C#\VM\VisionMaster\ViewModels\DialogViewModels\ConditionEditorViewModel .cs(171,68): warning CS8601: 可能的 null 引用赋值。 [D:\C#\VM\VisionMaster\VisionMaster_teaznd42_wpftmp.csproj]
D:\C#\VM\VisionMaster\ViewModels\DialogViewModels\ConditionEditorViewModel .cs(172,39): warning CS8601: 可能的 null 引用赋值。 [D:\C#\VM\VisionMaster\VisionMaster_teaznd42_wpftmp.csproj]
D:\C#\VM\VisionMaster\ViewModels\DialogViewModels\ConditionEditorViewModel .cs(222,44): warning CS8600: 将 null 文本或可能的 null 值转换为不可为 null 类型。 [D:\C#\VM\VisionMaster\VisionMaster_teaznd42_wpftmp.csproj]
D:\C#\VM\VisionMaster\ViewModels\DialogViewModels\ConditionEditorViewModel .cs(228,30): warning CS8601: 可能的 null 引用赋值。 [D:\C#\VM\VisionMaster\VisionMaster_teaznd42_wpftmp.csproj]
D:\C#\VM\VisionMaster\ViewModels\DialogViewModels\ConditionEditorViewModel .cs(232,16): warning CS9264: 在退出构造函数时，不可为 null 的 属性 'Branches' 必须包含非 null 值。请考虑添加“required”修饰符，或将 属性 声明为可为 null，或安全地处理“get”访问器中“field”为 null 的情况。 [D:\C#\VM\VisionMaster\VisionMaster_teaznd42_wpftmp.csproj]
D:\C#\VM\VisionMaster\ViewModels\DialogViewModels\ConditionEditorViewModel .cs(232,16): warning CS9264: 在退出构造函数时，不可为 null 的 属性 'SelectedBranch' 必须包含非 null 值。请考虑添加“required”修饰符，或将 属性 声明为可为 null，或安全地处理“get”访问器中“field”为 null 的情况。 [D:\C#\VM\VisionMaster\VisionMaster_teaznd42_wpftmp.csproj]
D:\C#\VM\VisionMaster\ViewModels\DialogViewModels\ConditionEditorViewModel .cs(232,16): warning CS9264: 在退出构造函数时，不可为 null 的 属性 'JudgeExpressionDraft' 必须包含非 null 值。请考虑添加“required”修饰符，或将 属性 声明为可为 null，或安全地处理“get”访问器中“field”为 null 的情况。 [D:\C#\VM\VisionMaster\VisionMaster_teaznd42_wpftmp.csproj]
D:\C#\VM\VisionMaster\ViewModels\DialogViewModels\ConditionEditorViewModel .cs(232,16): warning CS9264: 在退出构造函数时，不可为 null 的 属性 'LoopCountSourceText' 必须包含非 null 值。请考虑添加“required”修饰符，或将 属性 声明为可为 null，或安全地处理“get”访问器中“field”为 null 的情况。 [D:\C#\VM\VisionMaster\VisionMaster_teaznd42_wpftmp.csproj]
D:\C#\VM\VisionMaster\Views\ProcessView.xaml.cs(160,28): warning CS8603: 可能返回 null 引用。 [D:\C#\VM\VisionMaster\VisionMaster_teaznd42_wpftmp.csproj]
D:\C#\VM\VisionMaster\Views\ProcessView.xaml.cs(168,20): warning CS8603: 可能返回 null 引用。 [D:\C#\VM\VisionMaster\VisionMaster_teaznd42_wpftmp.csproj]
D:\C#\VM\VisionMaster\ViewModels\DialogViewModels\ConditionEditorViewModel .cs(307,35): warning CS8625: 无法将 null 字面量转换为非 null 的引用类型。 [D:\C#\VM\VisionMaster\VisionMaster_teaznd42_wpftmp.csproj]
D:\C#\VM\VisionMaster\ViewModels\DialogViewModels\ConditionEditorViewModel .cs(308,35): warning CS8625: 无法将 null 字面量转换为非 null 的引用类型。 [D:\C#\VM\VisionMaster\VisionMaster_teaznd42_wpftmp.csproj]
D:\C#\VM\VisionMaster\ViewModels\DialogViewModels\ConditionEditorViewModel .cs(641,32): warning CS8603: 可能返回 null 引用。 [D:\C#\VM\VisionMaster\VisionMaster_teaznd42_wpftmp.csproj]
D:\C#\VM\VisionMaster\ViewModels\DialogViewModels\FlowManagerViewModel.cs(98,43): warning CS8622: “void FlowManagerViewModel.OnWorkspacePropertyChanged(object sender, PropertyChangedEventArgs e)”的参数“sender”类型中引用类型的为 Null 性与目标委托“PropertyChangedEventHandler”不匹配(可能是由于为 Null 性特性)。 [D:\C#\VM\VisionMaster\VisionMaster_teaznd42_wpftmp.csproj]
D:\C#\VM\VisionMaster\Services\ScadaPagePicker.cs(39,35): warning CS8604: “void ParametersBase.Add(string key, object value)”中的形参“value”可能传入 null 引用实参。 [D:\C#\VM\VisionMaster\VisionMaster_teaznd42_wpftmp.csproj]
D:\C#\VM\VisionMaster\ViewModels\DialogViewModels\ConditionEditorViewModel .cs(647,61): warning CS8603: 可能返回 null 引用。 [D:\C#\VM\VisionMaster\VisionMaster_teaznd42_wpftmp.csproj]
D:\C#\VM\VisionMaster\ViewModels\DialogViewModels\ConditionEditorViewModel .cs(649,32): warning CS8600: 将 null 文本或可能的 null 值转换为不可为 null 类型。 [D:\C#\VM\VisionMaster\VisionMaster_teaznd42_wpftmp.csproj]
D:\C#\VM\VisionMaster\ViewModels\DialogViewModels\ConditionEditorViewModel .cs(651,28): warning CS8603: 可能返回 null 引用。 [D:\C#\VM\VisionMaster\VisionMaster_teaznd42_wpftmp.csproj]
D:\C#\VM\VisionMaster\ViewModels\DialogViewModels\ConditionEditorViewModel .cs(656,24): warning CS8603: 可能返回 null 引用。 [D:\C#\VM\VisionMaster\VisionMaster_teaznd42_wpftmp.csproj]
D:\C#\VM\VisionMaster\ViewModels\DialogViewModels\ConditionEditorViewModel .cs(623,23): warning CS9264: 在退出构造函数时，不可为 null 的 属性 'AliasName' 必须包含非 null 值。请考虑添加“required”修饰符，或将 属性 声明为可为 null，或安全地处理“get”访问器中“field”为 null 的情况。 [D:\C#\VM\VisionMaster\VisionMaster_teaznd42_wpftmp.csproj]
D:\C#\VM\VisionMaster\ViewModels\DialogViewModels\ConditionEditorViewModel .cs(633,23): warning CS9264: 在退出构造函数时，不可为 null 的 属性 'SourceAddress' 必须包含非 null 值。请考虑添加“required”修饰符，或将 属性 声明为可为 null，或安全地处理“get”访问器中“field”为 null 的情况。 [D:\C#\VM\VisionMaster\VisionMaster_teaznd42_wpftmp.csproj]
D:\C#\VM\VisionMaster\ViewModels\ProcessViewModel.cs(94,34): warning CS8625: 无法将 null 字面量转换为非 null 的引用类型。 [D:\C#\VM\VisionMaster\VisionMaster_teaznd42_wpftmp.csproj]
D:\C#\VM\VisionMaster\ViewModels\ProcessViewModel.cs(99,44): warning CS8601: 可能的 null 引用赋值。 [D:\C#\VM\VisionMaster\VisionMaster_teaznd42_wpftmp.csproj]
D:\C#\VM\VisionMaster\ViewModels\ProcessViewModel.cs(108,42): warning CS8604: “void IWorkspaceManager.SwitchStep(StepModel step)”中的形参“step”可能传入 null 引用实参。 [D:\C#\VM\VisionMaster\VisionMaster_teaznd42_wpftmp.csproj]
D:\C#\VM\VisionMaster\ViewModels\ProcessViewModel.cs(138,16): warning CS9264: 在退出构造函数时，不可为 null 的 属性 'SelectStep' 必须包含非 null 值。请考虑添加“required”修饰符，或将 属性 声明为可为 null，或安全地处理“get”访问器中“field”为 null 的情况。 [D:\C#\VM\VisionMaster\VisionMaster_teaznd42_wpftmp.csproj]
D:\C#\VM\VisionMaster\ViewModels\DialogViewModels\ConditionEditorViewModel .cs(358,32): warning CS8600: 将 null 文本或可能的 null 值转换为不可为 null 类型。 [D:\C#\VM\VisionMaster\VisionMaster_teaznd42_wpftmp.csproj]
D:\C#\VM\VisionMaster\ViewModels\DialogViewModels\ConditionEditorViewModel .cs(459,32): warning CS8600: 将 null 文本或可能的 null 值转换为不可为 null 类型。 [D:\C#\VM\VisionMaster\VisionMaster_teaznd42_wpftmp.csproj]
D:\C#\VM\VisionMaster\ViewModels\ProcessViewModel.cs(180,54): warning CS8622: “void ProcessViewModel.OnWorkspacePropertyChanged(object sender, PropertyChangedEventArgs e)”的参数“sender”类型中引用类型的为 Null 性与目标委托“PropertyChangedEventHandler”不匹配(可能是由于为 Null 性特性)。 [D:\C#\VM\VisionMaster\VisionMaster_teaznd42_wpftmp.csproj]
D:\C#\VM\VisionMaster\ViewModels\ProcessViewModel.cs(200,54): warning CS8622: “void ProcessViewModel.OnWorkspacePropertyChanged(object sender, PropertyChangedEventArgs e)”的参数“sender”类型中引用类型的为 Null 性与目标委托“PropertyChangedEventHandler”不匹配(可能是由于为 Null 性特性)。 [D:\C#\VM\VisionMaster\VisionMaster_teaznd42_wpftmp.csproj]
D:\C#\VM\VisionMaster\ViewModels\ProcessViewModel.cs(206,33): warning CS8604: “void ProcessViewModel.TickRunningTimes(IEnumerable<StepModel> steps)”中的形参“steps”可能传入 null 引用实参。 [D:\C#\VM\VisionMaster\VisionMaster_teaznd42_wpftmp.csproj]
D:\C#\VM\VisionMaster\ViewModels\FlowCanvasViewModel.cs(1242,74): warning CS8600: 将 null 文本或可能的 null 值转换为不可为 null 类型。 [D:\C#\VM\VisionMaster\VisionMaster_teaznd42_wpftmp.csproj]
D:\C#\VM\VisionMaster\ViewModels\FlowCanvasViewModel.cs(1278,25): warning CS8604: “CanvasLinkBinding.CanvasLinkBinding(StepModel consumer, string key, string display)”中的形参“consumer”可能传入 null 引用实参。 [D:\C#\VM\VisionMaster\VisionMaster_teaznd42_wpftmp.csproj]
D:\C#\VM\VisionMaster\ViewModels\DialogViewModels\ConditionEditorViewModel .cs(492,32): warning CS8600: 将 null 文本或可能的 null 值转换为不可为 null 类型。 [D:\C#\VM\VisionMaster\VisionMaster_teaznd42_wpftmp.csproj]
D:\C#\VM\VisionMaster\ViewModels\DialogViewModels\ConditionEditorViewModel .cs(493,30): warning CS8600: 将 null 文本或可能的 null 值转换为不可为 null 类型。 [D:\C#\VM\VisionMaster\VisionMaster_teaznd42_wpftmp.csproj]
D:\C#\VM\VisionMaster\ViewModels\DialogViewModels\ConditionEditorViewModel .cs(526,29): warning CS8600: 将 null 文本或可能的 null 值转换为不可为 null 类型。 [D:\C#\VM\VisionMaster\VisionMaster_teaznd42_wpftmp.csproj]
D:\C#\VM\VisionMaster\ViewModels\MonitorViewModel.cs(538,78): warning CS8625: 无法将 null 字面量转换为非 null 的引用类型。 [D:\C#\VM\VisionMaster\VisionMaster_teaznd42_wpftmp.csproj]
D:\C#\VM\VisionMaster\ViewModels\MonitorViewModel.cs(551,69): warning CS8625: 无法将 null 字面量转换为非 null 的引用类型。 [D:\C#\VM\VisionMaster\VisionMaster_teaznd42_wpftmp.csproj]
D:\C#\VM\VisionMaster\ViewModels\MonitorViewModel.cs(577,107): warning CS8625: 无法将 null 字面量转换为非 null 的引用类型。 [D:\C#\VM\VisionMaster\VisionMaster_teaznd42_wpftmp.csproj]
D:\C#\VM\VisionMaster\ViewModels\ProcessViewModel.cs(268,41): warning CS8604: “void ParametersBase.Add(string key, object value)”中的形参“value”可能传入 null 引用实参。 [D:\C#\VM\VisionMaster\VisionMaster_teaznd42_wpftmp.csproj]
D:\C#\VM\VisionMaster\ViewModels\FlowCanvasViewModel.cs(1576,41): warning CS8604: “void Action<StepModel>.Invoke(StepModel obj)”中的形参“obj”可能传入 null 引用实参。 [D:\C#\VM\VisionMaster\VisionMaster_teaznd42_wpftmp.csproj]
D:\C#\VM\VisionMaster\ViewModels\DialogViewModels\GlobalVariableViewModelBase.cs(29,61): warning CS8622: “void GlobalVariableViewModelBase.OnGlobalVariablesCollectionChanged(object sender, NotifyCollectionChangedEventArgs e)”的参数“sender”类型中引用类型的为 Null 性与目标委托“NotifyCollectionChangedEventHandler”不匹配(可能是由于为 Null 性特性)。 [D:\C#\VM\VisionMaster\VisionMaster_teaznd42_wpftmp.csproj]
D:\C#\VM\VisionMaster\ViewModels\ProcessViewModel.cs(372,52): warning CS8625: 无法将 null 字面量转换为非 null 的引用类型。 [D:\C#\VM\VisionMaster\VisionMaster_teaznd42_wpftmp.csproj]
D:\C#\VM\VisionMaster\ViewModels\DialogViewModels\GlobalVariableViewModelBase.cs(191,65): warning CS8622: “void GlobalVariableViewModelBase.OnGlobalVariablesCollectionChanged(object sender, NotifyCollectionChangedEventArgs e)”的参数“sender”类型中引用类型的为 Null 性与目标委托“NotifyCollectionChangedEventHandler”不匹配(可能是由于为 Null 性特性)。 [D:\C#\VM\VisionMaster\VisionMaster_teaznd42_wpftmp.csproj]
D:\C#\VM\VisionMaster\ViewModels\ProcessViewModel.cs(657,24): warning CS8603: 可能返回 null 引用。 [D:\C#\VM\VisionMaster\VisionMaster_teaznd42_wpftmp.csproj]
D:\C#\VM\VisionMaster\ViewModels\ProcessViewModel.cs(668,32): warning CS8603: 可能返回 null 引用。 [D:\C#\VM\VisionMaster\VisionMaster_teaznd42_wpftmp.csproj]
D:\C#\VM\VisionMaster\ViewModels\ProcessViewModel.cs(676,20): warning CS8603: 可能返回 null 引用。 [D:\C#\VM\VisionMaster\VisionMaster_teaznd42_wpftmp.csproj]
D:\C#\VM\VisionMaster\ViewModels\ProcessViewModel.cs(779,32): warning CS8600: 将 null 文本或可能的 null 值转换为不可为 null 类型。 [D:\C#\VM\VisionMaster\VisionMaster_teaznd42_wpftmp.csproj]
D:\C#\VM\VisionMaster\ViewModels\ProcessViewModel.cs(840,36): warning CS8600: 将 null 文本或可能的 null 值转换为不可为 null 类型。 [D:\C#\VM\VisionMaster\VisionMaster_teaznd42_wpftmp.csproj]
D:\C#\VM\VisionMaster\ViewModels\DialogViewModels\GlobalVariableManagerViewModel.cs(528,16): warning CS9264: 在退出构造函数时，不可为 null 的 属性 'NewVarName' 必须包含非 null 值。请考虑添加“required”修饰符，或将 属性 声明为可为 null，或安全地处理“get”访问器中“field”为 null 的情况。 [D:\C#\VM\VisionMaster\VisionMaster_teaznd42_wpftmp.csproj]
D:\C#\VM\VisionMaster\ViewModels\DialogViewModels\GlobalVariableManagerViewModel.cs(528,16): warning CS9264: 在退出构造函数时，不可为 null 的 属性 'NewVarDescription' 必须包含非 null 值。请考虑添加“required”修饰符，或将 属性 声明为可为 null，或安全地处理“get”访问器中“field”为 null 的情况。 [D:\C#\VM\VisionMaster\VisionMaster_teaznd42_wpftmp.csproj]
D:\C#\VM\VisionMaster\ViewModels\DialogViewModels\GlobalVariableManagerViewModel.cs(596,28): warning CS8601: 可能的 null 引用赋值。 [D:\C#\VM\VisionMaster\VisionMaster_teaznd42_wpftmp.csproj]
D:\C#\VM\VisionMaster\ViewModels\DialogViewModels\GlobalVariableManagerViewModel.cs(598,37): warning CS8601: 可能的 null 引用赋值。 [D:\C#\VM\VisionMaster\VisionMaster_teaznd42_wpftmp.csproj]
D:\C#\VM\VisionMaster\ViewModels\DialogViewModels\GlobalVariableManagerViewModel.cs(671,36): warning CS8601: 可能的 null 引用赋值。 [D:\C#\VM\VisionMaster\VisionMaster_teaznd42_wpftmp.csproj]
D:\C#\VM\VisionMaster\ViewModels\DialogViewModels\GlobalVariableManagerViewModel.cs(672,36): warning CS8601: 可能的 null 引用赋值。 [D:\C#\VM\VisionMaster\VisionMaster_teaznd42_wpftmp.csproj]
D:\C#\VM\VisionMaster\ViewModels\DialogViewModels\GlobalVariableManagerViewModel.cs(674,29): warning CS8601: 可能的 null 引用赋值。 [D:\C#\VM\VisionMaster\VisionMaster_teaznd42_wpftmp.csproj]
D:\C#\VM\VisionMaster\ViewModels\DialogViewModels\GlobalVariableManagerViewModel.cs(676,29): warning CS8601: 可能的 null 引用赋值。 [D:\C#\VM\VisionMaster\VisionMaster_teaznd42_wpftmp.csproj]
D:\C#\VM\VisionMaster\ViewModels\DialogViewModels\GlobalVariableManagerViewModel.cs(701,38): warning CS8622: “void GlobalVariableManagerViewModel.OnVariableValueChanged(object sender, EventArgs e)”的参数“sender”类型中引用类型的为 Null 性与目标委托“EventHandler”不匹配(可能是由于为 Null 性特性)。 [D:\C#\VM\VisionMaster\VisionMaster_teaznd42_wpftmp.csproj]
D:\C#\VM\VisionMaster\ViewModels\DialogViewModels\GlobalVariableManagerViewModel.cs(707,38): warning CS8622: “void GlobalVariableManagerViewModel.OnVariableValueChanged(object sender, EventArgs e)”的参数“sender”类型中引用类型的为 Null 性与目标委托“EventHandler”不匹配(可能是由于为 Null 性特性)。 [D:\C#\VM\VisionMaster\VisionMaster_teaznd42_wpftmp.csproj]
D:\C#\VM\VisionMaster\ViewModels\DialogViewModels\GlobalVariableManagerViewModel.cs(752,40): warning CS8604: “Array Array.CreateInstance(Type elementType, int length)”中的形参“elementType”可能传入 null 引用实参。 [D:\C#\VM\VisionMaster\VisionMaster_teaznd42_wpftmp.csproj]
D:\C#\VM\VisionMaster\ViewModels\DialogViewModels\GlobalVariableManagerViewModel.cs(751,32): warning CS8600: 将 null 文本或可能的 null 值转换为不可为 null 类型。 [D:\C#\VM\VisionMaster\VisionMaster_teaznd42_wpftmp.csproj]
D:\C#\VM\VisionMaster\ViewModels\DialogViewModels\PluginConfigShellViewModel.cs(98,29): warning CS8625: 无法将 null 字面量转换为非 null 的引用类型。 [D:\C#\VM\VisionMaster\VisionMaster_teaznd42_wpftmp.csproj]
D:\C#\VM\VisionMaster\ViewModels\DialogViewModels\PluginConfigShellViewModel.cs(113,27): warning CS8625: 无法将 null 字面量转换为非 null 的引用类型。 [D:\C#\VM\VisionMaster\VisionMaster_teaznd42_wpftmp.csproj]
D:\C#\VM\VisionMaster\ViewModels\DialogViewModels\PluginConfigShellViewModel.cs(114,31): warning CS8625: 无法将 null 字面量转换为非 null 的引用类型。 [D:\C#\VM\VisionMaster\VisionMaster_teaznd42_wpftmp.csproj]
D:\C#\VM\VisionMaster\ViewModels\DialogViewModels\PluginConfigShellViewModel.cs(115,37): warning CS8625: 无法将 null 字面量转换为非 null 的引用类型。 [D:\C#\VM\VisionMaster\VisionMaster_teaznd42_wpftmp.csproj]
D:\C#\VM\VisionMaster\ViewModels\DialogViewModels\PluginConfigShellViewModel.cs(120,28): warning CS8625: 无法将 null 字面量转换为非 null 的引用类型。 [D:\C#\VM\VisionMaster\VisionMaster_teaznd42_wpftmp.csproj]
D:\C#\VM\VisionMaster\ViewModels\DialogViewModels\PluginConfigShellViewModel.cs(129,76): warning CS8600: 将 null 文本或可能的 null 值转换为不可为 null 类型。 [D:\C#\VM\VisionMaster\VisionMaster_teaznd42_wpftmp.csproj]
D:\C#\VM\VisionMaster\ViewModels\DialogViewModels\PluginConfigShellViewModel.cs(136,31): warning CS8601: 可能的 null 引用赋值。 [D:\C#\VM\VisionMaster\VisionMaster_teaznd42_wpftmp.csproj]
D:\C#\VM\VisionMaster\ViewModels\DialogViewModels\MotionBoardViewModel.cs(155,51): warning CS8600: 将 null 文本或可能的 null 值转换为不可为 null 类型。 [D:\C#\VM\VisionMaster\VisionMaster_teaznd42_wpftmp.csproj]
D:\C#\VM\VisionMaster\ViewModels\DialogViewModels\GlobalVariableManagerViewModel.cs(966,25): warning CS8604: “void DialogArrayEditor.Load(IEnumerable<string?> values)”中的形参“values”可能传入 null 引用实参。 [D:\C#\VM\VisionMaster\VisionMaster_teaznd42_wpftmp.csproj]
D:\C#\VM\VisionMaster\ViewModels\DialogViewModels\MotionBoardDebugTabViewModel.cs(504,72): warning CS8604: “void MotionDebugAxisRow.Update(AxisStatus? status, bool mapEnabled, bool deviceOnline, bool deviceHomed, string modeText)”中的形参“modeText”可能传入 null 引用实参。 [D:\C#\VM\VisionMaster\VisionMaster_teaznd42_wpftmp.csproj]
D:\C#\VM\VisionMaster\ViewModels\DialogViewModels\PluginConfigShellViewModel.cs(328,29): warning CS8625: 无法将 null 字面量转换为非 null 的引用类型。 [D:\C#\VM\VisionMaster\VisionMaster_teaznd42_wpftmp.csproj]
D:\C#\VM\VisionMaster\ViewModels\DialogViewModels\PluginConfigShellViewModel.cs(350,46): warning CS8600: 将 null 文本或可能的 null 值转换为不可为 null 类型。 [D:\C#\VM\VisionMaster\VisionMaster_teaznd42_wpftmp.csproj]
D:\C#\VM\VisionMaster\ViewModels\DialogViewModels\PluginConfigShellViewModel.cs(351,39): warning CS8600: 将 null 文本或可能的 null 值转换为不可为 null 类型。 [D:\C#\VM\VisionMaster\VisionMaster_teaznd42_wpftmp.csproj]
D:\C#\VM\VisionMaster\ViewModels\DialogViewModels\PluginConfigShellViewModel.cs(352,35): warning CS8600: 将 null 文本或可能的 null 值转换为不可为 null 类型。 [D:\C#\VM\VisionMaster\VisionMaster_teaznd42_wpftmp.csproj]
D:\C#\VM\VisionMaster\ViewModels\DialogViewModels\PluginConfigShellViewModel.cs(376,69): warning CS8604: “void PluginConfigShellViewModel.CompleteExecute(int runId, PluginExecuteResult result, FlowSession session, bool cancelled, Exception error)”中的形参“result”可能传入 null 引用实参。 [D:\C#\VM\VisionMaster\VisionMaster_teaznd42_wpftmp.csproj]
D:\C#\VM\VisionMaster\ViewModels\DialogViewModels\PluginConfigShellViewModel.cs(376,77): warning CS8604: “void PluginConfigShellViewModel.CompleteExecute(int runId, PluginExecuteResult result, FlowSession session, bool cancelled, Exception error)”中的形参“session”可能传入 null 引用实参。 [D:\C#\VM\VisionMaster\VisionMaster_teaznd42_wpftmp.csproj]
D:\C#\VM\VisionMaster\ViewModels\DialogViewModels\PluginConfigShellViewModel.cs(376,97): warning CS8604: “void PluginConfigShellViewModel.CompleteExecute(int runId, PluginExecuteResult result, FlowSession session, bool cancelled, Exception error)”中的形参“error”可能传入 null 引用实参。 [D:\C#\VM\VisionMaster\VisionMaster_teaznd42_wpftmp.csproj]
D:\C#\VM\VisionMaster\ViewModels\DialogViewModels\GlobalVariableManagerViewModel.cs(1113,40): warning CS8622: “void GlobalVariableManagerViewModel.OnVariableValueChanged(object sender, EventArgs e)”的参数“sender”类型中引用类型的为 Null 性与目标委托“EventHandler”不匹配(可能是由于为 Null 性特性)。 [D:\C#\VM\VisionMaster\VisionMaster_teaznd42_wpftmp.csproj]
D:\C#\VM\VisionMaster\ShellViewModel.cs(591,29): warning CS0169: 从不使用字段“ShellViewModel._currentSession” [D:\C#\VM\VisionMaster\VisionMaster_teaznd42_wpftmp.csproj]

生成失败。

C:\Program Files\dotnet\sdk\9.0.318\Microsoft.Common.CurrentVersion.targets(2433,5): warning MSB3245: 未能解析此引用。未能找到程序集“System.Resources.Extensions”。请检查磁盘上是否存在该程序集。 如果您的代码需要此引用，则可能出现编译错误。 [D:\C#\VM\DLL\HslCommunication\HslCommunication.csproj]
D:\C#\VM\VisionMaster\ViewModels\DialogViewModels\VariableBindingViewModel.cs(512,62): warning CS8625: 无法将 null 字面量转换为非 null 的引用类型。 [D:\C#\VM\VisionMaster\VisionMaster_teaznd42_wpftmp.csproj]
D:\C#\VM\VisionMaster\Services\StepParameterDialog.cs(53,112): warning CS8625: 无法将 null 字面量转换为非 null 的引用类型。 [D:\C#\VM\VisionMaster\VisionMaster_teaznd42_wpftmp.csproj]
D:\C#\VM\VisionMaster\Views\ScadaRuntimeWindow.xaml.cs(41,23): warning CS8622: “void ScadaRuntimeWindow.OnWindowClosed(object sender, EventArgs e)”的参数“sender”类型中引用类型的为 Null 性与目标委托“EventHandler”不匹配(可能是由于为 Null 性特性)。 [D:\C#\VM\VisionMaster\VisionMaster_teaznd42_wpftmp.csproj]
D:\C#\VM\VisionMaster\Services\Camera\NetworkCameraServer.cs(131,23): warning CS8625: 无法将 null 字面量转换为非 null 的引用类型。 [D:\C#\VM\VisionMaster\VisionMaster_teaznd42_wpftmp.csproj]
D:\C#\VM\VisionMaster\Services\Camera\CameraProvider.cs(196,20): warning CS8603: 可能返回 null 引用。 [D:\C#\VM\VisionMaster\VisionMaster_teaznd42_wpftmp.csproj]
D:\C#\VM\VisionMaster\Services\Camera\CameraProvider.cs(210,59): warning CS8601: 可能的 null 引用赋值。 [D:\C#\VM\VisionMaster\VisionMaster_teaznd42_wpftmp.csproj]
D:\C#\VM\VisionMaster\Services\Camera\CameraProvider.cs(219,22): warning CS8625: 无法将 null 字面量转换为非 null 的引用类型。 [D:\C#\VM\VisionMaster\VisionMaster_teaznd42_wpftmp.csproj]
D:\C#\VM\VisionMaster\Services\Camera\CameraProvider.cs(227,53): warning CS8601: 可能的 null 引用赋值。 [D:\C#\VM\VisionMaster\VisionMaster_teaznd42_wpftmp.csproj]
D:\C#\VM\VisionMaster\ShellViewModel.cs(77,43): warning CS8603: 可能返回 null 引用。 [D:\C#\VM\VisionMaster\VisionMaster_teaznd42_wpftmp.csproj]
D:\C#\VM\VisionMaster\Services\Camera\NetworkCameraServer.cs(261,22): warning CS8625: 无法将 null 字面量转换为非 null 的引用类型。 [D:\C#\VM\VisionMaster\VisionMaster_teaznd42_wpftmp.csproj]
D:\C#\VM\VisionMaster\Services\Camera\NetworkCameraServer.cs(262,20): warning CS8625: 无法将 null 字面量转换为非 null 的引用类型。 [D:\C#\VM\VisionMaster\VisionMaster_teaznd42_wpftmp.csproj]
D:\C#\VM\VisionMaster\Services\StepParameterDialog.cs(65,41): warning CS8600: 将 null 文本或可能的 null 值转换为不可为 null 类型。 [D:\C#\VM\VisionMaster\VisionMaster_teaznd42_wpftmp.csproj]
D:\C#\VM\VisionMaster\Services\StepParameterDialog.cs(76,51): warning CS8604: “AutoPortConfigView.AutoPortConfigView(IVisionPlugin plugin)”中的形参“plugin”可能传入 null 引用实参。 [D:\C#\VM\VisionMaster\VisionMaster_teaznd42_wpftmp.csproj]
D:\C#\VM\VisionMaster\Services\StepParameterDialog.cs(135,24): warning CS8603: 可能返回 null 引用。 [D:\C#\VM\VisionMaster\VisionMaster_teaznd42_wpftmp.csproj]
D:\C#\VM\VisionMaster\Services\StepParameterDialog.cs(141,28): warning CS8603: 可能返回 null 引用。 [D:\C#\VM\VisionMaster\VisionMaster_teaznd42_wpftmp.csproj]
D:\C#\VM\VisionMaster\Services\StepParameterDialog.cs(148,24): warning CS8603: 可能返回 null 引用。 [D:\C#\VM\VisionMaster\VisionMaster_teaznd42_wpftmp.csproj]
D:\C#\VM\VisionMaster\Services\StepParameterDialog.cs(152,24): warning CS8603: 可能返回 null 引用。 [D:\C#\VM\VisionMaster\VisionMaster_teaznd42_wpftmp.csproj]
D:\C#\VM\VisionMaster\Services\Camera\CameraProvider.cs(304,32): warning CS8625: 无法将 null 字面量转换为非 null 的引用类型。 [D:\C#\VM\VisionMaster\VisionMaster_teaznd42_wpftmp.csproj]
D:\C#\VM\VisionMaster\Services\Camera\CameraProvider.cs(360,28): warning CS8604: “void CameraProvider.RememberSynced(SolutionModel solution, int count)”中的形参“solution”可能传入 null 引用实参。 [D:\C#\VM\VisionMaster\VisionMaster_teaznd42_wpftmp.csproj]
D:\C#\VM\VisionMaster\Services\FlowOutputCollector.cs(48,51): warning CS8604: “Dictionary<string, Guid> FlowOutputCollector.BuildStepNameIndex(FlowSession session)”中的形参“session”可能传入 null 引用实参。 [D:\C#\VM\VisionMaster\VisionMaster_teaznd42_wpftmp.csproj]
D:\C#\VM\VisionMaster\Services\FlowOutputCollector.cs(114,77): warning CS8603: 可能返回 null 引用。 [D:\C#\VM\VisionMaster\VisionMaster_teaznd42_wpftmp.csproj]
D:\C#\VM\VisionMaster\Services\FlowOutputCollector.cs(115,20): warning CS8603: 可能返回 null 引用。 [D:\C#\VM\VisionMaster\VisionMaster_teaznd42_wpftmp.csproj]
D:\C#\VM\VisionMaster\Services\FlowOutputCollector.cs(127,31): warning CS8600: 将 null 文本或可能的 null 值转换为不可为 null 类型。 [D:\C#\VM\VisionMaster\VisionMaster_teaznd42_wpftmp.csproj]
D:\C#\VM\VisionMaster\Services\FlowOutputCollector.cs(137,62): warning CS8604: “object FlowOutputCollector.ToJsonValue(object value)”中的形参“value”可能传入 null 引用实参。 [D:\C#\VM\VisionMaster\VisionMaster_teaznd42_wpftmp.csproj]
D:\C#\VM\VisionMaster\Services\Camera\CameraProvider.cs(433,24): warning CS8603: 可能返回 null 引用。 [D:\C#\VM\VisionMaster\VisionMaster_teaznd42_wpftmp.csproj]
D:\C#\VM\VisionMaster\Services\Camera\CameraProvider.cs(444,28): warning CS8603: 可能返回 null 引用。 [D:\C#\VM\VisionMaster\VisionMaster_teaznd42_wpftmp.csproj]
D:\C#\VM\VisionMaster\Services\Camera\CameraProvider.cs(457,24): warning CS8603: 可能返回 null 引用。 [D:\C#\VM\VisionMaster\VisionMaster_teaznd42_wpftmp.csproj]
D:\C#\VM\VisionMaster\Services\HttpImageServer.cs(140,23): warning CS8625: 无法将 null 字面量转换为非 null 的引用类型。 [D:\C#\VM\VisionMaster\VisionMaster_teaznd42_wpftmp.csproj]
D:\C#\VM\VisionMaster\ShellViewModel.cs(334,55): warning CS8622: “void ShellViewModel.OnSessionStateChanged(object sender, SessionStateChangedEventArgs e)”的参数“sender”类型中引用类型的为 Null 性与目标委托“EventHandler<SessionStateChangedEventArgs>”不匹配(可能是由于为 Null 性特性)。 [D:\C#\VM\VisionMaster\VisionMaster_teaznd42_wpftmp.csproj]
D:\C#\VM\VisionMaster\ShellViewModel.cs(296,16): warning CS9264: 在退出构造函数时，不可为 null 的 属性 'HandleCountStr' 必须包含非 null 值。请考虑添加“required”修饰符，或将 属性 声明为可为 null，或安全地处理“get”访问器中“field”为 null 的情况。 [D:\C#\VM\VisionMaster\VisionMaster_teaznd42_wpftmp.csproj]
D:\C#\VM\VisionMaster\ShellViewModel.cs(296,16): warning CS9264: 在退出构造函数时，不可为 null 的 属性 'ThreadCountStr' 必须包含非 null 值。请考虑添加“required”修饰符，或将 属性 声明为可为 null，或安全地处理“get”访问器中“field”为 null 的情况。 [D:\C#\VM\VisionMaster\VisionMaster_teaznd42_wpftmp.csproj]
D:\C#\VM\VisionMaster\ShellViewModel.cs(296,16): warning CS9264: 在退出构造函数时，不可为 null 的 属性 'CpuUsageStr' 必须包含非 null 值。请考虑添加“required”修饰符，或将 属性 声明为可为 null，或安全地处理“get”访问器中“field”为 null 的情况。 [D:\C#\VM\VisionMaster\VisionMaster_teaznd42_wpftmp.csproj]
D:\C#\VM\VisionMaster\ShellViewModel.cs(296,16): warning CS9264: 在退出构造函数时，不可为 null 的 属性 'MemoryUsageStr' 必须包含非 null 值。请考虑添加“required”修饰符，或将 属性 声明为可为 null，或安全地处理“get”访问器中“field”为 null 的情况。 [D:\C#\VM\VisionMaster\VisionMaster_teaznd42_wpftmp.csproj]
D:\C#\VM\VisionMaster\ShellViewModel.cs(296,16): warning CS9264: 在退出构造函数时，不可为 null 的 属性 'CurrentTimeText' 必须包含非 null 值。请考虑添加“required”修饰符，或将 属性 声明为可为 null，或安全地处理“get”访问器中“field”为 null 的情况。 [D:\C#\VM\VisionMaster\VisionMaster_teaznd42_wpftmp.csproj]
D:\C#\VM\VisionMaster\Services\HttpImageServer.cs(241,42): warning CS8604: “object HttpImageServer.Fail(ApiRequest req, int statusCode, string message)”中的形参“message”可能传入 null 引用实参。 [D:\C#\VM\VisionMaster\VisionMaster_teaznd42_wpftmp.csproj]
D:\C#\VM\VisionMaster\Services\Help\HelpCatalogService.cs(187,29): warning CS8601: 可能的 null 引用赋值。 [D:\C#\VM\VisionMaster\VisionMaster_teaznd42_wpftmp.csproj]
D:\C#\VM\VisionMaster\Services\HttpImageServer.cs(329,39): warning CS8603: 可能返回 null 引用。 [D:\C#\VM\VisionMaster\VisionMaster_teaznd42_wpftmp.csproj]
D:\C#\VM\VisionMaster\Services\HttpImageServer.cs(333,20): warning CS8603: 可能返回 null 引用。 [D:\C#\VM\VisionMaster\VisionMaster_teaznd42_wpftmp.csproj]
D:\C#\VM\VisionMaster\Services\FlowOutputCollector.cs(165,28): warning CS8603: 可能返回 null 引用。 [D:\C#\VM\VisionMaster\VisionMaster_teaznd42_wpftmp.csproj]
D:\C#\VM\VisionMaster\Services\FlowOutputCollector.cs(230,28): warning CS8603: 可能返回 null 引用。 [D:\C#\VM\VisionMaster\VisionMaster_teaznd42_wpftmp.csproj]
D:\C#\VM\VisionMaster\ViewModels\DebugHitViewModel.cs(70,16): warning CS9264: 在退出构造函数时，不可为 null 的 属性 'Header' 必须包含非 null 值。请考虑添加“required”修饰符，或将 属性 声明为可为 null，或安全地处理“get”访问器中“field”为 null 的情况。 [D:\C#\VM\VisionMaster\VisionMaster_teaznd42_wpftmp.csproj]
D:\C#\VM\VisionMaster\ViewModels\DebugHitViewModel.cs(70,16): warning CS9264: 在退出构造函数时，不可为 null 的 属性 'FlowName' 必须包含非 null 值。请考虑添加“required”修饰符，或将 属性 声明为可为 null，或安全地处理“get”访问器中“field”为 null 的情况。 [D:\C#\VM\VisionMaster\VisionMaster_teaznd42_wpftmp.csproj]
D:\C#\VM\VisionMaster\ViewModels\DebugHitViewModel.cs(70,16): warning CS9264: 在退出构造函数时，不可为 null 的 属性 'StepName' 必须包含非 null 值。请考虑添加“required”修饰符，或将 属性 声明为可为 null，或安全地处理“get”访问器中“field”为 null 的情况。 [D:\C#\VM\VisionMaster\VisionMaster_teaznd42_wpftmp.csproj]
D:\C#\VM\VisionMaster\ViewModels\DialogViewModels\VariableBindingViewModel.cs(67,38): warning CS8625: 无法将 null 字面量转换为非 null 的引用类型。 [D:\C#\VM\VisionMaster\VisionMaster_teaznd42_wpftmp.csproj]
D:\C#\VM\VisionMaster\Services\ImageCollectionService.cs(304,17): warning CS8602: 解引用可能出现空引用。 [D:\C#\VM\VisionMaster\VisionMaster_teaznd42_wpftmp.csproj]
D:\C#\VM\VisionMaster\Services\ScadaVariablePicker.cs(40,35): warning CS8604: “void ParametersBase.Add(string key, object value)”中的形参“value”可能传入 null 引用实参。 [D:\C#\VM\VisionMaster\VisionMaster_teaznd42_wpftmp.csproj]
D:\C#\VM\VisionMaster\ViewModels\DialogViewModels\VariableBindingViewModel.cs(260,33): warning CS8601: 可能的 null 引用赋值。 [D:\C#\VM\VisionMaster\VisionMaster_teaznd42_wpftmp.csproj]
D:\C#\VM\VisionMaster\ViewModels\DialogViewModels\SolutionListViewModel.cs(215,32): warning CS8601: 可能的 null 引用赋值。 [D:\C#\VM\VisionMaster\VisionMaster_teaznd42_wpftmp.csproj]
D:\C#\VM\VisionMaster\ViewModels\DialogViewModels\VariableBindingViewModel.cs(538,62): warning CS8604: “InputPortUIModel.InputPortUIModel(PortDefinition schema, string linkedAddress)”中的形参“linkedAddress”可能传入 null 引用实参。 [D:\C#\VM\VisionMaster\VisionMaster_teaznd42_wpftmp.csproj]
D:\C#\VM\VisionMaster\ViewModels\DialogViewModels\VariableBindingViewModel.cs(604,17): warning CS8601: 可能的 null 引用赋值。 [D:\C#\VM\VisionMaster\VisionMaster_teaznd42_wpftmp.csproj]
D:\C#\VM\VisionMaster\ViewModels\DialogViewModels\VariableBindingViewModel.cs(610,23): warning CS8604: “void VariableBindingViewModel.BuildTree(IDialogParameters parameters = null)”中的形参“parameters”可能传入 null 引用实参。 [D:\C#\VM\VisionMaster\VisionMaster_teaznd42_wpftmp.csproj]
D:\C#\VM\VisionMaster\Views\DialogViews\ConditionEditorView.xaml.cs(355,58): warning CS8603: 可能返回 null 引用。 [D:\C#\VM\VisionMaster\VisionMaster_teaznd42_wpftmp.csproj]
D:\C#\VM\VisionMaster\ShellViewModel.cs(921,42): warning CS8602: 解引用可能出现空引用。 [D:\C#\VM\VisionMaster\VisionMaster_teaznd42_wpftmp.csproj]
D:\C#\VM\VisionMaster\ViewModels\FlowListViewModel.cs(66,16): warning CS9264: 在退出构造函数时，不可为 null 的 属性 'SelectFlow' 必须包含非 null 值。请考虑添加“required”修饰符，或将 属性 声明为可为 null，或安全地处理“get”访问器中“field”为 null 的情况。 [D:\C#\VM\VisionMaster\VisionMaster_teaznd42_wpftmp.csproj]
D:\C#\VM\VisionMaster\Views\DialogViews\ConditionEditorView.xaml.cs(52,41): warning CS8622: “void ConditionEditorView.Vm_BranchChanged(object sender, StepCollection e)”的参数“sender”类型中引用类型的为 Null 性与目标委托“EventHandler<StepCollection>”不匹配(可能是由于为 Null 性特性)。 [D:\C#\VM\VisionMaster\VisionMaster_teaznd42_wpftmp.csproj]
D:\C#\VM\VisionMaster\Views\DialogViews\ConditionEditorView.xaml.cs(53,41): warning CS8622: “void ConditionEditorView.Vm_BranchChanged(object sender, StepCollection e)”的参数“sender”类型中引用类型的为 Null 性与目标委托“EventHandler<StepCollection>”不匹配(可能是由于为 Null 性特性)。 [D:\C#\VM\VisionMaster\VisionMaster_teaznd42_wpftmp.csproj]
D:\C#\VM\VisionMaster\Views\DialogViews\ConditionEditorView.xaml.cs(55,55): warning CS8622: “void ConditionEditorView.Variables_CollectionChanged(object sender, NotifyCollectionChangedEventArgs e)”的参数“sender”类型中引用类型的为 Null 性与目标委托“NotifyCollectionChangedEventHandler”不匹配(可能是由于为 Null 性特性)。 [D:\C#\VM\VisionMaster\VisionMaster_teaznd42_wpftmp.csproj]
D:\C#\VM\VisionMaster\Views\DialogViews\ConditionEditorView.xaml.cs(56,55): warning CS8622: “void ConditionEditorView.Variables_CollectionChanged(object sender, NotifyCollectionChangedEventArgs e)”的参数“sender”类型中引用类型的为 Null 性与目标委托“NotifyCollectionChangedEventHandler”不匹配(可能是由于为 Null 性特性)。 [D:\C#\VM\VisionMaster\VisionMaster_teaznd42_wpftmp.csproj]
D:\C#\VM\VisionMaster\Views\DialogViews\ConditionEditorView.xaml.cs(178,76): warning CS8625: 无法将 null 字面量转换为非 null 的引用类型。 [D:\C#\VM\VisionMaster\VisionMaster_teaznd42_wpftmp.csproj]
D:\C#\VM\VisionMaster\Views\DialogViews\ConditionEditorView.xaml.cs(182,37): warning CS8625: 无法将 null 字面量转换为非 null 的引用类型。 [D:\C#\VM\VisionMaster\VisionMaster_teaznd42_wpftmp.csproj]
D:\C#\VM\VisionMaster\ViewModels\FlowListViewModel.cs(149,48): warning CS8604: “int Collection<FlowModel>.IndexOf(FlowModel item)”中的形参“item”可能传入 null 引用实参。 [D:\C#\VM\VisionMaster\VisionMaster_teaznd42_wpftmp.csproj]
D:\C#\VM\VisionMaster\ViewModels\FlowListViewModel.cs(153,52): warning CS8604: “bool MandatoryFlows.IsMandatory(FlowModel flow)”中的形参“flow”可能传入 null 引用实参。 [D:\C#\VM\VisionMaster\VisionMaster_teaznd42_wpftmp.csproj]
D:\C#\VM\VisionMaster\ViewModels\FlowListViewModel.cs(171,25): warning CS8602: 解引用可能出现空引用。 [D:\C#\VM\VisionMaster\VisionMaster_teaznd42_wpftmp.csproj]
D:\C#\VM\VisionMaster\ViewModels\FlowListViewModel.cs(206,79): warning CS8602: 解引用可能出现空引用。 [D:\C#\VM\VisionMaster\VisionMaster_teaznd42_wpftmp.csproj]
D:\C#\VM\VisionMaster\Views\DialogViews\ConditionEditorView.xaml.cs(191,40): warning CS8622: “void ConditionEditorView.Vm_BranchChanged(object sender, StepCollection e)”的参数“sender”类型中引用类型的为 Null 性与目标委托“EventHandler<StepCollection>”不匹配(可能是由于为 Null 性特性)。 [D:\C#\VM\VisionMaster\VisionMaster_teaznd42_wpftmp.csproj]
D:\C#\VM\VisionMaster\Views\DialogViews\ConditionEditorView.xaml.cs(192,54): warning CS8622: “void ConditionEditorView.Variables_CollectionChanged(object sender, NotifyCollectionChangedEventArgs e)”的参数“sender”类型中引用类型的为 Null 性与目标委托“NotifyCollectionChangedEventHandler”不匹配(可能是由于为 Null 性特性)。 [D:\C#\VM\VisionMaster\VisionMaster_teaznd42_wpftmp.csproj]
D:\C#\VM\VisionMaster\Views\DialogViews\ConditionEditorView.xaml.cs(198,40): warning CS8622: “void ConditionEditorView.Vm_BranchChanged(object sender, StepCollection e)”的参数“sender”类型中引用类型的为 Null 性与目标委托“EventHandler<StepCollection>”不匹配(可能是由于为 Null 性特性)。 [D:\C#\VM\VisionMaster\VisionMaster_teaznd42_wpftmp.csproj]
D:\C#\VM\VisionMaster\Views\DialogViews\ConditionEditorView.xaml.cs(199,54): warning CS8622: “void ConditionEditorView.Variables_CollectionChanged(object sender, NotifyCollectionChangedEventArgs e)”的参数“sender”类型中引用类型的为 Null 性与目标委托“NotifyCollectionChangedEventHandler”不匹配(可能是由于为 Null 性特性)。 [D:\C#\VM\VisionMaster\VisionMaster_teaznd42_wpftmp.csproj]
D:\C#\VM\VisionMaster\ViewModels\FlowListViewModel.cs(268,28): warning CS1998: This async method lacks 'await' operators and will run synchronously. Consider using the 'await' operator to await non-blocking API calls, or 'await Task.Run(...)' to do CPU-bound work on a background thread. [D:\C#\VM\VisionMaster\VisionMaster_teaznd42_wpftmp.csproj]
D:\C#\VM\VisionMaster\Views\DialogViews\ConditionEditorView.xaml.cs(218,46): warning CS8622: “void ConditionEditorView.VariableItem_PropertyChanged(object sender, PropertyChangedEventArgs e)”的参数“sender”类型中引用类型的为 Null 性与目标委托“PropertyChangedEventHandler”不匹配(可能是由于为 Null 性特性)。 [D:\C#\VM\VisionMaster\VisionMaster_teaznd42_wpftmp.csproj]
D:\C#\VM\VisionMaster\Views\DialogViews\ConditionEditorView.xaml.cs(219,46): warning CS8622: “void ConditionEditorView.VariableItem_PropertyChanged(object sender, PropertyChangedEventArgs e)”的参数“sender”类型中引用类型的为 Null 性与目标委托“PropertyChangedEventHandler”不匹配(可能是由于为 Null 性特性)。 [D:\C#\VM\VisionMaster\VisionMaster_teaznd42_wpftmp.csproj]
D:\C#\VM\VisionMaster\ViewModels\LogViewModel.cs(83,45): warning CS8622: “void LogViewModel.OnSystemLogsChanged(object sender, NotifyCollectionChangedEventArgs e)”的参数“sender”类型中引用类型的为 Null 性与目标委托“NotifyCollectionChangedEventHandler”不匹配(可能是由于为 Null 性特性)。 [D:\C#\VM\VisionMaster\VisionMaster_teaznd42_wpftmp.csproj]
D:\C#\VM\VisionMaster\ViewModels\LogViewModel.cs(106,32): warning CS8604: “void LogViewModel.BumpCounts(IList items, int delta)”中的形参“items”可能传入 null 引用实参。 [D:\C#\VM\VisionMaster\VisionMaster_teaznd42_wpftmp.csproj]
D:\C#\VM\VisionMaster\ViewModels\LogViewModel.cs(109,32): warning CS8604: “void LogViewModel.BumpCounts(IList items, int delta)”中的形参“items”可能传入 null 引用实参。 [D:\C#\VM\VisionMaster\VisionMaster_teaznd42_wpftmp.csproj]
D:\C#\VM\VisionMaster\Services\LayoutHelper.cs(88,20): warning CS8603: 可能返回 null 引用。 [D:\C#\VM\VisionMaster\VisionMaster_teaznd42_wpftmp.csproj]
D:\C#\VM\VisionMaster\ViewModels\LogViewModel.cs(145,16): warning CS8603: 可能返回 null 引用。 [D:\C#\VM\VisionMaster\VisionMaster_teaznd42_wpftmp.csproj]
D:\C#\VM\VisionMaster\Services\LayoutHelper.cs(157,45): warning CS8603: 可能返回 null 引用。 [D:\C#\VM\VisionMaster\VisionMaster_teaznd42_wpftmp.csproj]
D:\C#\VM\VisionMaster\Services\LayoutHelper.cs(172,24): warning CS8603: 可能返回 null 引用。 [D:\C#\VM\VisionMaster\VisionMaster_teaznd42_wpftmp.csproj]
D:\C#\VM\VisionMaster\Services\LayoutHelper.cs(275,26): warning CS8625: 无法将 null 字面量转换为非 null 的引用类型。 [D:\C#\VM\VisionMaster\VisionMaster_teaznd42_wpftmp.csproj]
D:\C#\VM\VisionMaster\Services\LayoutHelper.cs(329,57): warning CS8603: 可能返回 null 引用。 [D:\C#\VM\VisionMaster\VisionMaster_teaznd42_wpftmp.csproj]
D:\C#\VM\VisionMaster\Services\LayoutHelper.cs(332,41): warning CS8603: 可能返回 null 引用。 [D:\C#\VM\VisionMaster\VisionMaster_teaznd42_wpftmp.csproj]
D:\C#\VM\VisionMaster\Services\LayoutHelper.cs(334,20): warning CS8603: 可能返回 null 引用。 [D:\C#\VM\VisionMaster\VisionMaster_teaznd42_wpftmp.csproj]
D:\C#\VM\VisionMaster\ShellViewModel.cs(1366,39): warning CS8603: 可能返回 null 引用。 [D:\C#\VM\VisionMaster\VisionMaster_teaznd42_wpftmp.csproj]
D:\C#\VM\VisionMaster\ShellViewModel.cs(1374,20): warning CS8603: 可能返回 null 引用。 [D:\C#\VM\VisionMaster\VisionMaster_teaznd42_wpftmp.csproj]
D:\C#\VM\VisionMaster\ShellViewModel.cs(1379,39): warning CS8603: 可能返回 null 引用。 [D:\C#\VM\VisionMaster\VisionMaster_teaznd42_wpftmp.csproj]
D:\C#\VM\VisionMaster\ShellViewModel.cs(1390,56): warning CS8604: “StepModel ShellViewModel.FindDebugStoppedStep(IEnumerable<StepModel> steps)”中的形参“steps”可能传入 null 引用实参。 [D:\C#\VM\VisionMaster\VisionMaster_teaznd42_wpftmp.csproj]
D:\C#\VM\VisionMaster\ShellViewModel.cs(1396,20): warning CS8603: 可能返回 null 引用。 [D:\C#\VM\VisionMaster\VisionMaster_teaznd42_wpftmp.csproj]
D:\C#\VM\VisionMaster\ViewModels\MonitorViewModel.cs(117,61): warning CS8622: “void MonitorViewModel.OnGlobalVariablesChanged(object sender, NotifyCollectionChangedEventArgs e)”的参数“sender”类型中引用类型的为 Null 性与目标委托“NotifyCollectionChangedEventHandler”不匹配(可能是由于为 Null 性特性)。 [D:\C#\VM\VisionMaster\VisionMaster_teaznd42_wpftmp.csproj]
D:\C#\VM\VisionMaster\ViewModels\MonitorViewModel.cs(123,60): warning CS8622: “void MonitorViewModel.OnVariableRenamed(object sender, VariableRenamedEventArgs e)”的参数“sender”类型中引用类型的为 Null 性与目标委托“EventHandler<VariableRenamedEventArgs>”不匹配(可能是由于为 Null 性特性)。 [D:\C#\VM\VisionMaster\VisionMaster_teaznd42_wpftmp.csproj]
D:\C#\VM\VisionMaster\ViewModels\MonitorViewModel.cs(131,50): warning CS8622: “void MonitorViewModel.OnWorkspacePropertyChanged(object sender, PropertyChangedEventArgs e)”的参数“sender”类型中引用类型的为 Null 性与目标委托“PropertyChangedEventHandler”不匹配(可能是由于为 Null 性特性)。 [D:\C#\VM\VisionMaster\VisionMaster_teaznd42_wpftmp.csproj]
D:\C#\VM\VisionMaster\ViewModels\MonitorViewModel.cs(138,65): warning CS8622: “void MonitorViewModel.OnSessionsChanged(object sender, NotifyCollectionChangedEventArgs e)”的参数“sender”类型中引用类型的为 Null 性与目标委托“NotifyCollectionChangedEventHandler”不匹配(可能是由于为 Null 性特性)。 [D:\C#\VM\VisionMaster\VisionMaster_teaznd42_wpftmp.csproj]
D:\C#\VM\VisionMaster\ViewModels\MonitorViewModel.cs(184,64): warning CS8622: “void MonitorViewModel.OnWatchItemsChanged(object sender, NotifyCollectionChangedEventArgs e)”的参数“sender”类型中引用类型的为 Null 性与目标委托“NotifyCollectionChangedEventHandler”不匹配(可能是由于为 Null 性特性)。 [D:\C#\VM\VisionMaster\VisionMaster_teaznd42_wpftmp.csproj]
D:\C#\VM\VisionMaster\ViewModels\MonitorViewModel.cs(185,45): warning CS8625: 无法将 null 字面量转换为非 null 的引用类型。 [D:\C#\VM\VisionMaster\VisionMaster_teaznd42_wpftmp.csproj]
D:\C#\VM\VisionMaster\ViewModels\MonitorViewModel.cs(196,60): warning CS8622: “void MonitorViewModel.OnWatchItemsChanged(object sender, NotifyCollectionChangedEventArgs e)”的参数“sender”类型中引用类型的为 Null 性与目标委托“NotifyCollectionChangedEventHandler”不匹配(可能是由于为 Null 性特性)。 [D:\C#\VM\VisionMaster\VisionMaster_teaznd42_wpftmp.csproj]
D:\C#\VM\VisionMaster\ViewModels\MonitorViewModel.cs(198,56): warning CS8622: “void MonitorViewModel.OnWatchItemsChanged(object sender, NotifyCollectionChangedEventArgs e)”的参数“sender”类型中引用类型的为 Null 性与目标委托“NotifyCollectionChangedEventHandler”不匹配(可能是由于为 Null 性特性)。 [D:\C#\VM\VisionMaster\VisionMaster_teaznd42_wpftmp.csproj]
D:\C#\VM\VisionMaster\Services\NetworkVariableBridge.cs(110,29): warning CS8601: 可能的 null 引用赋值。 [D:\C#\VM\VisionMaster\VisionMaster_teaznd42_wpftmp.csproj]
D:\C#\VM\VisionMaster\Services\LayoutHelper.cs(422,50): warning CS8604: “bool Dictionary<string, Func<object>>.TryGetValue(string key, out Func<object> value)”中的形参“key”可能传入 null 引用实参。 [D:\C#\VM\VisionMaster\VisionMaster_teaznd42_wpftmp.csproj]
D:\C#\VM\VisionMaster\Services\LayoutHelper.cs(439,32): warning CS8600: 将 null 文本或可能的 null 值转换为不可为 null 类型。 [D:\C#\VM\VisionMaster\VisionMaster_teaznd42_wpftmp.csproj]
D:\C#\VM\VisionMaster\ViewModels\MonitorViewModel.cs(320,173): warning CS8625: 无法将 null 字面量转换为非 null 的引用类型。 [D:\C#\VM\VisionMaster\VisionMaster_teaznd42_wpftmp.csproj]
D:\C#\VM\VisionMaster\ViewModels\DialogViewModels\ConditionEditorViewModel .cs(162,31): warning CS8625: 无法将 null 字面量转换为非 null 的引用类型。 [D:\C#\VM\VisionMaster\VisionMaster_teaznd42_wpftmp.csproj]
D:\C#\VM\VisionMaster\ViewModels\DialogViewModels\ConditionEditorViewModel .cs(171,68): warning CS8601: 可能的 null 引用赋值。 [D:\C#\VM\VisionMaster\VisionMaster_teaznd42_wpftmp.csproj]
D:\C#\VM\VisionMaster\ViewModels\DialogViewModels\ConditionEditorViewModel .cs(172,39): warning CS8601: 可能的 null 引用赋值。 [D:\C#\VM\VisionMaster\VisionMaster_teaznd42_wpftmp.csproj]
D:\C#\VM\VisionMaster\ViewModels\DialogViewModels\ConditionEditorViewModel .cs(222,44): warning CS8600: 将 null 文本或可能的 null 值转换为不可为 null 类型。 [D:\C#\VM\VisionMaster\VisionMaster_teaznd42_wpftmp.csproj]
D:\C#\VM\VisionMaster\ViewModels\DialogViewModels\ConditionEditorViewModel .cs(228,30): warning CS8601: 可能的 null 引用赋值。 [D:\C#\VM\VisionMaster\VisionMaster_teaznd42_wpftmp.csproj]
D:\C#\VM\VisionMaster\ViewModels\DialogViewModels\ConditionEditorViewModel .cs(232,16): warning CS9264: 在退出构造函数时，不可为 null 的 属性 'Branches' 必须包含非 null 值。请考虑添加“required”修饰符，或将 属性 声明为可为 null，或安全地处理“get”访问器中“field”为 null 的情况。 [D:\C#\VM\VisionMaster\VisionMaster_teaznd42_wpftmp.csproj]
D:\C#\VM\VisionMaster\ViewModels\DialogViewModels\ConditionEditorViewModel .cs(232,16): warning CS9264: 在退出构造函数时，不可为 null 的 属性 'SelectedBranch' 必须包含非 null 值。请考虑添加“required”修饰符，或将 属性 声明为可为 null，或安全地处理“get”访问器中“field”为 null 的情况。 [D:\C#\VM\VisionMaster\VisionMaster_teaznd42_wpftmp.csproj]
D:\C#\VM\VisionMaster\ViewModels\DialogViewModels\ConditionEditorViewModel .cs(232,16): warning CS9264: 在退出构造函数时，不可为 null 的 属性 'JudgeExpressionDraft' 必须包含非 null 值。请考虑添加“required”修饰符，或将 属性 声明为可为 null，或安全地处理“get”访问器中“field”为 null 的情况。 [D:\C#\VM\VisionMaster\VisionMaster_teaznd42_wpftmp.csproj]
D:\C#\VM\VisionMaster\ViewModels\DialogViewModels\ConditionEditorViewModel .cs(232,16): warning CS9264: 在退出构造函数时，不可为 null 的 属性 'LoopCountSourceText' 必须包含非 null 值。请考虑添加“required”修饰符，或将 属性 声明为可为 null，或安全地处理“get”访问器中“field”为 null 的情况。 [D:\C#\VM\VisionMaster\VisionMaster_teaznd42_wpftmp.csproj]
D:\C#\VM\VisionMaster\Views\ProcessView.xaml.cs(160,28): warning CS8603: 可能返回 null 引用。 [D:\C#\VM\VisionMaster\VisionMaster_teaznd42_wpftmp.csproj]
D:\C#\VM\VisionMaster\Views\ProcessView.xaml.cs(168,20): warning CS8603: 可能返回 null 引用。 [D:\C#\VM\VisionMaster\VisionMaster_teaznd42_wpftmp.csproj]
D:\C#\VM\VisionMaster\ViewModels\DialogViewModels\ConditionEditorViewModel .cs(307,35): warning CS8625: 无法将 null 字面量转换为非 null 的引用类型。 [D:\C#\VM\VisionMaster\VisionMaster_teaznd42_wpftmp.csproj]
D:\C#\VM\VisionMaster\ViewModels\DialogViewModels\ConditionEditorViewModel .cs(308,35): warning CS8625: 无法将 null 字面量转换为非 null 的引用类型。 [D:\C#\VM\VisionMaster\VisionMaster_teaznd42_wpftmp.csproj]
D:\C#\VM\VisionMaster\ViewModels\DialogViewModels\ConditionEditorViewModel .cs(641,32): warning CS8603: 可能返回 null 引用。 [D:\C#\VM\VisionMaster\VisionMaster_teaznd42_wpftmp.csproj]
D:\C#\VM\VisionMaster\ViewModels\DialogViewModels\FlowManagerViewModel.cs(98,43): warning CS8622: “void FlowManagerViewModel.OnWorkspacePropertyChanged(object sender, PropertyChangedEventArgs e)”的参数“sender”类型中引用类型的为 Null 性与目标委托“PropertyChangedEventHandler”不匹配(可能是由于为 Null 性特性)。 [D:\C#\VM\VisionMaster\VisionMaster_teaznd42_wpftmp.csproj]
D:\C#\VM\VisionMaster\Services\ScadaPagePicker.cs(39,35): warning CS8604: “void ParametersBase.Add(string key, object value)”中的形参“value”可能传入 null 引用实参。 [D:\C#\VM\VisionMaster\VisionMaster_teaznd42_wpftmp.csproj]
D:\C#\VM\VisionMaster\ViewModels\DialogViewModels\ConditionEditorViewModel .cs(647,61): warning CS8603: 可能返回 null 引用。 [D:\C#\VM\VisionMaster\VisionMaster_teaznd42_wpftmp.csproj]
D:\C#\VM\VisionMaster\ViewModels\DialogViewModels\ConditionEditorViewModel .cs(649,32): warning CS8600: 将 null 文本或可能的 null 值转换为不可为 null 类型。 [D:\C#\VM\VisionMaster\VisionMaster_teaznd42_wpftmp.csproj]
D:\C#\VM\VisionMaster\ViewModels\DialogViewModels\ConditionEditorViewModel .cs(651,28): warning CS8603: 可能返回 null 引用。 [D:\C#\VM\VisionMaster\VisionMaster_teaznd42_wpftmp.csproj]
D:\C#\VM\VisionMaster\ViewModels\DialogViewModels\ConditionEditorViewModel .cs(656,24): warning CS8603: 可能返回 null 引用。 [D:\C#\VM\VisionMaster\VisionMaster_teaznd42_wpftmp.csproj]
D:\C#\VM\VisionMaster\ViewModels\DialogViewModels\ConditionEditorViewModel .cs(623,23): warning CS9264: 在退出构造函数时，不可为 null 的 属性 'AliasName' 必须包含非 null 值。请考虑添加“required”修饰符，或将 属性 声明为可为 null，或安全地处理“get”访问器中“field”为 null 的情况。 [D:\C#\VM\VisionMaster\VisionMaster_teaznd42_wpftmp.csproj]
D:\C#\VM\VisionMaster\ViewModels\DialogViewModels\ConditionEditorViewModel .cs(633,23): warning CS9264: 在退出构造函数时，不可为 null 的 属性 'SourceAddress' 必须包含非 null 值。请考虑添加“required”修饰符，或将 属性 声明为可为 null，或安全地处理“get”访问器中“field”为 null 的情况。 [D:\C#\VM\VisionMaster\VisionMaster_teaznd42_wpftmp.csproj]
D:\C#\VM\VisionMaster\ViewModels\ProcessViewModel.cs(94,34): warning CS8625: 无法将 null 字面量转换为非 null 的引用类型。 [D:\C#\VM\VisionMaster\VisionMaster_teaznd42_wpftmp.csproj]
D:\C#\VM\VisionMaster\ViewModels\ProcessViewModel.cs(99,44): warning CS8601: 可能的 null 引用赋值。 [D:\C#\VM\VisionMaster\VisionMaster_teaznd42_wpftmp.csproj]
D:\C#\VM\VisionMaster\ViewModels\ProcessViewModel.cs(108,42): warning CS8604: “void IWorkspaceManager.SwitchStep(StepModel step)”中的形参“step”可能传入 null 引用实参。 [D:\C#\VM\VisionMaster\VisionMaster_teaznd42_wpftmp.csproj]
D:\C#\VM\VisionMaster\ViewModels\ProcessViewModel.cs(138,16): warning CS9264: 在退出构造函数时，不可为 null 的 属性 'SelectStep' 必须包含非 null 值。请考虑添加“required”修饰符，或将 属性 声明为可为 null，或安全地处理“get”访问器中“field”为 null 的情况。 [D:\C#\VM\VisionMaster\VisionMaster_teaznd42_wpftmp.csproj]
D:\C#\VM\VisionMaster\ViewModels\DialogViewModels\ConditionEditorViewModel .cs(358,32): warning CS8600: 将 null 文本或可能的 null 值转换为不可为 null 类型。 [D:\C#\VM\VisionMaster\VisionMaster_teaznd42_wpftmp.csproj]
D:\C#\VM\VisionMaster\ViewModels\DialogViewModels\ConditionEditorViewModel .cs(459,32): warning CS8600: 将 null 文本或可能的 null 值转换为不可为 null 类型。 [D:\C#\VM\VisionMaster\VisionMaster_teaznd42_wpftmp.csproj]
D:\C#\VM\VisionMaster\ViewModels\ProcessViewModel.cs(180,54): warning CS8622: “void ProcessViewModel.OnWorkspacePropertyChanged(object sender, PropertyChangedEventArgs e)”的参数“sender”类型中引用类型的为 Null 性与目标委托“PropertyChangedEventHandler”不匹配(可能是由于为 Null 性特性)。 [D:\C#\VM\VisionMaster\VisionMaster_teaznd42_wpftmp.csproj]
D:\C#\VM\VisionMaster\ViewModels\ProcessViewModel.cs(200,54): warning CS8622: “void ProcessViewModel.OnWorkspacePropertyChanged(object sender, PropertyChangedEventArgs e)”的参数“sender”类型中引用类型的为 Null 性与目标委托“PropertyChangedEventHandler”不匹配(可能是由于为 Null 性特性)。 [D:\C#\VM\VisionMaster\VisionMaster_teaznd42_wpftmp.csproj]
D:\C#\VM\VisionMaster\ViewModels\ProcessViewModel.cs(206,33): warning CS8604: “void ProcessViewModel.TickRunningTimes(IEnumerable<StepModel> steps)”中的形参“steps”可能传入 null 引用实参。 [D:\C#\VM\VisionMaster\VisionMaster_teaznd42_wpftmp.csproj]
D:\C#\VM\VisionMaster\ViewModels\FlowCanvasViewModel.cs(1242,74): warning CS8600: 将 null 文本或可能的 null 值转换为不可为 null 类型。 [D:\C#\VM\VisionMaster\VisionMaster_teaznd42_wpftmp.csproj]
D:\C#\VM\VisionMaster\ViewModels\FlowCanvasViewModel.cs(1278,25): warning CS8604: “CanvasLinkBinding.CanvasLinkBinding(StepModel consumer, string key, string display)”中的形参“consumer”可能传入 null 引用实参。 [D:\C#\VM\VisionMaster\VisionMaster_teaznd42_wpftmp.csproj]
D:\C#\VM\VisionMaster\ViewModels\DialogViewModels\ConditionEditorViewModel .cs(492,32): warning CS8600: 将 null 文本或可能的 null 值转换为不可为 null 类型。 [D:\C#\VM\VisionMaster\VisionMaster_teaznd42_wpftmp.csproj]
D:\C#\VM\VisionMaster\ViewModels\DialogViewModels\ConditionEditorViewModel .cs(493,30): warning CS8600: 将 null 文本或可能的 null 值转换为不可为 null 类型。 [D:\C#\VM\VisionMaster\VisionMaster_teaznd42_wpftmp.csproj]
D:\C#\VM\VisionMaster\ViewModels\DialogViewModels\ConditionEditorViewModel .cs(526,29): warning CS8600: 将 null 文本或可能的 null 值转换为不可为 null 类型。 [D:\C#\VM\VisionMaster\VisionMaster_teaznd42_wpftmp.csproj]
D:\C#\VM\VisionMaster\ViewModels\MonitorViewModel.cs(538,78): warning CS8625: 无法将 null 字面量转换为非 null 的引用类型。 [D:\C#\VM\VisionMaster\VisionMaster_teaznd42_wpftmp.csproj]
D:\C#\VM\VisionMaster\ViewModels\MonitorViewModel.cs(551,69): warning CS8625: 无法将 null 字面量转换为非 null 的引用类型。 [D:\C#\VM\VisionMaster\VisionMaster_teaznd42_wpftmp.csproj]
D:\C#\VM\VisionMaster\ViewModels\MonitorViewModel.cs(577,107): warning CS8625: 无法将 null 字面量转换为非 null 的引用类型。 [D:\C#\VM\VisionMaster\VisionMaster_teaznd42_wpftmp.csproj]
D:\C#\VM\VisionMaster\ViewModels\ProcessViewModel.cs(268,41): warning CS8604: “void ParametersBase.Add(string key, object value)”中的形参“value”可能传入 null 引用实参。 [D:\C#\VM\VisionMaster\VisionMaster_teaznd42_wpftmp.csproj]
D:\C#\VM\VisionMaster\ViewModels\FlowCanvasViewModel.cs(1576,41): warning CS8604: “void Action<StepModel>.Invoke(StepModel obj)”中的形参“obj”可能传入 null 引用实参。 [D:\C#\VM\VisionMaster\VisionMaster_teaznd42_wpftmp.csproj]
D:\C#\VM\VisionMaster\ViewModels\DialogViewModels\GlobalVariableViewModelBase.cs(29,61): warning CS8622: “void GlobalVariableViewModelBase.OnGlobalVariablesCollectionChanged(object sender, NotifyCollectionChangedEventArgs e)”的参数“sender”类型中引用类型的为 Null 性与目标委托“NotifyCollectionChangedEventHandler”不匹配(可能是由于为 Null 性特性)。 [D:\C#\VM\VisionMaster\VisionMaster_teaznd42_wpftmp.csproj]
D:\C#\VM\VisionMaster\ViewModels\ProcessViewModel.cs(372,52): warning CS8625: 无法将 null 字面量转换为非 null 的引用类型。 [D:\C#\VM\VisionMaster\VisionMaster_teaznd42_wpftmp.csproj]
D:\C#\VM\VisionMaster\ViewModels\DialogViewModels\GlobalVariableViewModelBase.cs(191,65): warning CS8622: “void GlobalVariableViewModelBase.OnGlobalVariablesCollectionChanged(object sender, NotifyCollectionChangedEventArgs e)”的参数“sender”类型中引用类型的为 Null 性与目标委托“NotifyCollectionChangedEventHandler”不匹配(可能是由于为 Null 性特性)。 [D:\C#\VM\VisionMaster\VisionMaster_teaznd42_wpftmp.csproj]
D:\C#\VM\VisionMaster\ViewModels\ProcessViewModel.cs(657,24): warning CS8603: 可能返回 null 引用。 [D:\C#\VM\VisionMaster\VisionMaster_teaznd42_wpftmp.csproj]
D:\C#\VM\VisionMaster\ViewModels\ProcessViewModel.cs(668,32): warning CS8603: 可能返回 null 引用。 [D:\C#\VM\VisionMaster\VisionMaster_teaznd42_wpftmp.csproj]
D:\C#\VM\VisionMaster\ViewModels\ProcessViewModel.cs(676,20): warning CS8603: 可能返回 null 引用。 [D:\C#\VM\VisionMaster\VisionMaster_teaznd42_wpftmp.csproj]
D:\C#\VM\VisionMaster\ViewModels\ProcessViewModel.cs(779,32): warning CS8600: 将 null 文本或可能的 null 值转换为不可为 null 类型。 [D:\C#\VM\VisionMaster\VisionMaster_teaznd42_wpftmp.csproj]
D:\C#\VM\VisionMaster\ViewModels\ProcessViewModel.cs(840,36): warning CS8600: 将 null 文本或可能的 null 值转换为不可为 null 类型。 [D:\C#\VM\VisionMaster\VisionMaster_teaznd42_wpftmp.csproj]
D:\C#\VM\VisionMaster\ViewModels\DialogViewModels\GlobalVariableManagerViewModel.cs(528,16): warning CS9264: 在退出构造函数时，不可为 null 的 属性 'NewVarName' 必须包含非 null 值。请考虑添加“required”修饰符，或将 属性 声明为可为 null，或安全地处理“get”访问器中“field”为 null 的情况。 [D:\C#\VM\VisionMaster\VisionMaster_teaznd42_wpftmp.csproj]
D:\C#\VM\VisionMaster\ViewModels\DialogViewModels\GlobalVariableManagerViewModel.cs(528,16): warning CS9264: 在退出构造函数时，不可为 null 的 属性 'NewVarDescription' 必须包含非 null 值。请考虑添加“required”修饰符，或将 属性 声明为可为 null，或安全地处理“get”访问器中“field”为 null 的情况。 [D:\C#\VM\VisionMaster\VisionMaster_teaznd42_wpftmp.csproj]
D:\C#\VM\VisionMaster\ViewModels\DialogViewModels\GlobalVariableManagerViewModel.cs(596,28): warning CS8601: 可能的 null 引用赋值。 [D:\C#\VM\VisionMaster\VisionMaster_teaznd42_wpftmp.csproj]
D:\C#\VM\VisionMaster\ViewModels\DialogViewModels\GlobalVariableManagerViewModel.cs(598,37): warning CS8601: 可能的 null 引用赋值。 [D:\C#\VM\VisionMaster\VisionMaster_teaznd42_wpftmp.csproj]
D:\C#\VM\VisionMaster\ViewModels\DialogViewModels\GlobalVariableManagerViewModel.cs(671,36): warning CS8601: 可能的 null 引用赋值。 [D:\C#\VM\VisionMaster\VisionMaster_teaznd42_wpftmp.csproj]
D:\C#\VM\VisionMaster\ViewModels\DialogViewModels\GlobalVariableManagerViewModel.cs(672,36): warning CS8601: 可能的 null 引用赋值。 [D:\C#\VM\VisionMaster\VisionMaster_teaznd42_wpftmp.csproj]
D:\C#\VM\VisionMaster\ViewModels\DialogViewModels\GlobalVariableManagerViewModel.cs(674,29): warning CS8601: 可能的 null 引用赋值。 [D:\C#\VM\VisionMaster\VisionMaster_teaznd42_wpftmp.csproj]
D:\C#\VM\VisionMaster\ViewModels\DialogViewModels\GlobalVariableManagerViewModel.cs(676,29): warning CS8601: 可能的 null 引用赋值。 [D:\C#\VM\VisionMaster\VisionMaster_teaznd42_wpftmp.csproj]
D:\C#\VM\VisionMaster\ViewModels\DialogViewModels\GlobalVariableManagerViewModel.cs(701,38): warning CS8622: “void GlobalVariableManagerViewModel.OnVariableValueChanged(object sender, EventArgs e)”的参数“sender”类型中引用类型的为 Null 性与目标委托“EventHandler”不匹配(可能是由于为 Null 性特性)。 [D:\C#\VM\VisionMaster\VisionMaster_teaznd42_wpftmp.csproj]
D:\C#\VM\VisionMaster\ViewModels\DialogViewModels\GlobalVariableManagerViewModel.cs(707,38): warning CS8622: “void GlobalVariableManagerViewModel.OnVariableValueChanged(object sender, EventArgs e)”的参数“sender”类型中引用类型的为 Null 性与目标委托“EventHandler”不匹配(可能是由于为 Null 性特性)。 [D:\C#\VM\VisionMaster\VisionMaster_teaznd42_wpftmp.csproj]
D:\C#\VM\VisionMaster\ViewModels\DialogViewModels\GlobalVariableManagerViewModel.cs(752,40): warning CS8604: “Array Array.CreateInstance(Type elementType, int length)”中的形参“elementType”可能传入 null 引用实参。 [D:\C#\VM\VisionMaster\VisionMaster_teaznd42_wpftmp.csproj]
D:\C#\VM\VisionMaster\ViewModels\DialogViewModels\GlobalVariableManagerViewModel.cs(751,32): warning CS8600: 将 null 文本或可能的 null 值转换为不可为 null 类型。 [D:\C#\VM\VisionMaster\VisionMaster_teaznd42_wpftmp.csproj]
D:\C#\VM\VisionMaster\ViewModels\DialogViewModels\PluginConfigShellViewModel.cs(98,29): warning CS8625: 无法将 null 字面量转换为非 null 的引用类型。 [D:\C#\VM\VisionMaster\VisionMaster_teaznd42_wpftmp.csproj]
D:\C#\VM\VisionMaster\ViewModels\DialogViewModels\PluginConfigShellViewModel.cs(113,27): warning CS8625: 无法将 null 字面量转换为非 null 的引用类型。 [D:\C#\VM\VisionMaster\VisionMaster_teaznd42_wpftmp.csproj]
D:\C#\VM\VisionMaster\ViewModels\DialogViewModels\PluginConfigShellViewModel.cs(114,31): warning CS8625: 无法将 null 字面量转换为非 null 的引用类型。 [D:\C#\VM\VisionMaster\VisionMaster_teaznd42_wpftmp.csproj]
D:\C#\VM\VisionMaster\ViewModels\DialogViewModels\PluginConfigShellViewModel.cs(115,37): warning CS8625: 无法将 null 字面量转换为非 null 的引用类型。 [D:\C#\VM\VisionMaster\VisionMaster_teaznd42_wpftmp.csproj]
D:\C#\VM\VisionMaster\ViewModels\DialogViewModels\PluginConfigShellViewModel.cs(120,28): warning CS8625: 无法将 null 字面量转换为非 null 的引用类型。 [D:\C#\VM\VisionMaster\VisionMaster_teaznd42_wpftmp.csproj]
D:\C#\VM\VisionMaster\ViewModels\DialogViewModels\PluginConfigShellViewModel.cs(129,76): warning CS8600: 将 null 文本或可能的 null 值转换为不可为 null 类型。 [D:\C#\VM\VisionMaster\VisionMaster_teaznd42_wpftmp.csproj]
D:\C#\VM\VisionMaster\ViewModels\DialogViewModels\PluginConfigShellViewModel.cs(136,31): warning CS8601: 可能的 null 引用赋值。 [D:\C#\VM\VisionMaster\VisionMaster_teaznd42_wpftmp.csproj]
D:\C#\VM\VisionMaster\ViewModels\DialogViewModels\MotionBoardViewModel.cs(155,51): warning CS8600: 将 null 文本或可能的 null 值转换为不可为 null 类型。 [D:\C#\VM\VisionMaster\VisionMaster_teaznd42_wpftmp.csproj]
D:\C#\VM\VisionMaster\ViewModels\DialogViewModels\GlobalVariableManagerViewModel.cs(966,25): warning CS8604: “void DialogArrayEditor.Load(IEnumerable<string?> values)”中的形参“values”可能传入 null 引用实参。 [D:\C#\VM\VisionMaster\VisionMaster_teaznd42_wpftmp.csproj]
D:\C#\VM\VisionMaster\ViewModels\DialogViewModels\MotionBoardDebugTabViewModel.cs(504,72): warning CS8604: “void MotionDebugAxisRow.Update(AxisStatus? status, bool mapEnabled, bool deviceOnline, bool deviceHomed, string modeText)”中的形参“modeText”可能传入 null 引用实参。 [D:\C#\VM\VisionMaster\VisionMaster_teaznd42_wpftmp.csproj]
D:\C#\VM\VisionMaster\ViewModels\DialogViewModels\PluginConfigShellViewModel.cs(328,29): warning CS8625: 无法将 null 字面量转换为非 null 的引用类型。 [D:\C#\VM\VisionMaster\VisionMaster_teaznd42_wpftmp.csproj]
D:\C#\VM\VisionMaster\ViewModels\DialogViewModels\PluginConfigShellViewModel.cs(350,46): warning CS8600: 将 null 文本或可能的 null 值转换为不可为 null 类型。 [D:\C#\VM\VisionMaster\VisionMaster_teaznd42_wpftmp.csproj]
D:\C#\VM\VisionMaster\ViewModels\DialogViewModels\PluginConfigShellViewModel.cs(351,39): warning CS8600: 将 null 文本或可能的 null 值转换为不可为 null 类型。 [D:\C#\VM\VisionMaster\VisionMaster_teaznd42_wpftmp.csproj]
D:\C#\VM\VisionMaster\ViewModels\DialogViewModels\PluginConfigShellViewModel.cs(352,35): warning CS8600: 将 null 文本或可能的 null 值转换为不可为 null 类型。 [D:\C#\VM\VisionMaster\VisionMaster_teaznd42_wpftmp.csproj]
D:\C#\VM\VisionMaster\ViewModels\DialogViewModels\PluginConfigShellViewModel.cs(376,69): warning CS8604: “void PluginConfigShellViewModel.CompleteExecute(int runId, PluginExecuteResult result, FlowSession session, bool cancelled, Exception error)”中的形参“result”可能传入 null 引用实参。 [D:\C#\VM\VisionMaster\VisionMaster_teaznd42_wpftmp.csproj]
D:\C#\VM\VisionMaster\ViewModels\DialogViewModels\PluginConfigShellViewModel.cs(376,77): warning CS8604: “void PluginConfigShellViewModel.CompleteExecute(int runId, PluginExecuteResult result, FlowSession session, bool cancelled, Exception error)”中的形参“session”可能传入 null 引用实参。 [D:\C#\VM\VisionMaster\VisionMaster_teaznd42_wpftmp.csproj]
D:\C#\VM\VisionMaster\ViewModels\DialogViewModels\PluginConfigShellViewModel.cs(376,97): warning CS8604: “void PluginConfigShellViewModel.CompleteExecute(int runId, PluginExecuteResult result, FlowSession session, bool cancelled, Exception error)”中的形参“error”可能传入 null 引用实参。 [D:\C#\VM\VisionMaster\VisionMaster_teaznd42_wpftmp.csproj]
D:\C#\VM\VisionMaster\ViewModels\DialogViewModels\GlobalVariableManagerViewModel.cs(1113,40): warning CS8622: “void GlobalVariableManagerViewModel.OnVariableValueChanged(object sender, EventArgs e)”的参数“sender”类型中引用类型的为 Null 性与目标委托“EventHandler”不匹配(可能是由于为 Null 性特性)。 [D:\C#\VM\VisionMaster\VisionMaster_teaznd42_wpftmp.csproj]
D:\C#\VM\VisionMaster\ShellViewModel.cs(591,29): warning CS0169: 从不使用字段“ShellViewModel._currentSession” [D:\C#\VM\VisionMaster\VisionMaster_teaznd42_wpftmp.csproj]
CSC : error CS5001: 程序不包含适合于入口点的静态 "Main" 方法 [D:\C#\VM\VisionMaster\VisionMaster_teaznd42_wpftmp.csproj]
D:\C#\VM\VisionMaster\Lifetime\SplashScreen.xaml.cs(57,13): error CS0103: 当前上下文中不存在名称“InitializeComponent” [D:\C#\VM\VisionMaster\VisionMaster_teaznd42_wpftmp.csproj]
D:\C#\VM\VisionMaster\Lifetime\SplashScreen.xaml.cs(58,13): error CS0103: 当前上下文中不存在名称“CheckList” [D:\C#\VM\VisionMaster\VisionMaster_teaznd42_wpftmp.csproj]
D:\C#\VM\VisionMaster\Lifetime\SplashScreen.xaml.cs(67,13): error CS0305: 使用泛型 类型“Progress<T>”需要 1 个类型参数 [D:\C#\VM\VisionMaster\VisionMaster_teaznd42_wpftmp.csproj]
D:\C#\VM\VisionMaster\Lifetime\SplashScreen.xaml.cs(79,13): error CS0305: 使用泛型 类型“Progress<T>”需要 1 个类型参数 [D:\C#\VM\VisionMaster\VisionMaster_teaznd42_wpftmp.csproj]
D:\C#\VM\VisionMaster\Lifetime\SplashScreen.xaml.cs(80,13): error CS0103: 当前上下文中不存在名称“StatusText” [D:\C#\VM\VisionMaster\VisionMaster_teaznd42_wpftmp.csproj]
D:\C#\VM\VisionMaster\Lifetime\SplashScreen.xaml.cs(86,13): error CS0103: 当前上下文中不存在名称“ResultText” [D:\C#\VM\VisionMaster\VisionMaster_teaznd42_wpftmp.csproj]
D:\C#\VM\VisionMaster\Lifetime\SplashScreen.xaml.cs(87,13): error CS0103: 当前上下文中不存在名称“ResultText” [D:\C#\VM\VisionMaster\VisionMaster_teaznd42_wpftmp.csproj]
D:\C#\VM\VisionMaster\Lifetime\SplashScreen.xaml.cs(88,13): error CS0103: 当前上下文中不存在名称“ResultText” [D:\C#\VM\VisionMaster\VisionMaster_teaznd42_wpftmp.csproj]
D:\C#\VM\VisionMaster\Lifetime\SplashScreen.xaml.cs(89,13): error CS0103: 当前上下文中不存在名称“StatusText” [D:\C#\VM\VisionMaster\VisionMaster_teaznd42_wpftmp.csproj]
D:\C#\VM\VisionMaster\Lifetime\SplashScreen.xaml.cs(95,13): error CS0305: 使用泛型 类型“Progress<T>”需要 1 个类型参数 [D:\C#\VM\VisionMaster\VisionMaster_teaznd42_wpftmp.csproj]
D:\C#\VM\VisionMaster\Lifetime\SplashScreen.xaml.cs(96,13): error CS0103: 当前上下文中不存在名称“StatusText” [D:\C#\VM\VisionMaster\VisionMaster_teaznd42_wpftmp.csproj]
D:\C#\VM\VisionMaster\Lifetime\SplashScreen.xaml.cs(99,17): error CS0103: 当前上下文中不存在名称“ResultText” [D:\C#\VM\VisionMaster\VisionMaster_teaznd42_wpftmp.csproj]
D:\C#\VM\VisionMaster\Lifetime\SplashScreen.xaml.cs(100,17): error CS0103: 当前上下文中不存在名称“ResultText” [D:\C#\VM\VisionMaster\VisionMaster_teaznd42_wpftmp.csproj]
D:\C#\VM\VisionMaster\Shell.xaml.cs(29,13): error CS0103: 当前上下文中不存在名称“InitializeComponent” [D:\C#\VM\VisionMaster\VisionMaster_teaznd42_wpftmp.csproj]
D:\C#\VM\VisionMaster\Shell.xaml.cs(39,13): error CS0103: 当前上下文中不存在名称“dockManager” [D:\C#\VM\VisionMaster\VisionMaster_teaznd42_wpftmp.csproj]
D:\C#\VM\VisionMaster\Views\Controls\ScadaEventEditor.xaml.cs(16,13): error CS0103: 当前上下文中不存在名称“InitializeComponent” [D:\C#\VM\VisionMaster\VisionMaster_teaznd42_wpftmp.csproj]
D:\C#\VM\VisionMaster\Views\DebugHitWindow.xaml.cs(21,13): error CS0103: 当前上下文中不存在名称“InitializeComponent” [D:\C#\VM\VisionMaster\VisionMaster_teaznd42_wpftmp.csproj]
D:\C#\VM\VisionMaster\Views\DialogViews\AutoPortConfigView.xaml.cs(42,13): error CS0103: 当前上下文中不存在名称“InitializeComponent” [D:\C#\VM\VisionMaster\VisionMaster_teaznd42_wpftmp.csproj]
D:\C#\VM\VisionMaster\Views\DialogViews\AutoPortConfigView.xaml.cs(62,13): error CS0103: 当前上下文中不存在名称“PortPanel” [D:\C#\VM\VisionMaster\VisionMaster_teaznd42_wpftmp.csproj]
D:\C#\VM\VisionMaster\Views\DialogViews\AutoPortConfigView.xaml.cs(71,17): error CS0103: 当前上下文中不存在名称“PortPanel” [D:\C#\VM\VisionMaster\VisionMaster_teaznd42_wpftmp.csproj]
D:\C#\VM\VisionMaster\Views\DialogViews\AutoPortConfigView.xaml.cs(81,13): error CS0103: 当前上下文中不存在名称“PortPanel” [D:\C#\VM\VisionMaster\VisionMaster_teaznd42_wpftmp.csproj]
D:\C#\VM\VisionMaster\Views\DialogViews\AutoPortConfigView.xaml.cs(85,17): error CS0103: 当前上下文中不存在名称“PortPanel” [D:\C#\VM\VisionMaster\VisionMaster_teaznd42_wpftmp.csproj]
D:\C#\VM\VisionMaster\Views\DialogViews\ScadaLoginView.xaml.cs(17,13): error CS0103: 当前上下文中不存在名称“InitializeComponent” [D:\C#\VM\VisionMaster\VisionMaster_teaznd42_wpftmp.csproj]
D:\C#\VM\VisionMaster\Views\DialogViews\ScadaLoginView.xaml.cs(31,38): error CS0103: 当前上下文中不存在名称“UserNameBox” [D:\C#\VM\VisionMaster\VisionMaster_teaznd42_wpftmp.csproj]
D:\C#\VM\VisionMaster\Views\DialogViews\ScadaLoginView.xaml.cs(31,57): error CS0103: 当前上下文中不存在名称“UserNameBox” [D:\C#\VM\VisionMaster\VisionMaster_teaznd42_wpftmp.csproj]
D:\C#\VM\VisionMaster\Views\DialogViews\ScadaLoginView.xaml.cs(32,18): error CS0103: 当前上下文中不存在名称“PasswordInput” [D:\C#\VM\VisionMaster\VisionMaster_teaznd42_wpftmp.csproj]
D:\C#\VM\VisionMaster\Views\DialogViews\ScadaAlarmConfigDialogView.xaml.cs(14,48): error CS0103: 当前上下文中不存在名称“InitializeComponent” [D:\C#\VM\VisionMaster\VisionMaster_teaznd42_wpftmp.csproj]
D:\C#\VM\VisionMaster\Views\DialogViews\PluginConfigShellView.xaml.cs(17,13): error CS0103: 当前上下文中不存在名称“InitializeComponent” [D:\C#\VM\VisionMaster\VisionMaster_teaznd42_wpftmp.csproj]
D:\C#\VM\VisionMaster\Views\DialogViews\MotionBoard\MotionBoardSettingsView.xaml.cs(10,13): error CS0103: 当前上下文中不存在名称“InitializeComponent” [D:\C#\VM\VisionMaster\VisionMaster_teaznd42_wpftmp.csproj]
D:\C#\VM\VisionMaster\Views\DialogViews\MotionBoard\MotionBoardPointsView.xaml.cs(10,13): error CS0103: 当前上下文中不存在名称“InitializeComponent” [D:\C#\VM\VisionMaster\VisionMaster_teaznd42_wpftmp.csproj]
D:\C#\VM\VisionMaster\Views\DialogViews\MotionBoard\MotionBoardDebugView.xaml.cs(10,13): error CS0103: 当前上下文中不存在名称“InitializeComponent” [D:\C#\VM\VisionMaster\VisionMaster_teaznd42_wpftmp.csproj]
D:\C#\VM\VisionMaster\Views\DialogViews\MotionBoard\MotionBoardCamView.xaml.cs(10,13): error CS0103: 当前上下文中不存在名称“InitializeComponent” [D:\C#\VM\VisionMaster\VisionMaster_teaznd42_wpftmp.csproj]
D:\C#\VM\VisionMaster\Views\DialogViews\MotionBoardView.xaml.cs(16,13): error CS0103: 当前上下文中不存在名称“InitializeComponent” [D:\C#\VM\VisionMaster\VisionMaster_teaznd42_wpftmp.csproj]
D:\C#\VM\VisionMaster\Views\DialogViews\HelpView.xaml.cs(13,13): error CS0103: 当前上下文中不存在名称“InitializeComponent” [D:\C#\VM\VisionMaster\VisionMaster_teaznd42_wpftmp.csproj]
D:\C#\VM\VisionMaster\Views\DialogViews\GlobalVariableView.xaml.cs(25,13): error CS0103: 当前上下文中不存在名称“InitializeComponent” [D:\C#\VM\VisionMaster\VisionMaster_teaznd42_wpftmp.csproj]
D:\C#\VM\VisionMaster\Views\DialogViews\FlowManagerView.xaml.cs(12,13): error CS0103: 当前上下文中不存在名称“InitializeComponent” [D:\C#\VM\VisionMaster\VisionMaster_teaznd42_wpftmp.csproj]
D:\C#\VM\VisionMaster\Views\DialogViews\CameraSettingsView.xaml.cs(12,13): error CS0103: 当前上下文中不存在名称“InitializeComponent” [D:\C#\VM\VisionMaster\VisionMaster_teaznd42_wpftmp.csproj]
D:\C#\VM\VisionMaster\Views\DialogViews\CommunicationSettingsView.xaml.cs(9,13): error CS0103: 当前上下文中不存在名称“InitializeComponent” [D:\C#\VM\VisionMaster\VisionMaster_teaznd42_wpftmp.csproj]
D:\C#\VM\VisionMaster\Views\DialogViews\ConditionEditorView.xaml.cs(38,13): error CS0103: 当前上下文中不存在名称“InitializeComponent” [D:\C#\VM\VisionMaster\VisionMaster_teaznd42_wpftmp.csproj]
D:\C#\VM\VisionMaster\Views\DialogViews\ConditionEditorView.xaml.cs(42,13): error CS0103: 当前上下文中不存在名称“txtExpression” [D:\C#\VM\VisionMaster\VisionMaster_teaznd42_wpftmp.csproj]
D:\C#\VM\VisionMaster\Views\DialogViews\ConditionEditorView.xaml.cs(43,13): error CS0103: 当前上下文中不存在名称“txtExpression” [D:\C#\VM\VisionMaster\VisionMaster_teaznd42_wpftmp.csproj]
D:\C#\VM\VisionMaster\Views\DialogViews\ConditionEditorView.xaml.cs(44,13): error CS0103: 当前上下文中不存在名称“txtExpression” [D:\C#\VM\VisionMaster\VisionMaster_teaznd42_wpftmp.csproj]
D:\C#\VM\VisionMaster\Views\DialogViews\ConditionEditorView.xaml.cs(95,54): error CS0103: 当前上下文中不存在名称“txtExpression” [D:\C#\VM\VisionMaster\VisionMaster_teaznd42_wpftmp.csproj]
D:\C#\VM\VisionMaster\Views\DialogViews\ConditionEditorView.xaml.cs(100,26): error CS0103: 当前上下文中不存在名称“txtExpression” [D:\C#\VM\VisionMaster\VisionMaster_teaznd42_wpftmp.csproj]
D:\C#\VM\VisionMaster\Views\DialogViews\ConditionEditorView.xaml.cs(103,26): error CS0103: 当前上下文中不存在名称“txtExpression” [D:\C#\VM\VisionMaster\VisionMaster_teaznd42_wpftmp.csproj]
D:\C#\VM\VisionMaster\Views\DialogViews\ConditionEditorView.xaml.cs(122,17): error CS0103: 当前上下文中不存在名称“txtExpression” [D:\C#\VM\VisionMaster\VisionMaster_teaznd42_wpftmp.csproj]
D:\C#\VM\VisionMaster\Views\DialogViews\ConditionEditorView.xaml.cs(124,30): error CS0103: 当前上下文中不存在名称“txtExpression” [D:\C#\VM\VisionMaster\VisionMaster_teaznd42_wpftmp.csproj]
D:\C#\VM\VisionMaster\Views\DialogViews\ConditionEditorView.xaml.cs(124,63): error CS0103: 当前上下文中不存在名称“txtExpression” [D:\C#\VM\VisionMaster\VisionMaster_teaznd42_wpftmp.csproj]
D:\C#\VM\VisionMaster\Views\DialogViews\ConditionEditorView.xaml.cs(223,17): error CS0103: 当前上下文中不存在名称“txtExpression” [D:\C#\VM\VisionMaster\VisionMaster_teaznd42_wpftmp.csproj]
D:\C#\VM\VisionMaster\Views\DialogViews\ConditionEditorView.xaml.cs(245,13): error CS0103: 当前上下文中不存在名称“txtExpression” [D:\C#\VM\VisionMaster\VisionMaster_teaznd42_wpftmp.csproj]
D:\C#\VM\VisionMaster\Views\DialogViews\ConditionEditorView.xaml.cs(256,48): error CS0103: 当前上下文中不存在名称“txtExpression” [D:\C#\VM\VisionMaster\VisionMaster_teaznd42_wpftmp.csproj]
D:\C#\VM\VisionMaster\Views\DialogViews\ConditionEditorView.xaml.cs(283,35): error CS0103: 当前上下文中不存在名称“txtExpression” [D:\C#\VM\VisionMaster\VisionMaster_teaznd42_wpftmp.csproj]
D:\C#\VM\VisionMaster\Views\DialogViews\ConditionEditorView.xaml.cs(284,17): error CS0103: 当前上下文中不存在名称“txtExpression” [D:\C#\VM\VisionMaster\VisionMaster_teaznd42_wpftmp.csproj]
D:\C#\VM\VisionMaster\Views\DialogViews\ConditionEditorView.xaml.cs(287,17): error CS0103: 当前上下文中不存在名称“txtExpression” [D:\C#\VM\VisionMaster\VisionMaster_teaznd42_wpftmp.csproj]
D:\C#\VM\VisionMaster\Views\DialogViews\ConditionEditorView.xaml.cs(292,21): error CS0103: 当前上下文中不存在名称“txtExpression” [D:\C#\VM\VisionMaster\VisionMaster_teaznd42_wpftmp.csproj]
D:\C#\VM\VisionMaster\Views\DialogViews\ConditionEditorView.xaml.cs(297,21): error CS0103: 当前上下文中不存在名称“txtExpression” [D:\C#\VM\VisionMaster\VisionMaster_teaznd42_wpftmp.csproj]
D:\C#\VM\VisionMaster\Views\DialogViews\ConditionEditorView.xaml.cs(303,21): error CS0103: 当前上下文中不存在名称“txtExpression” [D:\C#\VM\VisionMaster\VisionMaster_teaznd42_wpftmp.csproj]
    180 个警告
    58 个错误

已用时间 00:00:02.63
