C:\Program Files\dotnet\sdk\9.0.318\Microsoft.Common.CurrentVersion.targets(2433,5): warning MSB3245: 未能解析此引用。未能找到程序集“System.Resources.Extensions”。请检查磁盘上是否存在该程序集。 如果您的代码需要此引用，则可能出现编译错误。 [D:\C#\VM\DLL\HslCommunication\HslCommunication.csproj]
D:\C#\VM\Plugins\Plugin.BlobDetect\BlobDetectPlugin.cs(778,31): warning CS0649: 从未对字段“BlobDetectPlugin._disposed”赋值，字段将一直保持其默认值 false [D:\C#\VM\Plugins\Plugin.BlobDetect\Plugin.BlobDetect_4y1rdkga_wpftmp.csproj::TargetFramework=net9.0-windows]
D:\C#\VM\Plugins\Plugin.BlobDetect\BlobDetectPlugin.cs(778,31): warning CS0649: 从未对字段“BlobDetectPlugin._disposed”赋值，字段将一直保持其默认值 false [D:\C#\VM\Plugins\Plugin.BlobDetect\Plugin.BlobDetect.csproj::TargetFramework=net9.0-windows]
D:\C#\VM\FlowCanvasChecks\HttpImageSmoke.cs(519,88): warning CS8625: 无法将 null 字面量转换为非 null 的引用类型。 [D:\C#\VM\FlowCanvasChecks\FlowCanvasChecks.csproj]
D:\C#\VM\FlowCanvasChecks\DebugChecks.cs(87,63): warning CS8625: 无法将 null 字面量转换为非 null 的引用类型。 [D:\C#\VM\FlowCanvasChecks\FlowCanvasChecks.csproj]
D:\C#\VM\FlowCanvasChecks\ColorCheckRoiCheck.cs(72,64): warning CS8604: “double[] ColorCheckRoiCheck.GetTuples(object roi)”中的形参“roi”可能传入 null 引用实参。 [D:\C#\VM\FlowCanvasChecks\FlowCanvasChecks.csproj]
D:\C#\VM\FlowCanvasChecks\ColorCheckRoiCheck.cs(73,68): warning CS8604: “double[] ColorCheckRoiCheck.GetTuples(object roi)”中的形参“roi”可能传入 null 引用实参。 [D:\C#\VM\FlowCanvasChecks\FlowCanvasChecks.csproj]
D:\C#\VM\FlowCanvasChecks\ColorCheckRoiCheck.cs(112,66): warning CS8604: “double[] ColorCheckRoiCheck.GetTuples(object roi)”中的形参“roi”可能传入 null 引用实参。 [D:\C#\VM\FlowCanvasChecks\FlowCanvasChecks.csproj]
D:\C#\VM\FlowCanvasChecks\ColorCheckRoiCheck.cs(114,50): warning CS8604: “double[] ColorCheckRoiCheck.GetTuples(object roi)”中的形参“roi”可能传入 null 引用实参。 [D:\C#\VM\FlowCanvasChecks\FlowCanvasChecks.csproj]
D:\C#\VM\FlowCanvasChecks\CreateRoiChecks.cs(191,87): warning CS8604: “double CreateRoiChecks.GrayAt(HImage img, int row, int col)”中的形参“img”可能传入 null 引用实参。 [D:\C#\VM\FlowCanvasChecks\FlowCanvasChecks.csproj]
D:\C#\VM\FlowCanvasChecks\CreateRoiChecks.cs(195,80): warning CS8604: “double CreateRoiChecks.GrayAt(HImage img, int row, int col)”中的形参“img”可能传入 null 引用实参。 [D:\C#\VM\FlowCanvasChecks\FlowCanvasChecks.csproj]
D:\C#\VM\FlowCanvasChecks\CreateRoiChecks.cs(197,82): warning CS8604: “double CreateRoiChecks.GrayAt(HImage img, int row, int col)”中的形参“img”可能传入 null 引用实参。 [D:\C#\VM\FlowCanvasChecks\FlowCanvasChecks.csproj]
D:\C#\VM\FlowCanvasChecks\CreateRoiChecks.cs(206,17): warning CS8602: 解引用可能出现空引用。 [D:\C#\VM\FlowCanvasChecks\FlowCanvasChecks.csproj]
D:\C#\VM\FlowCanvasChecks\CreateRoiChecks.cs(206,35): warning CS8602: 解引用可能出现空引用。 [D:\C#\VM\FlowCanvasChecks\FlowCanvasChecks.csproj]
D:\C#\VM\FlowCanvasChecks\CreateRoiChecks.cs(206,51): warning CS8602: 解引用可能出现空引用。 [D:\C#\VM\FlowCanvasChecks\FlowCanvasChecks.csproj]
D:\C#\VM\FlowCanvasChecks\CreateRoiChecks.cs(206,66): warning CS8602: 解引用可能出现空引用。 [D:\C#\VM\FlowCanvasChecks\FlowCanvasChecks.csproj]
D:\C#\VM\FlowCanvasChecks\CreateRoiChecks.cs(206,83): warning CS8602: 解引用可能出现空引用。 [D:\C#\VM\FlowCanvasChecks\FlowCanvasChecks.csproj]
D:\C#\VM\FlowCanvasChecks\BlobDetectChecks.cs(430,32): warning CS8625: 无法将 null 字面量转换为非 null 的引用类型。 [D:\C#\VM\FlowCanvasChecks\FlowCanvasChecks.csproj]
D:\C#\VM\FlowCanvasChecks\ExecutionChecks.cs(174,60): warning CS8625: 无法将 null 字面量转换为非 null 的引用类型。 [D:\C#\VM\FlowCanvasChecks\FlowCanvasChecks.csproj]
D:\C#\VM\FlowCanvasChecks\ExecutionChecks.cs(280,36): warning CS8600: 将 null 文本或可能的 null 值转换为不可为 null 类型。 [D:\C#\VM\FlowCanvasChecks\FlowCanvasChecks.csproj]
D:\C#\VM\FlowCanvasChecks\CreateRoiChecks.cs(639,69): warning CS8603: 可能返回 null 引用。 [D:\C#\VM\FlowCanvasChecks\FlowCanvasChecks.csproj]
D:\C#\VM\FlowCanvasChecks\CreateRoiChecks.cs(640,67): warning CS8603: 可能返回 null 引用。 [D:\C#\VM\FlowCanvasChecks\FlowCanvasChecks.csproj]
D:\C#\VM\FlowCanvasChecks\ExecutionChecks.cs(447,30): warning CS8600: 将 null 文本或可能的 null 值转换为不可为 null 类型。 [D:\C#\VM\FlowCanvasChecks\FlowCanvasChecks.csproj]
D:\C#\VM\FlowCanvasChecks\ExecutionChecks.cs(499,38): warning CS8600: 将 null 文本或可能的 null 值转换为不可为 null 类型。 [D:\C#\VM\FlowCanvasChecks\FlowCanvasChecks.csproj]
D:\C#\VM\FlowCanvasChecks\ExecutionChecks.cs(528,39): warning CS8600: 将 null 文本或可能的 null 值转换为不可为 null 类型。 [D:\C#\VM\FlowCanvasChecks\FlowCanvasChecks.csproj]
D:\C#\VM\FlowCanvasChecks\GlobalVariableChecks.cs(208,31): warning CS8601: 可能的 null 引用赋值。 [D:\C#\VM\FlowCanvasChecks\FlowCanvasChecks.csproj]
D:\C#\VM\FlowCanvasChecks\GlobalVariableChecks.cs(237,37): warning CS8601: 可能的 null 引用赋值。 [D:\C#\VM\FlowCanvasChecks\FlowCanvasChecks.csproj]
D:\C#\VM\FlowCanvasChecks\GlobalVariableChecks.cs(238,30): warning CS8601: 可能的 null 引用赋值。 [D:\C#\VM\FlowCanvasChecks\FlowCanvasChecks.csproj]
D:\C#\VM\FlowCanvasChecks\ExecutionChecks.cs(617,78): warning CS8625: 无法将 null 字面量转换为非 null 的引用类型。 [D:\C#\VM\FlowCanvasChecks\FlowCanvasChecks.csproj]
D:\C#\VM\FlowCanvasChecks\ExecutionChecks.cs(687,34): warning CS8600: 将 null 文本或可能的 null 值转换为不可为 null 类型。 [D:\C#\VM\FlowCanvasChecks\FlowCanvasChecks.csproj]
D:\C#\VM\FlowCanvasChecks\ExecutionChecks.cs(694,47): warning CS8625: 无法将 null 字面量转换为非 null 的引用类型。 [D:\C#\VM\FlowCanvasChecks\FlowCanvasChecks.csproj]
D:\C#\VM\FlowCanvasChecks\ExecutionChecks.cs(700,34): warning CS8600: 将 null 文本或可能的 null 值转换为不可为 null 类型。 [D:\C#\VM\FlowCanvasChecks\FlowCanvasChecks.csproj]
D:\C#\VM\FlowCanvasChecks\HikvisionChecks.cs(100,30): warning CS0168: 声明了变量“ex”，但从未使用过 [D:\C#\VM\FlowCanvasChecks\FlowCanvasChecks.csproj]
D:\C#\VM\FlowCanvasChecks\HttpImageSmoke.cs(84,31): warning CS8600: 将 null 文本或可能的 null 值转换为不可为 null 类型。 [D:\C#\VM\FlowCanvasChecks\FlowCanvasChecks.csproj]
D:\C#\VM\FlowCanvasChecks\HttpImageSmoke.cs(88,30): warning CS8600: 将 null 文本或可能的 null 值转换为不可为 null 类型。 [D:\C#\VM\FlowCanvasChecks\FlowCanvasChecks.csproj]
D:\C#\VM\FlowCanvasChecks\HttpImageSmoke.cs(97,17): warning CS8604: “void Program.Check(string name, bool ok, string detail)”中的形参“detail”可能传入 null 引用实参。 [D:\C#\VM\FlowCanvasChecks\FlowCanvasChecks.csproj]
D:\C#\VM\FlowCanvasChecks\HttpImageSmoke.cs(126,51): warning CS8604: “ActionStep.ActionStep(string icon, string pluginName, string pluginTypeName, string stepName = null)”中的形参“pluginTypeName”可能传入 null 引用实参。 [D:\C#\VM\FlowCanvasChecks\FlowCanvasChecks.csproj]
D:\C#\VM\FlowCanvasChecks\HttpImageSmoke.cs(130,54): warning CS8604: “object Enum.ToObject(Type enumType, int value)”中的形参“enumType”可能传入 null 引用实参。 [D:\C#\VM\FlowCanvasChecks\FlowCanvasChecks.csproj]
D:\C#\VM\FlowCanvasChecks\HttpImageSmoke.cs(147,73): warning CS8625: 无法将 null 字面量转换为非 null 的引用类型。 [D:\C#\VM\FlowCanvasChecks\FlowCanvasChecks.csproj]
D:\C#\VM\FlowCanvasChecks\ExecutionChecks.cs(876,60): warning CS8625: 无法将 null 字面量转换为非 null 的引用类型。 [D:\C#\VM\FlowCanvasChecks\FlowCanvasChecks.csproj]
D:\C#\VM\FlowCanvasChecks\ExecutionChecks.cs(975,33): warning CS8600: 将 null 文本或可能的 null 值转换为不可为 null 类型。 [D:\C#\VM\FlowCanvasChecks\FlowCanvasChecks.csproj]
D:\C#\VM\FlowCanvasChecks\ExecutionChecks.cs(986,33): warning CS8600: 将 null 文本或可能的 null 值转换为不可为 null 类型。 [D:\C#\VM\FlowCanvasChecks\FlowCanvasChecks.csproj]
D:\C#\VM\FlowCanvasChecks\MatchingChecks.cs(853,65): warning CS8603: 可能返回 null 引用。 [D:\C#\VM\FlowCanvasChecks\FlowCanvasChecks.csproj]
D:\C#\VM\FlowCanvasChecks\MatchingChecks.cs(854,63): warning CS8603: 可能返回 null 引用。 [D:\C#\VM\FlowCanvasChecks\FlowCanvasChecks.csproj]
D:\C#\VM\FlowCanvasChecks\HttpImageSmoke.cs(301,77): warning CS8625: 无法将 null 字面量转换为非 null 的引用类型。 [D:\C#\VM\FlowCanvasChecks\FlowCanvasChecks.csproj]
D:\C#\VM\FlowCanvasChecks\HttpImageSmoke.cs(562,20): warning CS8603: 可能返回 null 引用。 [D:\C#\VM\FlowCanvasChecks\FlowCanvasChecks.csproj]
D:\C#\VM\FlowCanvasChecks\HttpImageSmoke.cs(568,20): warning CS8603: 可能返回 null 引用。 [D:\C#\VM\FlowCanvasChecks\FlowCanvasChecks.csproj]
D:\C#\VM\FlowCanvasChecks\OcrChecks.cs(196,30): warning CS8600: 将 null 文本或可能的 null 值转换为不可为 null 类型。 [D:\C#\VM\FlowCanvasChecks\FlowCanvasChecks.csproj]
D:\C#\VM\FlowCanvasChecks\OcrChecks.cs(271,37): warning CS8600: 将 null 文本或可能的 null 值转换为不可为 null 类型。 [D:\C#\VM\FlowCanvasChecks\FlowCanvasChecks.csproj]
D:\C#\VM\FlowCanvasChecks\VariableBindingCheck.cs(53,85): warning CS8601: 可能的 null 引用赋值。 [D:\C#\VM\FlowCanvasChecks\FlowCanvasChecks.csproj]
D:\C#\VM\FlowCanvasChecks\VariableBindingCheck.cs(92,36): warning CS8601: 可能的 null 引用赋值。 [D:\C#\VM\FlowCanvasChecks\FlowCanvasChecks.csproj]
D:\C#\VM\FlowCanvasChecks\VariableBindingCheck.cs(96,36): warning CS8601: 可能的 null 引用赋值。 [D:\C#\VM\FlowCanvasChecks\FlowCanvasChecks.csproj]
D:\C#\VM\FlowCanvasChecks\VariableBindingCheck.cs(100,36): warning CS8601: 可能的 null 引用赋值。 [D:\C#\VM\FlowCanvasChecks\FlowCanvasChecks.csproj]
D:\C#\VM\FlowCanvasChecks\Program.cs(449,36): warning CS8625: 无法将 null 字面量转换为非 null 的引用类型。 [D:\C#\VM\FlowCanvasChecks\FlowCanvasChecks.csproj]
D:\C#\VM\FlowCanvasChecks\VariableBindingCheck.cs(133,82): warning CS8601: 可能的 null 引用赋值。 [D:\C#\VM\FlowCanvasChecks\FlowCanvasChecks.csproj]
D:\C#\VM\FlowCanvasChecks\VariableBindingCheck.cs(134,83): warning CS8601: 可能的 null 引用赋值。 [D:\C#\VM\FlowCanvasChecks\FlowCanvasChecks.csproj]
D:\C#\VM\FlowCanvasChecks\VariableBindingCheck.cs(135,79): warning CS8601: 可能的 null 引用赋值。 [D:\C#\VM\FlowCanvasChecks\FlowCanvasChecks.csproj]

已成功生成。

C:\Program Files\dotnet\sdk\9.0.318\Microsoft.Common.CurrentVersion.targets(2433,5): warning MSB3245: 未能解析此引用。未能找到程序集“System.Resources.Extensions”。请检查磁盘上是否存在该程序集。 如果您的代码需要此引用，则可能出现编译错误。 [D:\C#\VM\DLL\HslCommunication\HslCommunication.csproj]
D:\C#\VM\Plugins\Plugin.BlobDetect\BlobDetectPlugin.cs(778,31): warning CS0649: 从未对字段“BlobDetectPlugin._disposed”赋值，字段将一直保持其默认值 false [D:\C#\VM\Plugins\Plugin.BlobDetect\Plugin.BlobDetect_4y1rdkga_wpftmp.csproj::TargetFramework=net9.0-windows]
D:\C#\VM\Plugins\Plugin.BlobDetect\BlobDetectPlugin.cs(778,31): warning CS0649: 从未对字段“BlobDetectPlugin._disposed”赋值，字段将一直保持其默认值 false [D:\C#\VM\Plugins\Plugin.BlobDetect\Plugin.BlobDetect.csproj::TargetFramework=net9.0-windows]
D:\C#\VM\FlowCanvasChecks\HttpImageSmoke.cs(519,88): warning CS8625: 无法将 null 字面量转换为非 null 的引用类型。 [D:\C#\VM\FlowCanvasChecks\FlowCanvasChecks.csproj]
D:\C#\VM\FlowCanvasChecks\DebugChecks.cs(87,63): warning CS8625: 无法将 null 字面量转换为非 null 的引用类型。 [D:\C#\VM\FlowCanvasChecks\FlowCanvasChecks.csproj]
D:\C#\VM\FlowCanvasChecks\ColorCheckRoiCheck.cs(72,64): warning CS8604: “double[] ColorCheckRoiCheck.GetTuples(object roi)”中的形参“roi”可能传入 null 引用实参。 [D:\C#\VM\FlowCanvasChecks\FlowCanvasChecks.csproj]
D:\C#\VM\FlowCanvasChecks\ColorCheckRoiCheck.cs(73,68): warning CS8604: “double[] ColorCheckRoiCheck.GetTuples(object roi)”中的形参“roi”可能传入 null 引用实参。 [D:\C#\VM\FlowCanvasChecks\FlowCanvasChecks.csproj]
D:\C#\VM\FlowCanvasChecks\ColorCheckRoiCheck.cs(112,66): warning CS8604: “double[] ColorCheckRoiCheck.GetTuples(object roi)”中的形参“roi”可能传入 null 引用实参。 [D:\C#\VM\FlowCanvasChecks\FlowCanvasChecks.csproj]
D:\C#\VM\FlowCanvasChecks\ColorCheckRoiCheck.cs(114,50): warning CS8604: “double[] ColorCheckRoiCheck.GetTuples(object roi)”中的形参“roi”可能传入 null 引用实参。 [D:\C#\VM\FlowCanvasChecks\FlowCanvasChecks.csproj]
D:\C#\VM\FlowCanvasChecks\CreateRoiChecks.cs(191,87): warning CS8604: “double CreateRoiChecks.GrayAt(HImage img, int row, int col)”中的形参“img”可能传入 null 引用实参。 [D:\C#\VM\FlowCanvasChecks\FlowCanvasChecks.csproj]
D:\C#\VM\FlowCanvasChecks\CreateRoiChecks.cs(195,80): warning CS8604: “double CreateRoiChecks.GrayAt(HImage img, int row, int col)”中的形参“img”可能传入 null 引用实参。 [D:\C#\VM\FlowCanvasChecks\FlowCanvasChecks.csproj]
D:\C#\VM\FlowCanvasChecks\CreateRoiChecks.cs(197,82): warning CS8604: “double CreateRoiChecks.GrayAt(HImage img, int row, int col)”中的形参“img”可能传入 null 引用实参。 [D:\C#\VM\FlowCanvasChecks\FlowCanvasChecks.csproj]
D:\C#\VM\FlowCanvasChecks\CreateRoiChecks.cs(206,17): warning CS8602: 解引用可能出现空引用。 [D:\C#\VM\FlowCanvasChecks\FlowCanvasChecks.csproj]
D:\C#\VM\FlowCanvasChecks\CreateRoiChecks.cs(206,35): warning CS8602: 解引用可能出现空引用。 [D:\C#\VM\FlowCanvasChecks\FlowCanvasChecks.csproj]
D:\C#\VM\FlowCanvasChecks\CreateRoiChecks.cs(206,51): warning CS8602: 解引用可能出现空引用。 [D:\C#\VM\FlowCanvasChecks\FlowCanvasChecks.csproj]
D:\C#\VM\FlowCanvasChecks\CreateRoiChecks.cs(206,66): warning CS8602: 解引用可能出现空引用。 [D:\C#\VM\FlowCanvasChecks\FlowCanvasChecks.csproj]
D:\C#\VM\FlowCanvasChecks\CreateRoiChecks.cs(206,83): warning CS8602: 解引用可能出现空引用。 [D:\C#\VM\FlowCanvasChecks\FlowCanvasChecks.csproj]
D:\C#\VM\FlowCanvasChecks\BlobDetectChecks.cs(430,32): warning CS8625: 无法将 null 字面量转换为非 null 的引用类型。 [D:\C#\VM\FlowCanvasChecks\FlowCanvasChecks.csproj]
D:\C#\VM\FlowCanvasChecks\ExecutionChecks.cs(174,60): warning CS8625: 无法将 null 字面量转换为非 null 的引用类型。 [D:\C#\VM\FlowCanvasChecks\FlowCanvasChecks.csproj]
D:\C#\VM\FlowCanvasChecks\ExecutionChecks.cs(280,36): warning CS8600: 将 null 文本或可能的 null 值转换为不可为 null 类型。 [D:\C#\VM\FlowCanvasChecks\FlowCanvasChecks.csproj]
D:\C#\VM\FlowCanvasChecks\CreateRoiChecks.cs(639,69): warning CS8603: 可能返回 null 引用。 [D:\C#\VM\FlowCanvasChecks\FlowCanvasChecks.csproj]
D:\C#\VM\FlowCanvasChecks\CreateRoiChecks.cs(640,67): warning CS8603: 可能返回 null 引用。 [D:\C#\VM\FlowCanvasChecks\FlowCanvasChecks.csproj]
D:\C#\VM\FlowCanvasChecks\ExecutionChecks.cs(447,30): warning CS8600: 将 null 文本或可能的 null 值转换为不可为 null 类型。 [D:\C#\VM\FlowCanvasChecks\FlowCanvasChecks.csproj]
D:\C#\VM\FlowCanvasChecks\ExecutionChecks.cs(499,38): warning CS8600: 将 null 文本或可能的 null 值转换为不可为 null 类型。 [D:\C#\VM\FlowCanvasChecks\FlowCanvasChecks.csproj]
D:\C#\VM\FlowCanvasChecks\ExecutionChecks.cs(528,39): warning CS8600: 将 null 文本或可能的 null 值转换为不可为 null 类型。 [D:\C#\VM\FlowCanvasChecks\FlowCanvasChecks.csproj]
D:\C#\VM\FlowCanvasChecks\GlobalVariableChecks.cs(208,31): warning CS8601: 可能的 null 引用赋值。 [D:\C#\VM\FlowCanvasChecks\FlowCanvasChecks.csproj]
D:\C#\VM\FlowCanvasChecks\GlobalVariableChecks.cs(237,37): warning CS8601: 可能的 null 引用赋值。 [D:\C#\VM\FlowCanvasChecks\FlowCanvasChecks.csproj]
D:\C#\VM\FlowCanvasChecks\GlobalVariableChecks.cs(238,30): warning CS8601: 可能的 null 引用赋值。 [D:\C#\VM\FlowCanvasChecks\FlowCanvasChecks.csproj]
D:\C#\VM\FlowCanvasChecks\ExecutionChecks.cs(617,78): warning CS8625: 无法将 null 字面量转换为非 null 的引用类型。 [D:\C#\VM\FlowCanvasChecks\FlowCanvasChecks.csproj]
D:\C#\VM\FlowCanvasChecks\ExecutionChecks.cs(687,34): warning CS8600: 将 null 文本或可能的 null 值转换为不可为 null 类型。 [D:\C#\VM\FlowCanvasChecks\FlowCanvasChecks.csproj]
D:\C#\VM\FlowCanvasChecks\ExecutionChecks.cs(694,47): warning CS8625: 无法将 null 字面量转换为非 null 的引用类型。 [D:\C#\VM\FlowCanvasChecks\FlowCanvasChecks.csproj]
D:\C#\VM\FlowCanvasChecks\ExecutionChecks.cs(700,34): warning CS8600: 将 null 文本或可能的 null 值转换为不可为 null 类型。 [D:\C#\VM\FlowCanvasChecks\FlowCanvasChecks.csproj]
D:\C#\VM\FlowCanvasChecks\HikvisionChecks.cs(100,30): warning CS0168: 声明了变量“ex”，但从未使用过 [D:\C#\VM\FlowCanvasChecks\FlowCanvasChecks.csproj]
D:\C#\VM\FlowCanvasChecks\HttpImageSmoke.cs(84,31): warning CS8600: 将 null 文本或可能的 null 值转换为不可为 null 类型。 [D:\C#\VM\FlowCanvasChecks\FlowCanvasChecks.csproj]
D:\C#\VM\FlowCanvasChecks\HttpImageSmoke.cs(88,30): warning CS8600: 将 null 文本或可能的 null 值转换为不可为 null 类型。 [D:\C#\VM\FlowCanvasChecks\FlowCanvasChecks.csproj]
D:\C#\VM\FlowCanvasChecks\HttpImageSmoke.cs(97,17): warning CS8604: “void Program.Check(string name, bool ok, string detail)”中的形参“detail”可能传入 null 引用实参。 [D:\C#\VM\FlowCanvasChecks\FlowCanvasChecks.csproj]
D:\C#\VM\FlowCanvasChecks\HttpImageSmoke.cs(126,51): warning CS8604: “ActionStep.ActionStep(string icon, string pluginName, string pluginTypeName, string stepName = null)”中的形参“pluginTypeName”可能传入 null 引用实参。 [D:\C#\VM\FlowCanvasChecks\FlowCanvasChecks.csproj]
D:\C#\VM\FlowCanvasChecks\HttpImageSmoke.cs(130,54): warning CS8604: “object Enum.ToObject(Type enumType, int value)”中的形参“enumType”可能传入 null 引用实参。 [D:\C#\VM\FlowCanvasChecks\FlowCanvasChecks.csproj]
D:\C#\VM\FlowCanvasChecks\HttpImageSmoke.cs(147,73): warning CS8625: 无法将 null 字面量转换为非 null 的引用类型。 [D:\C#\VM\FlowCanvasChecks\FlowCanvasChecks.csproj]
D:\C#\VM\FlowCanvasChecks\ExecutionChecks.cs(876,60): warning CS8625: 无法将 null 字面量转换为非 null 的引用类型。 [D:\C#\VM\FlowCanvasChecks\FlowCanvasChecks.csproj]
D:\C#\VM\FlowCanvasChecks\ExecutionChecks.cs(975,33): warning CS8600: 将 null 文本或可能的 null 值转换为不可为 null 类型。 [D:\C#\VM\FlowCanvasChecks\FlowCanvasChecks.csproj]
D:\C#\VM\FlowCanvasChecks\ExecutionChecks.cs(986,33): warning CS8600: 将 null 文本或可能的 null 值转换为不可为 null 类型。 [D:\C#\VM\FlowCanvasChecks\FlowCanvasChecks.csproj]
D:\C#\VM\FlowCanvasChecks\MatchingChecks.cs(853,65): warning CS8603: 可能返回 null 引用。 [D:\C#\VM\FlowCanvasChecks\FlowCanvasChecks.csproj]
D:\C#\VM\FlowCanvasChecks\MatchingChecks.cs(854,63): warning CS8603: 可能返回 null 引用。 [D:\C#\VM\FlowCanvasChecks\FlowCanvasChecks.csproj]
D:\C#\VM\FlowCanvasChecks\HttpImageSmoke.cs(301,77): warning CS8625: 无法将 null 字面量转换为非 null 的引用类型。 [D:\C#\VM\FlowCanvasChecks\FlowCanvasChecks.csproj]
D:\C#\VM\FlowCanvasChecks\HttpImageSmoke.cs(562,20): warning CS8603: 可能返回 null 引用。 [D:\C#\VM\FlowCanvasChecks\FlowCanvasChecks.csproj]
D:\C#\VM\FlowCanvasChecks\HttpImageSmoke.cs(568,20): warning CS8603: 可能返回 null 引用。 [D:\C#\VM\FlowCanvasChecks\FlowCanvasChecks.csproj]
D:\C#\VM\FlowCanvasChecks\OcrChecks.cs(196,30): warning CS8600: 将 null 文本或可能的 null 值转换为不可为 null 类型。 [D:\C#\VM\FlowCanvasChecks\FlowCanvasChecks.csproj]
D:\C#\VM\FlowCanvasChecks\OcrChecks.cs(271,37): warning CS8600: 将 null 文本或可能的 null 值转换为不可为 null 类型。 [D:\C#\VM\FlowCanvasChecks\FlowCanvasChecks.csproj]
D:\C#\VM\FlowCanvasChecks\VariableBindingCheck.cs(53,85): warning CS8601: 可能的 null 引用赋值。 [D:\C#\VM\FlowCanvasChecks\FlowCanvasChecks.csproj]
D:\C#\VM\FlowCanvasChecks\VariableBindingCheck.cs(92,36): warning CS8601: 可能的 null 引用赋值。 [D:\C#\VM\FlowCanvasChecks\FlowCanvasChecks.csproj]
D:\C#\VM\FlowCanvasChecks\VariableBindingCheck.cs(96,36): warning CS8601: 可能的 null 引用赋值。 [D:\C#\VM\FlowCanvasChecks\FlowCanvasChecks.csproj]
D:\C#\VM\FlowCanvasChecks\VariableBindingCheck.cs(100,36): warning CS8601: 可能的 null 引用赋值。 [D:\C#\VM\FlowCanvasChecks\FlowCanvasChecks.csproj]
D:\C#\VM\FlowCanvasChecks\Program.cs(449,36): warning CS8625: 无法将 null 字面量转换为非 null 的引用类型。 [D:\C#\VM\FlowCanvasChecks\FlowCanvasChecks.csproj]
D:\C#\VM\FlowCanvasChecks\VariableBindingCheck.cs(133,82): warning CS8601: 可能的 null 引用赋值。 [D:\C#\VM\FlowCanvasChecks\FlowCanvasChecks.csproj]
D:\C#\VM\FlowCanvasChecks\VariableBindingCheck.cs(134,83): warning CS8601: 可能的 null 引用赋值。 [D:\C#\VM\FlowCanvasChecks\FlowCanvasChecks.csproj]
D:\C#\VM\FlowCanvasChecks\VariableBindingCheck.cs(135,79): warning CS8601: 可能的 null 引用赋值。 [D:\C#\VM\FlowCanvasChecks\FlowCanvasChecks.csproj]
    57 个警告
    0 个错误

已用时间 00:00:05.61
