[probe] 插件表：模块 40 / 相机 2 / 运动 2
[probe] 宿主 4 页；插件 38 个（其中 2 个自带手册）；内置节点 6 个
- 软件手册
  - 封面  ·页
  - 快速入门（三步走）  ·页
  - 界面与常用功能  ·页
  - 常见问题  ·页
- 常用工具
  - 图像采集 [自动生成]
    - 图像采集  ·页
  - 延时 [自动生成]
    - 延时  ·页
  - ROI [自动生成]
    - ROI  ·页
- 图像处理
  - 码读取 [自动生成]
    - 码读取  ·页
  - 区域颜色检查 [自动生成]
    - 区域颜色检查  ·页
  - 图像赋值 [自动生成]
    - 图像赋值  ·页
  - 图像脚本 [自动生成]
    - 图像脚本  ·页
  - 图像预处理 [自动生成]
    - 图像预处理  ·页
  - 颜色序列检查 [自动生成]
    - 颜色序列检查  ·页
  - OCR 文本识别 [自动生成]
    - OCR 文本识别  ·页
  - YOLO 目标检测 [自动生成]
    - YOLO 目标检测  ·页
- 缺陷检测
  - 胶路检测
    - 胶路检测（Bead 检测）  ·页
    - 胶路检测 · 上手步骤  ·页
  - Blob 缺陷检测 [自动生成]
    - Blob 缺陷检测  ·页
- 测量
  - 卡尺测量 [自动生成]
    - 卡尺测量  ·页
- 定位
  - 模板匹配
    - 模板匹配（Shape-based 定位）  ·页
  - 坐标变换 [自动生成]
    - 坐标变换  ·页
- 标定
  - 标定 [自动生成]
    - 标定  ·页
- 数据处理
  - 结果上报 [自动生成]
    - 结果上报  ·页
  - 类型转换 [自动生成]
    - 类型转换  ·页
  - 数学计算 [自动生成]
    - 数学计算  ·页
  - CSV记录 [自动生成]
    - CSV记录  ·页
  - Excel报表 [自动生成]
    - Excel报表  ·页
- 逻辑判断
  - 逻辑运算 [自动生成]
    - 逻辑运算  ·页
  - 数值比较 [自动生成]
    - 数值比较  ·页
- 逻辑控制
  - Break [自动生成]
    - Break  ·页
  - C#脚本 [自动生成]
    - C#脚本  ·页
  - Continue [自动生成]
    - Continue  ·页
  - For [自动生成]
    - For  ·页
  - If [自动生成]
    - If  ·页
  - Return [自动生成]
    - Return  ·页
  - While [自动生成]
    - While  ·页
- 变量操作
  - 变量赋值 [自动生成]
    - 变量赋值  ·页
- 流程控制
  - 调用流程 [自动生成]
    - 调用流程  ·页
- 运动控制
  - 等待到位 [自动生成]
    - 等待到位  ·页
  - 读轴状态 [自动生成]
    - 读轴状态  ·页
  - 轴回零 [自动生成]
    - 轴回零  ·页
  - 轴卡 IO [自动生成]
    - 轴卡 IO  ·页
  - 轴使能 [自动生成]
    - 轴使能  ·页
  - 轴停止 [自动生成]
    - 轴停止  ·页
  - 轴运动 [自动生成]
    - 轴运动  ·页
- 相机
  - 网络相机（虚拟） [自动生成]
    - 网络相机（虚拟）  ·页
- 相机驱动
  - 海康相机 [自动生成]
    - 海康相机  ·页
- 运动卡
  - 虚拟运动卡（仿真） [自动生成]
    - 虚拟运动卡（仿真）  ·页
  - 正运动运动控制卡 [自动生成]
    - 正运动运动控制卡  ·页
  [PASS] 宿主自带手册 4 页（实际 4）
  [PASS] 插件总数 > 20（实际 38）
  [PASS] 内置节点单独计数（If/While/For…）（实际 6）
  [PASS] 至少两个插件自带手册（实际 2）
  [PASS] 插件手册：胶路检测 2 页（实际 2）
  [PASS] 插件手册：模板匹配 1 页（实际 1）
  [PASS] 插件手册页不再带「自动生成」角标（/）
  [PASS] 未写手册的插件带「自动生成」角标（实际 自动生成）
  [PASS] 分组齐全（缺陷检测 / 定位 都在）
[probe] 共渲染 49 页
  [PASS] 全部 49 页都渲染出内容
  [PASS] 回退到已看过的页：正文回到该页（缓存命中）（docA=14 块 / docB=13 块）
[probe] 截图：D:\C#\VM\_help_preview\01-插件手册页.png
[probe] 字号下拉：项数 3，SelectedItem=标准，SelectedIndex=1
[probe] 截图：D:\C#\VM\_help_preview\02-自动生成页.png
[probe] 字号下拉：项数 3，SelectedItem=标准，SelectedIndex=1
[probe] 截图：D:\C#\VM\_help_preview\03-隐藏目录.png
[probe] 字号下拉：项数 3，SelectedItem=标准，SelectedIndex=1
=== HelpProbe: 全部通过 ===
