C:\Program Files\dotnet\sdk\9.0.318\Microsoft.Common.CurrentVersion.targets(2433,5): warning MSB3245: 未能解析此引用。未能找到程序集“System.Resources.Extensions”。请检查磁盘上是否存在该程序集。 如果您的代码需要此引用，则可能出现编译错误。 [D:\C#\VM\DLL\HslCommunication\HslCommunication.csproj]
D:\C#\VM\Plugins\Plugin.ColorRegion\RegionColorPlugin.cs(304,51): warning CS8604: “HTuple[] RegionColorPlugin.ParamsForCanvas(string shape, double[] pars)”中的形参“pars”可能传入 null 引用实参。 [D:\C#\VM\Plugins\Plugin.ColorRegion\Plugin.ColorRegion.csproj::TargetFramework=net9.0-windows]
D:\C#\VM\ScadaChecks\Program.cs(2199,30): warning CS8600: 将 null 文本或可能的 null 值转换为不可为 null 类型。 [D:\C#\VM\ScadaChecks\ScadaChecks.csproj]
D:\C#\VM\ScadaChecks\Program.cs(2214,30): warning CS8600: 将 null 文本或可能的 null 值转换为不可为 null 类型。 [D:\C#\VM\ScadaChecks\ScadaChecks.csproj]
D:\C#\VM\ScadaChecks\Program.cs(4267,61): warning CS8602: 解引用可能出现空引用。 [D:\C#\VM\ScadaChecks\ScadaChecks.csproj]
D:\C#\VM\ScadaChecks\Program.cs(6972,17): warning CS8602: 解引用可能出现空引用。 [D:\C#\VM\ScadaChecks\ScadaChecks.csproj]
D:\C#\VM\ScadaChecks\Program.cs(15674,77): warning CS8600: 将 null 文本或可能的 null 值转换为不可为 null 类型。 [D:\C#\VM\ScadaChecks\ScadaChecks.csproj]
D:\C#\VM\ScadaChecks\Program.cs(15675,81): warning CS8600: 将 null 文本或可能的 null 值转换为不可为 null 类型。 [D:\C#\VM\ScadaChecks\ScadaChecks.csproj]
D:\C#\VM\ScadaChecks\Program.cs(15680,76): warning CS8600: 将 null 文本或可能的 null 值转换为不可为 null 类型。 [D:\C#\VM\ScadaChecks\ScadaChecks.csproj]
D:\C#\VM\ScadaChecks\Program.cs(15681,69): warning CS8600: 将 null 文本或可能的 null 值转换为不可为 null 类型。 [D:\C#\VM\ScadaChecks\ScadaChecks.csproj]
D:\C#\VM\ScadaChecks\Program.cs(15683,27): warning CS8602: 解引用可能出现空引用。 [D:\C#\VM\ScadaChecks\ScadaChecks.csproj]
D:\C#\VM\ScadaChecks\Program.cs(15683,63): warning CS8602: 解引用可能出现空引用。 [D:\C#\VM\ScadaChecks\ScadaChecks.csproj]
D:\C#\VM\ScadaChecks\Program.cs(15691,86): warning CS8600: 将 null 文本或可能的 null 值转换为不可为 null 类型。 [D:\C#\VM\ScadaChecks\ScadaChecks.csproj]
D:\C#\VM\ScadaChecks\Program.cs(15692,86): warning CS8600: 将 null 文本或可能的 null 值转换为不可为 null 类型。 [D:\C#\VM\ScadaChecks\ScadaChecks.csproj]
D:\C#\VM\ScadaChecks\Program.cs(15723,75): warning CS8600: 将 null 文本或可能的 null 值转换为不可为 null 类型。 [D:\C#\VM\ScadaChecks\ScadaChecks.csproj]
D:\C#\VM\ScadaChecks\Program.cs(15728,73): warning CS8600: 将 null 文本或可能的 null 值转换为不可为 null 类型。 [D:\C#\VM\ScadaChecks\ScadaChecks.csproj]
D:\C#\VM\ScadaChecks\Program.cs(15728,93): warning CS8602: 解引用可能出现空引用。 [D:\C#\VM\ScadaChecks\ScadaChecks.csproj]
D:\C#\VM\ScadaChecks\Program.cs(15729,17): warning CS8604: “void Program.Check(string name, bool ok, string detail)”中的形参“detail”可能传入 null 引用实参。 [D:\C#\VM\ScadaChecks\ScadaChecks.csproj]
D:\C#\VM\ScadaChecks\Program.cs(15732,77): warning CS8600: 将 null 文本或可能的 null 值转换为不可为 null 类型。 [D:\C#\VM\ScadaChecks\ScadaChecks.csproj]
D:\C#\VM\ScadaChecks\Program.cs(15749,83): warning CS8600: 将 null 文本或可能的 null 值转换为不可为 null 类型。 [D:\C#\VM\ScadaChecks\ScadaChecks.csproj]
D:\C#\VM\ScadaChecks\Program.cs(15750,20): warning CS8602: 解引用可能出现空引用。 [D:\C#\VM\ScadaChecks\ScadaChecks.csproj]
D:\C#\VM\ScadaChecks\Program.cs(15751,17): warning CS8604: “void Program.Check(string name, bool ok, string detail)”中的形参“detail”可能传入 null 引用实参。 [D:\C#\VM\ScadaChecks\ScadaChecks.csproj]
D:\C#\VM\ScadaChecks\Program.cs(15753,91): warning CS8600: 将 null 文本或可能的 null 值转换为不可为 null 类型。 [D:\C#\VM\ScadaChecks\ScadaChecks.csproj]
D:\C#\VM\ScadaChecks\Program.cs(15754,79): warning CS8600: 将 null 文本或可能的 null 值转换为不可为 null 类型。 [D:\C#\VM\ScadaChecks\ScadaChecks.csproj]
D:\C#\VM\ScadaChecks\Program.cs(15762,54): warning CS8600: 将 null 文本或可能的 null 值转换为不可为 null 类型。 [D:\C#\VM\ScadaChecks\ScadaChecks.csproj]
D:\C#\VM\ScadaChecks\Program.cs(15762,75): warning CS8602: 解引用可能出现空引用。 [D:\C#\VM\ScadaChecks\ScadaChecks.csproj]
D:\C#\VM\ScadaChecks\Program.cs(15763,17): warning CS8604: “void Program.Check(string name, bool ok, string detail)”中的形参“detail”可能传入 null 引用实参。 [D:\C#\VM\ScadaChecks\ScadaChecks.csproj]
D:\C#\VM\ScadaChecks\Program.cs(15766,71): warning CS8600: 将 null 文本或可能的 null 值转换为不可为 null 类型。 [D:\C#\VM\ScadaChecks\ScadaChecks.csproj]
D:\C#\VM\ScadaChecks\Program.cs(15767,20): warning CS8602: 解引用可能出现空引用。 [D:\C#\VM\ScadaChecks\ScadaChecks.csproj]
D:\C#\VM\ScadaChecks\Program.cs(15770,17): warning CS8604: “void Program.Check(string name, bool ok, string detail)”中的形参“detail”可能传入 null 引用实参。 [D:\C#\VM\ScadaChecks\ScadaChecks.csproj]
D:\C#\VM\ScadaChecks\Program.cs(15773,75): warning CS8600: 将 null 文本或可能的 null 值转换为不可为 null 类型。 [D:\C#\VM\ScadaChecks\ScadaChecks.csproj]
D:\C#\VM\ScadaChecks\Program.cs(15777,81): warning CS8600: 将 null 文本或可能的 null 值转换为不可为 null 类型。 [D:\C#\VM\ScadaChecks\ScadaChecks.csproj]
D:\C#\VM\ScadaChecks\Program.cs(15784,50): warning CS8600: 将 null 文本或可能的 null 值转换为不可为 null 类型。 [D:\C#\VM\ScadaChecks\ScadaChecks.csproj]
D:\C#\VM\ScadaChecks\Program.cs(15799,69): warning CS8600: 将 null 文本或可能的 null 值转换为不可为 null 类型。 [D:\C#\VM\ScadaChecks\ScadaChecks.csproj]
D:\C#\VM\ScadaChecks\Program.cs(15800,20): warning CS8602: 解引用可能出现空引用。 [D:\C#\VM\ScadaChecks\ScadaChecks.csproj]
D:\C#\VM\ScadaChecks\Program.cs(15801,17): warning CS8604: “void Program.Check(string name, bool ok, string detail)”中的形参“detail”可能传入 null 引用实参。 [D:\C#\VM\ScadaChecks\ScadaChecks.csproj]
D:\C#\VM\ScadaChecks\Program.cs(15841,84): warning CS8600: 将 null 文本或可能的 null 值转换为不可为 null 类型。 [D:\C#\VM\ScadaChecks\ScadaChecks.csproj]
D:\C#\VM\ScadaChecks\Program.cs(15956,80): warning CS8600: 将 null 文本或可能的 null 值转换为不可为 null 类型。 [D:\C#\VM\ScadaChecks\ScadaChecks.csproj]
D:\C#\VM\ScadaChecks\Program.cs(16423,52): warning CS8604: “void Program.Check(string name, bool ok, string detail)”中的形参“detail”可能传入 null 引用实参。 [D:\C#\VM\ScadaChecks\ScadaChecks.csproj]

已成功生成。

C:\Program Files\dotnet\sdk\9.0.318\Microsoft.Common.CurrentVersion.targets(2433,5): warning MSB3245: 未能解析此引用。未能找到程序集“System.Resources.Extensions”。请检查磁盘上是否存在该程序集。 如果您的代码需要此引用，则可能出现编译错误。 [D:\C#\VM\DLL\HslCommunication\HslCommunication.csproj]
D:\C#\VM\Plugins\Plugin.ColorRegion\RegionColorPlugin.cs(304,51): warning CS8604: “HTuple[] RegionColorPlugin.ParamsForCanvas(string shape, double[] pars)”中的形参“pars”可能传入 null 引用实参。 [D:\C#\VM\Plugins\Plugin.ColorRegion\Plugin.ColorRegion.csproj::TargetFramework=net9.0-windows]
D:\C#\VM\ScadaChecks\Program.cs(2199,30): warning CS8600: 将 null 文本或可能的 null 值转换为不可为 null 类型。 [D:\C#\VM\ScadaChecks\ScadaChecks.csproj]
D:\C#\VM\ScadaChecks\Program.cs(2214,30): warning CS8600: 将 null 文本或可能的 null 值转换为不可为 null 类型。 [D:\C#\VM\ScadaChecks\ScadaChecks.csproj]
D:\C#\VM\ScadaChecks\Program.cs(4267,61): warning CS8602: 解引用可能出现空引用。 [D:\C#\VM\ScadaChecks\ScadaChecks.csproj]
D:\C#\VM\ScadaChecks\Program.cs(6972,17): warning CS8602: 解引用可能出现空引用。 [D:\C#\VM\ScadaChecks\ScadaChecks.csproj]
D:\C#\VM\ScadaChecks\Program.cs(15674,77): warning CS8600: 将 null 文本或可能的 null 值转换为不可为 null 类型。 [D:\C#\VM\ScadaChecks\ScadaChecks.csproj]
D:\C#\VM\ScadaChecks\Program.cs(15675,81): warning CS8600: 将 null 文本或可能的 null 值转换为不可为 null 类型。 [D:\C#\VM\ScadaChecks\ScadaChecks.csproj]
D:\C#\VM\ScadaChecks\Program.cs(15680,76): warning CS8600: 将 null 文本或可能的 null 值转换为不可为 null 类型。 [D:\C#\VM\ScadaChecks\ScadaChecks.csproj]
D:\C#\VM\ScadaChecks\Program.cs(15681,69): warning CS8600: 将 null 文本或可能的 null 值转换为不可为 null 类型。 [D:\C#\VM\ScadaChecks\ScadaChecks.csproj]
D:\C#\VM\ScadaChecks\Program.cs(15683,27): warning CS8602: 解引用可能出现空引用。 [D:\C#\VM\ScadaChecks\ScadaChecks.csproj]
D:\C#\VM\ScadaChecks\Program.cs(15683,63): warning CS8602: 解引用可能出现空引用。 [D:\C#\VM\ScadaChecks\ScadaChecks.csproj]
D:\C#\VM\ScadaChecks\Program.cs(15691,86): warning CS8600: 将 null 文本或可能的 null 值转换为不可为 null 类型。 [D:\C#\VM\ScadaChecks\ScadaChecks.csproj]
D:\C#\VM\ScadaChecks\Program.cs(15692,86): warning CS8600: 将 null 文本或可能的 null 值转换为不可为 null 类型。 [D:\C#\VM\ScadaChecks\ScadaChecks.csproj]
D:\C#\VM\ScadaChecks\Program.cs(15723,75): warning CS8600: 将 null 文本或可能的 null 值转换为不可为 null 类型。 [D:\C#\VM\ScadaChecks\ScadaChecks.csproj]
D:\C#\VM\ScadaChecks\Program.cs(15728,73): warning CS8600: 将 null 文本或可能的 null 值转换为不可为 null 类型。 [D:\C#\VM\ScadaChecks\ScadaChecks.csproj]
D:\C#\VM\ScadaChecks\Program.cs(15728,93): warning CS8602: 解引用可能出现空引用。 [D:\C#\VM\ScadaChecks\ScadaChecks.csproj]
D:\C#\VM\ScadaChecks\Program.cs(15729,17): warning CS8604: “void Program.Check(string name, bool ok, string detail)”中的形参“detail”可能传入 null 引用实参。 [D:\C#\VM\ScadaChecks\ScadaChecks.csproj]
D:\C#\VM\ScadaChecks\Program.cs(15732,77): warning CS8600: 将 null 文本或可能的 null 值转换为不可为 null 类型。 [D:\C#\VM\ScadaChecks\ScadaChecks.csproj]
D:\C#\VM\ScadaChecks\Program.cs(15749,83): warning CS8600: 将 null 文本或可能的 null 值转换为不可为 null 类型。 [D:\C#\VM\ScadaChecks\ScadaChecks.csproj]
D:\C#\VM\ScadaChecks\Program.cs(15750,20): warning CS8602: 解引用可能出现空引用。 [D:\C#\VM\ScadaChecks\ScadaChecks.csproj]
D:\C#\VM\ScadaChecks\Program.cs(15751,17): warning CS8604: “void Program.Check(string name, bool ok, string detail)”中的形参“detail”可能传入 null 引用实参。 [D:\C#\VM\ScadaChecks\ScadaChecks.csproj]
D:\C#\VM\ScadaChecks\Program.cs(15753,91): warning CS8600: 将 null 文本或可能的 null 值转换为不可为 null 类型。 [D:\C#\VM\ScadaChecks\ScadaChecks.csproj]
D:\C#\VM\ScadaChecks\Program.cs(15754,79): warning CS8600: 将 null 文本或可能的 null 值转换为不可为 null 类型。 [D:\C#\VM\ScadaChecks\ScadaChecks.csproj]
D:\C#\VM\ScadaChecks\Program.cs(15762,54): warning CS8600: 将 null 文本或可能的 null 值转换为不可为 null 类型。 [D:\C#\VM\ScadaChecks\ScadaChecks.csproj]
D:\C#\VM\ScadaChecks\Program.cs(15762,75): warning CS8602: 解引用可能出现空引用。 [D:\C#\VM\ScadaChecks\ScadaChecks.csproj]
D:\C#\VM\ScadaChecks\Program.cs(15763,17): warning CS8604: “void Program.Check(string name, bool ok, string detail)”中的形参“detail”可能传入 null 引用实参。 [D:\C#\VM\ScadaChecks\ScadaChecks.csproj]
D:\C#\VM\ScadaChecks\Program.cs(15766,71): warning CS8600: 将 null 文本或可能的 null 值转换为不可为 null 类型。 [D:\C#\VM\ScadaChecks\ScadaChecks.csproj]
D:\C#\VM\ScadaChecks\Program.cs(15767,20): warning CS8602: 解引用可能出现空引用。 [D:\C#\VM\ScadaChecks\ScadaChecks.csproj]
D:\C#\VM\ScadaChecks\Program.cs(15770,17): warning CS8604: “void Program.Check(string name, bool ok, string detail)”中的形参“detail”可能传入 null 引用实参。 [D:\C#\VM\ScadaChecks\ScadaChecks.csproj]
D:\C#\VM\ScadaChecks\Program.cs(15773,75): warning CS8600: 将 null 文本或可能的 null 值转换为不可为 null 类型。 [D:\C#\VM\ScadaChecks\ScadaChecks.csproj]
D:\C#\VM\ScadaChecks\Program.cs(15777,81): warning CS8600: 将 null 文本或可能的 null 值转换为不可为 null 类型。 [D:\C#\VM\ScadaChecks\ScadaChecks.csproj]
D:\C#\VM\ScadaChecks\Program.cs(15784,50): warning CS8600: 将 null 文本或可能的 null 值转换为不可为 null 类型。 [D:\C#\VM\ScadaChecks\ScadaChecks.csproj]
D:\C#\VM\ScadaChecks\Program.cs(15799,69): warning CS8600: 将 null 文本或可能的 null 值转换为不可为 null 类型。 [D:\C#\VM\ScadaChecks\ScadaChecks.csproj]
D:\C#\VM\ScadaChecks\Program.cs(15800,20): warning CS8602: 解引用可能出现空引用。 [D:\C#\VM\ScadaChecks\ScadaChecks.csproj]
D:\C#\VM\ScadaChecks\Program.cs(15801,17): warning CS8604: “void Program.Check(string name, bool ok, string detail)”中的形参“detail”可能传入 null 引用实参。 [D:\C#\VM\ScadaChecks\ScadaChecks.csproj]
D:\C#\VM\ScadaChecks\Program.cs(15841,84): warning CS8600: 将 null 文本或可能的 null 值转换为不可为 null 类型。 [D:\C#\VM\ScadaChecks\ScadaChecks.csproj]
D:\C#\VM\ScadaChecks\Program.cs(15956,80): warning CS8600: 将 null 文本或可能的 null 值转换为不可为 null 类型。 [D:\C#\VM\ScadaChecks\ScadaChecks.csproj]
D:\C#\VM\ScadaChecks\Program.cs(16423,52): warning CS8604: “void Program.Check(string name, bool ok, string detail)”中的形参“detail”可能传入 null 引用实参。 [D:\C#\VM\ScadaChecks\ScadaChecks.csproj]
    39 个警告
    0 个错误

已用时间 00:00:10.88
