C:\Program Files\dotnet\sdk\9.0.318\Microsoft.Common.CurrentVersion.targets(2433,5): warning MSB3245: 未能解析此引用。未能找到程序集“System.Resources.Extensions”。请检查磁盘上是否存在该程序集。 如果您的代码需要此引用，则可能出现编译错误。 [D:\C#\VM\DLL\HslCommunication\HslCommunication.csproj]
D:\C#\VM\UI\Controls\Core\ElementExtention.cs(80,93): warning CS8625: 无法将 null 字面量转换为非 null 的引用类型。 [D:\C#\VM\UI\Controls\UI_2h5rnmfy_wpftmp.csproj]
D:\C#\VM\UI\Controls\Core\ElementExtention.cs(102,109): warning CS8625: 无法将 null 字面量转换为非 null 的引用类型。 [D:\C#\VM\UI\Controls\UI_2h5rnmfy_wpftmp.csproj]
D:\C#\VM\UI\Controls\Core\ElementExtention.cs(405,111): warning CS8625: 无法将 null 字面量转换为非 null 的引用类型。 [D:\C#\VM\UI\Controls\UI_2h5rnmfy_wpftmp.csproj]
D:\C#\VM\UI\Controls\Core\ElementExtention.cs(413,97): warning CS8625: 无法将 null 字面量转换为非 null 的引用类型。 [D:\C#\VM\UI\Controls\UI_2h5rnmfy_wpftmp.csproj]
D:\C#\VM\UI\Controls\Core\ElementExtention.cs(428,96): warning CS8625: 无法将 null 字面量转换为非 null 的引用类型。 [D:\C#\VM\UI\Controls\UI_2h5rnmfy_wpftmp.csproj]
D:\C#\VM\UI\Controls\Core\ElementExtention.cs(451,98): warning CS8625: 无法将 null 字面量转换为非 null 的引用类型。 [D:\C#\VM\UI\Controls\UI_2h5rnmfy_wpftmp.csproj]
D:\C#\VM\UI\Controls\Core\ElementExtention.cs(491,104): warning CS8625: 无法将 null 字面量转换为非 null 的引用类型。 [D:\C#\VM\UI\Controls\UI_2h5rnmfy_wpftmp.csproj]
D:\C#\VM\UI\Controls\Core\MarkupCommandBase.cs(28,29): warning CS8767: “bool MarkupCommandBase.CanExecute(object parameter)”的参数“parameter”类型中引用类型的为 Null 性与隐式实现的成员“bool ICommand.CanExecute(object? parameter)”不匹配(可能是由于为 Null 性特性)。 [D:\C#\VM\UI\Controls\UI_2h5rnmfy_wpftmp.csproj]
D:\C#\VM\UI\Controls\Core\MarkupCommandBase.cs(32,30): warning CS8767: “void MarkupCommandBase.Execute(object parameter)”的参数“parameter”类型中引用类型的为 Null 性与隐式实现的成员“void ICommand.Execute(object? parameter)”不匹配(可能是由于为 Null 性特性)。 [D:\C#\VM\UI\Controls\UI_2h5rnmfy_wpftmp.csproj]
D:\C#\VM\UI\Controls\Core\MarkupCommandBase.cs(17,35): warning CS8612: “event EventHandler MarkupCommandBase.CanExecuteChanged”的类型中引用类型的为 Null 性与隐式实现的成员“event EventHandler? ICommand.CanExecuteChanged”不匹配。 [D:\C#\VM\UI\Controls\UI_2h5rnmfy_wpftmp.csproj]
D:\C#\VM\UI\Controls\Core\MarkupCommandBase.cs(72,50): warning CS8612: “event PropertyChangedEventHandler MarkupCommandBase.PropertyChanged”的类型中引用类型的为 Null 性与隐式实现的成员“event PropertyChangedEventHandler? INotifyPropertyChanged.PropertyChanged”不匹配。 [D:\C#\VM\UI\Controls\UI_2h5rnmfy_wpftmp.csproj]
D:\C#\VM\UI\Controls\Core\ObservableObject.cs(11,50): warning CS8612: “event PropertyChangedEventHandler ObservableObject.PropertyChanged”的类型中引用类型的为 Null 性与隐式实现的成员“event PropertyChangedEventHandler? INotifyPropertyChanged.PropertyChanged”不匹配。 [D:\C#\VM\UI\Controls\UI_2h5rnmfy_wpftmp.csproj]
D:\C#\VM\UI\Controls\Core\ObservableObject.cs(17,91): warning CS8625: 无法将 null 字面量转换为非 null 的引用类型。 [D:\C#\VM\UI\Controls\UI_2h5rnmfy_wpftmp.csproj]
D:\C#\VM\UI\Controls\Core\ObservableObject.cs(30,112): warning CS8625: 无法将 null 字面量转换为非 null 的引用类型。 [D:\C#\VM\UI\Controls\UI_2h5rnmfy_wpftmp.csproj]
D:\C#\VM\UI\Controls\Models\PropertyItem.cs(83,50): warning CS8612: “event PropertyChangedEventHandler PropertyItem.PropertyChanged”的类型中引用类型的为 Null 性与隐式实现的成员“event PropertyChangedEventHandler? INotifyPropertyChanged.PropertyChanged”不匹配。 [D:\C#\VM\UI\Controls\UI_2h5rnmfy_wpftmp.csproj]
D:\C#\VM\UI\Controls\Core\ObservableObject.cs(11,50): warning CS8618: 在退出构造函数时，不可为 null 的 事件 "PropertyChanged" 必须包含非 null 值。请考虑添加 "required" 修饰符或将该 事件 声明为可为 null。 [D:\C#\VM\UI\Controls\UI_2h5rnmfy_wpftmp.csproj]
D:\C#\VM\UI\Controls\Models\PropertyItem.cs(41,27): warning CS8601: 可能的 null 引用赋值。 [D:\C#\VM\UI\Controls\UI_2h5rnmfy_wpftmp.csproj]
D:\C#\VM\UI\Controls\Models\PropertyItem.cs(46,31): warning CS8601: 可能的 null 引用赋值。 [D:\C#\VM\UI\Controls\UI_2h5rnmfy_wpftmp.csproj]
D:\C#\VM\UI\Controls\Models\PropertyItem.cs(49,24): warning CS8601: 可能的 null 引用赋值。 [D:\C#\VM\UI\Controls\UI_2h5rnmfy_wpftmp.csproj]
D:\C#\VM\UI\Controls\Models\PropertyItem.cs(33,16): warning CS8618: 在退出构造函数时，不可为 null 的 属性 "Description" 必须包含非 null 值。请考虑添加 "required" 修饰符或将该 属性 声明为可为 null。 [D:\C#\VM\UI\Controls\UI_2h5rnmfy_wpftmp.csproj]
D:\C#\VM\UI\Controls\Models\PropertyItem.cs(33,16): warning CS8618: 在退出构造函数时，不可为 null 的 属性 "BrowseAttribute" 必须包含非 null 值。请考虑添加 "required" 修饰符或将该 属性 声明为可为 null。 [D:\C#\VM\UI\Controls\UI_2h5rnmfy_wpftmp.csproj]
D:\C#\VM\UI\Controls\Models\PropertyItem.cs(33,16): warning CS8618: 在退出构造函数时，不可为 null 的 属性 "IconCode" 必须包含非 null 值。请考虑添加 "required" 修饰符或将该 属性 声明为可为 null。 [D:\C#\VM\UI\Controls\UI_2h5rnmfy_wpftmp.csproj]
D:\C#\VM\UI\Controls\Models\PropertyItem.cs(33,16): warning CS8618: 在退出构造函数时，不可为 null 的 属性 "EditorKey" 必须包含非 null 值。请考虑添加 "required" 修饰符或将该 属性 声明为可为 null。 [D:\C#\VM\UI\Controls\UI_2h5rnmfy_wpftmp.csproj]
D:\C#\VM\UI\Controls\Models\PropertyItem.cs(33,16): warning CS8618: 在退出构造函数时，不可为 null 的 事件 "PropertyChanged" 必须包含非 null 值。请考虑添加 "required" 修饰符或将该 事件 声明为可为 null。 [D:\C#\VM\UI\Controls\UI_2h5rnmfy_wpftmp.csproj]
D:\C#\VM\UI\Controls\AttachedProperties\IconHelper.cs(81,20): warning CS8603: 可能返回 null 引用。 [D:\C#\VM\UI\Controls\UI_2h5rnmfy_wpftmp.csproj]
D:\C#\VM\UI\Controls\Models\PropertyItem.cs(66,20): warning CS8603: 可能返回 null 引用。 [D:\C#\VM\UI\Controls\UI_2h5rnmfy_wpftmp.csproj]
D:\C#\VM\UI\Controls\Core\MarkupCommandBase.cs(38,20): warning CS8603: 可能返回 null 引用。 [D:\C#\VM\UI\Controls\UI_2h5rnmfy_wpftmp.csproj]
D:\C#\VM\UI\Controls\Core\MarkupCommandBase.cs(45,24): warning CS8603: 可能返回 null 引用。 [D:\C#\VM\UI\Controls\UI_2h5rnmfy_wpftmp.csproj]
D:\C#\VM\UI\Controls\Core\MarkupCommandBase.cs(39,13): warning CS0162: 检测到无法访问的代码 [D:\C#\VM\UI\Controls\UI_2h5rnmfy_wpftmp.csproj]
D:\C#\VM\UI\Controls\Core\MarkupCommandBase.cs(62,49): warning CS8603: 可能返回 null 引用。 [D:\C#\VM\UI\Controls\UI_2h5rnmfy_wpftmp.csproj]
D:\C#\VM\UI\Controls\CustomControl\AlarmBar.cs(61,26): warning CS8601: 可能的 null 引用赋值。 [D:\C#\VM\UI\Controls\UI_2h5rnmfy_wpftmp.csproj]
D:\C#\VM\UI\Controls\CustomControl\AlarmBar.cs(62,26): warning CS8601: 可能的 null 引用赋值。 [D:\C#\VM\UI\Controls\UI_2h5rnmfy_wpftmp.csproj]
D:\C#\VM\UI\Controls\CustomControl\AlarmBar.cs(65,44): warning CS8622: “void AlarmBar.OnRendering(object sender, EventArgs e)”的参数“sender”类型中引用类型的为 Null 性与目标委托“EventHandler”不匹配(可能是由于为 Null 性特性)。 [D:\C#\VM\UI\Controls\UI_2h5rnmfy_wpftmp.csproj]
D:\C#\VM\UI\Controls\CustomControl\AlarmBar.cs(66,44): warning CS8622: “void AlarmBar.OnRendering(object sender, EventArgs e)”的参数“sender”类型中引用类型的为 Null 性与目标委托“EventHandler”不匹配(可能是由于为 Null 性特性)。 [D:\C#\VM\UI\Controls\UI_2h5rnmfy_wpftmp.csproj]
D:\C#\VM\UI\Controls\CustomControl\AlarmBar.cs(22,36): warning CS8618: 在退出构造函数时，不可为 null 的 字段 "_translate" 必须包含非 null 值。请考虑添加 "required" 修饰符或将该 字段 声明为可为 null。 [D:\C#\VM\UI\Controls\UI_2h5rnmfy_wpftmp.csproj]
D:\C#\VM\UI\Controls\CustomControl\AlarmBar.cs(23,34): warning CS8618: 在退出构造函数时，不可为 null 的 字段 "_itemsHost" 必须包含非 null 值。请考虑添加 "required" 修饰符或将该 字段 声明为可为 null。 [D:\C#\VM\UI\Controls\UI_2h5rnmfy_wpftmp.csproj]
D:\C#\VM\UI\Controls\Core\MarkupCommandBase.cs(61,34): warning CS8618: 在退出构造函数时，不可为 null 的 字段 "_serviceProvider" 必须包含非 null 值。请考虑添加 "required" 修饰符或将该 字段 声明为可为 null。 [D:\C#\VM\UI\Controls\UI_2h5rnmfy_wpftmp.csproj]
D:\C#\VM\UI\Controls\Core\MarkupCommandBase.cs(72,50): warning CS8618: 在退出构造函数时，不可为 null 的 事件 "PropertyChanged" 必须包含非 null 值。请考虑添加 "required" 修饰符或将该 事件 声明为可为 null。 [D:\C#\VM\UI\Controls\UI_2h5rnmfy_wpftmp.csproj]
D:\C#\VM\UI\Controls\Helper\ControlBindHelper.cs(28,43): warning CS8604: “FieldInfo? Type.GetField(string name)”中的形参“name”可能传入 null 引用实参。 [D:\C#\VM\UI\Controls\UI_2h5rnmfy_wpftmp.csproj]
D:\C#\VM\UI\Controls\Helper\ControlBindHelper.cs(30,46): warning CS8604: “Attribute? Attribute.GetCustomAttribute(MemberInfo element, Type attributeType)”中的形参“element”可能传入 null 引用实参。 [D:\C#\VM\UI\Controls\UI_2h5rnmfy_wpftmp.csproj]
D:\C#\VM\UI\Controls\Helper\ControlBindHelper.cs(29,31): warning CS8600: 将 null 文本或可能的 null 值转换为不可为 null 类型。 [D:\C#\VM\UI\Controls\UI_2h5rnmfy_wpftmp.csproj]
D:\C#\VM\UI\Controls\Helper\ControlBindHelper.cs(31,20): warning CS8603: 可能返回 null 引用。 [D:\C#\VM\UI\Controls\UI_2h5rnmfy_wpftmp.csproj]
D:\C#\VM\UI\Controls\Converters\UniversalValueConverter.cs(30,20): warning CS8603: 可能返回 null 引用。 [D:\C#\VM\UI\Controls\UI_2h5rnmfy_wpftmp.csproj]
D:\C#\VM\UI\Controls\Converters\TypeNameToFriendlyNameConverter.cs(22,35): warning CS8600: 将 null 文本或可能的 null 值转换为不可为 null 类型。 [D:\C#\VM\UI\Controls\UI_2h5rnmfy_wpftmp.csproj]
D:\C#\VM\UI\Controls\AttachedProperties\PasswordBoxHelper.cs(67,39): warning CS8600: 将 null 文本或可能的 null 值转换为不可为 null 类型。 [D:\C#\VM\UI\Controls\UI_2h5rnmfy_wpftmp.csproj]
D:\C#\VM\UI\Controls\AttachedProperties\PasswordBoxHelper.cs(68,27): warning CS8604: “void PasswordBoxHelper.SetIsUpdating(DependencyObject dp, bool value)”中的形参“dp”可能传入 null 引用实参。 [D:\C#\VM\UI\Controls\UI_2h5rnmfy_wpftmp.csproj]
D:\C#\VM\UI\Controls\Core\ElementExtention.cs(84,35): warning CS8600: 将 null 文本或可能的 null 值转换为不可为 null 类型。 [D:\C#\VM\UI\Controls\UI_2h5rnmfy_wpftmp.csproj]
D:\C#\VM\UI\Controls\Core\ElementExtention.cs(96,20): warning CS8603: 可能返回 null 引用。 [D:\C#\VM\UI\Controls\UI_2h5rnmfy_wpftmp.csproj]
D:\C#\VM\UI\Controls\Converters\TypeNameToFriendlyNameConverter.cs(40,31): warning CS8600: 将 null 文本或可能的 null 值转换为不可为 null 类型。 [D:\C#\VM\UI\Controls\UI_2h5rnmfy_wpftmp.csproj]
D:\C#\VM\UI\Controls\Converters\TypeNameToFriendlyNameConverter.cs(49,32): warning CS8602: 解引用可能出现空引用。 [D:\C#\VM\UI\Controls\UI_2h5rnmfy_wpftmp.csproj]
D:\C#\VM\UI\Controls\CustomControl\DialogArrayEditor.xaml.cs(106,20): warning CS8601: 可能的 null 引用赋值。 [D:\C#\VM\UI\Controls\UI_2h5rnmfy_wpftmp.csproj]
D:\C#\VM\UI\Controls\Core\ElementExtention.cs(106,35): warning CS8600: 将 null 文本或可能的 null 值转换为不可为 null 类型。 [D:\C#\VM\UI\Controls\UI_2h5rnmfy_wpftmp.csproj]
D:\C#\VM\UI\Controls\Core\ElementExtention.cs(112,55): warning CS8604: “IEnumerable<T> ElementExtention.GetChildren<T>(DependencyObject p_element, Func<T, bool> p_func = null, bool filterContain = false)”中的形参“p_func”可能传入 null 引用实参。 [D:\C#\VM\UI\Controls\UI_2h5rnmfy_wpftmp.csproj]
D:\C#\VM\UI\Controls\Core\ElementExtention.cs(125,55): warning CS8604: “IEnumerable<T> ElementExtention.GetChildren<T>(DependencyObject p_element, Func<T, bool> p_func = null, bool filterContain = false)”中的形参“p_func”可能传入 null 引用实参。 [D:\C#\VM\UI\Controls\UI_2h5rnmfy_wpftmp.csproj]
D:\C#\VM\UI\Controls\Core\ElementExtention.cs(136,41): warning CS8603: 可能返回 null 引用。 [D:\C#\VM\UI\Controls\UI_2h5rnmfy_wpftmp.csproj]
D:\C#\VM\UI\Controls\Core\ElementExtention.cs(153,20): warning CS8603: 可能返回 null 引用。 [D:\C#\VM\UI\Controls\UI_2h5rnmfy_wpftmp.csproj]
D:\C#\VM\UI\Controls\CustomControl\LogConsole.cs(117,29): warning CS8601: 可能的 null 引用赋值。 [D:\C#\VM\UI\Controls\UI_2h5rnmfy_wpftmp.csproj]
D:\C#\VM\UI\Controls\Core\ElementExtention.cs(161,41): warning CS8603: 可能返回 null 引用。 [D:\C#\VM\UI\Controls\UI_2h5rnmfy_wpftmp.csproj]
D:\C#\VM\UI\Controls\Core\ElementExtention.cs(163,65): warning CS8604: “bool Func<T, bool>.Invoke(T arg)”中的形参“arg”可能传入 null 引用实参。 [D:\C#\VM\UI\Controls\UI_2h5rnmfy_wpftmp.csproj]
D:\C#\VM\UI\Controls\Core\ElementExtention.cs(177,20): warning CS8603: 可能返回 null 引用。 [D:\C#\VM\UI\Controls\UI_2h5rnmfy_wpftmp.csproj]
D:\C#\VM\UI\Controls\Core\ElementExtention.cs(188,24): warning CS8603: 可能返回 null 引用。 [D:\C#\VM\UI\Controls\UI_2h5rnmfy_wpftmp.csproj]
D:\C#\VM\UI\Controls\Core\ElementExtention.cs(189,20): warning CS8603: 可能返回 null 引用。 [D:\C#\VM\UI\Controls\UI_2h5rnmfy_wpftmp.csproj]
D:\C#\VM\UI\Controls\CustomControl\LogConsole.cs(20,30): warning CS8618: 在退出构造函数时，不可为 null 的 字段 "_scrollViewer" 必须包含非 null 值。请考虑添加 "required" 修饰符或将该 字段 声明为可为 null。 [D:\C#\VM\UI\Controls\UI_2h5rnmfy_wpftmp.csproj]
D:\C#\VM\UI\Controls\CustomControl\LogConsole.cs(21,33): warning CS8618: 在退出构造函数时，不可为 null 的 字段 "_collectionView" 必须包含非 null 值。请考虑添加 "required" 修饰符或将该 字段 声明为可为 null。 [D:\C#\VM\UI\Controls\UI_2h5rnmfy_wpftmp.csproj]
D:\C#\VM\UI\Controls\Core\ElementExtention.cs(209,32): warning CS8604: “T ElementExtention.GetElement<T>(DependencyObject element)”中的形参“element”可能传入 null 引用实参。 [D:\C#\VM\UI\Controls\UI_2h5rnmfy_wpftmp.csproj]
D:\C#\VM\UI\Controls\Core\ElementExtention.cs(215,29): warning CS8604: “T ElementExtention.GetElement<T>(DependencyObject element)”中的形参“element”可能传入 null 引用实参。 [D:\C#\VM\UI\Controls\UI_2h5rnmfy_wpftmp.csproj]
D:\C#\VM\UI\Controls\Core\ElementExtention.cs(217,20): warning CS8603: 可能返回 null 引用。 [D:\C#\VM\UI\Controls\UI_2h5rnmfy_wpftmp.csproj]
D:\C#\VM\UI\Controls\Core\ElementExtention.cs(230,41): warning CS8604: “IEnumerable<T> ElementExtention.GetElements<T>(DependencyObject element)”中的形参“element”可能传入 null 引用实参。 [D:\C#\VM\UI\Controls\UI_2h5rnmfy_wpftmp.csproj]
D:\C#\VM\UI\Controls\Core\ElementExtention.cs(238,41): warning CS8604: “IEnumerable<T> ElementExtention.GetElements<T>(DependencyObject element)”中的形参“element”可能传入 null 引用实参。 [D:\C#\VM\UI\Controls\UI_2h5rnmfy_wpftmp.csproj]
D:\C#\VM\UI\Controls\Behaviors\TreeViewBehavior.cs(203,20): warning CS8603: 可能返回 null 引用。 [D:\C#\VM\UI\Controls\UI_2h5rnmfy_wpftmp.csproj]
D:\C#\VM\UI\Controls\Core\ElementExtention.cs(253,38): warning CS8603: 可能返回 null 引用。 [D:\C#\VM\UI\Controls\UI_2h5rnmfy_wpftmp.csproj]
D:\C#\VM\UI\Controls\Core\ElementExtention.cs(255,20): warning CS8603: 可能返回 null 引用。 [D:\C#\VM\UI\Controls\UI_2h5rnmfy_wpftmp.csproj]
D:\C#\VM\UI\Controls\Core\ElementExtention.cs(263,20): warning CS8603: 可能返回 null 引用。 [D:\C#\VM\UI\Controls\UI_2h5rnmfy_wpftmp.csproj]
D:\C#\VM\UI\Controls\CustomControl\Message\Notifier.cs(17,23): warning CS8618: 在退出构造函数时，不可为 null 的 属性 "Message" 必须包含非 null 值。请考虑添加 "required" 修饰符或将该 属性 声明为可为 null。 [D:\C#\VM\UI\Controls\UI_2h5rnmfy_wpftmp.csproj]
D:\C#\VM\UI\Controls\CustomControl\Message\Notifier.cs(19,23): warning CS8618: 在退出构造函数时，不可为 null 的 属性 "IconPath" 必须包含非 null 值。请考虑添加 "required" 修饰符或将该 属性 声明为可为 null。 [D:\C#\VM\UI\Controls\UI_2h5rnmfy_wpftmp.csproj]
D:\C#\VM\UI\Controls\CustomControl\Message\Notifier.cs(20,22): warning CS8618: 在退出构造函数时，不可为 null 的 属性 "IconColor" 必须包含非 null 值。请考虑添加 "required" 修饰符或将该 属性 声明为可为 null。 [D:\C#\VM\UI\Controls\UI_2h5rnmfy_wpftmp.csproj]
D:\C#\VM\UI\Controls\CustomControl\Message\OverlayHost.xaml.cs(23,37): warning CS8618: 在退出构造函数时，不可为 null 的 属性 "Instance" 必须包含非 null 值。请考虑添加 "required" 修饰符或将该 属性 声明为可为 null。 [D:\C#\VM\UI\Controls\UI_2h5rnmfy_wpftmp.csproj]
D:\C#\VM\UI\Controls\Core\ElementExtention.cs(308,39): warning CS8604: “IEnumerable<T> ElementExtention.FindAllVisualChild<T>(DependencyObject obj, Predicate<T> match)”中的形参“obj”可能传入 null 引用实参。 [D:\C#\VM\UI\Controls\UI_2h5rnmfy_wpftmp.csproj]
D:\C#\VM\UI\Controls\Core\ElementExtention.cs(352,24): warning CS8603: 可能返回 null 引用。 [D:\C#\VM\UI\Controls\UI_2h5rnmfy_wpftmp.csproj]
D:\C#\VM\UI\Controls\Core\ElementExtention.cs(366,20): warning CS8603: 可能返回 null 引用。 [D:\C#\VM\UI\Controls\UI_2h5rnmfy_wpftmp.csproj]
D:\C#\VM\UI\Controls\Core\ElementExtention.cs(408,39): warning CS8603: 可能返回 null 引用。 [D:\C#\VM\UI\Controls\UI_2h5rnmfy_wpftmp.csproj]
D:\C#\VM\UI\Controls\Core\ElementExtention.cs(409,20): warning CS8603: 可能返回 null 引用。 [D:\C#\VM\UI\Controls\UI_2h5rnmfy_wpftmp.csproj]
D:\C#\VM\UI\Controls\Core\ElementExtention.cs(415,20): warning CS8603: 可能返回 null 引用。 [D:\C#\VM\UI\Controls\UI_2h5rnmfy_wpftmp.csproj]
D:\C#\VM\UI\Controls\Core\ElementExtention.cs(453,24): warning CS8600: 将 null 文本或可能的 null 值转换为不可为 null 类型。 [D:\C#\VM\UI\Controls\UI_2h5rnmfy_wpftmp.csproj]
D:\C#\VM\UI\Controls\Core\ElementExtention.cs(480,20): warning CS8603: 可能返回 null 引用。 [D:\C#\VM\UI\Controls\UI_2h5rnmfy_wpftmp.csproj]
D:\C#\VM\UI\Controls\Core\ElementExtention.cs(487,20): warning CS8603: 可能返回 null 引用。 [D:\C#\VM\UI\Controls\UI_2h5rnmfy_wpftmp.csproj]
D:\C#\VM\UI\Controls\Core\ElementExtention.cs(493,24): warning CS8600: 将 null 文本或可能的 null 值转换为不可为 null 类型。 [D:\C#\VM\UI\Controls\UI_2h5rnmfy_wpftmp.csproj]
D:\C#\VM\UI\Controls\Core\ElementExtention.cs(519,20): warning CS8603: 可能返回 null 引用。 [D:\C#\VM\UI\Controls\UI_2h5rnmfy_wpftmp.csproj]
D:\C#\VM\UI\Controls\Core\ElementExtention.cs(529,20): warning CS8603: 可能返回 null 引用。 [D:\C#\VM\UI\Controls\UI_2h5rnmfy_wpftmp.csproj]
D:\C#\VM\UI\Controls\Core\ElementExtention.cs(538,20): warning CS8603: 可能返回 null 引用。 [D:\C#\VM\UI\Controls\UI_2h5rnmfy_wpftmp.csproj]
D:\C#\VM\UI\Controls\Core\ElementExtention.cs(545,20): warning CS8603: 可能返回 null 引用。 [D:\C#\VM\UI\Controls\UI_2h5rnmfy_wpftmp.csproj]
D:\C#\VM\UI\Controls\Core\ElementExtention.cs(561,28): warning CS8603: 可能返回 null 引用。 [D:\C#\VM\UI\Controls\UI_2h5rnmfy_wpftmp.csproj]
D:\C#\VM\UI\Controls\Core\ElementExtention.cs(80,93): warning CS8625: 无法将 null 字面量转换为非 null 的引用类型。 [D:\C#\VM\UI\Controls\UI.csproj]
D:\C#\VM\UI\Controls\Core\ElementExtention.cs(102,109): warning CS8625: 无法将 null 字面量转换为非 null 的引用类型。 [D:\C#\VM\UI\Controls\UI.csproj]
D:\C#\VM\UI\Controls\Core\ElementExtention.cs(405,111): warning CS8625: 无法将 null 字面量转换为非 null 的引用类型。 [D:\C#\VM\UI\Controls\UI.csproj]
D:\C#\VM\UI\Controls\Core\ElementExtention.cs(413,97): warning CS8625: 无法将 null 字面量转换为非 null 的引用类型。 [D:\C#\VM\UI\Controls\UI.csproj]
D:\C#\VM\UI\Controls\Core\ElementExtention.cs(428,96): warning CS8625: 无法将 null 字面量转换为非 null 的引用类型。 [D:\C#\VM\UI\Controls\UI.csproj]
D:\C#\VM\UI\Controls\Core\ElementExtention.cs(451,98): warning CS8625: 无法将 null 字面量转换为非 null 的引用类型。 [D:\C#\VM\UI\Controls\UI.csproj]
D:\C#\VM\UI\Controls\Core\ElementExtention.cs(491,104): warning CS8625: 无法将 null 字面量转换为非 null 的引用类型。 [D:\C#\VM\UI\Controls\UI.csproj]
D:\C#\VM\UI\Controls\Core\MarkupCommandBase.cs(28,29): warning CS8767: “bool MarkupCommandBase.CanExecute(object parameter)”的参数“parameter”类型中引用类型的为 Null 性与隐式实现的成员“bool ICommand.CanExecute(object? parameter)”不匹配(可能是由于为 Null 性特性)。 [D:\C#\VM\UI\Controls\UI.csproj]
D:\C#\VM\UI\Controls\Core\MarkupCommandBase.cs(32,30): warning CS8767: “void MarkupCommandBase.Execute(object parameter)”的参数“parameter”类型中引用类型的为 Null 性与隐式实现的成员“void ICommand.Execute(object? parameter)”不匹配(可能是由于为 Null 性特性)。 [D:\C#\VM\UI\Controls\UI.csproj]
D:\C#\VM\UI\Controls\Core\MarkupCommandBase.cs(17,35): warning CS8612: “event EventHandler MarkupCommandBase.CanExecuteChanged”的类型中引用类型的为 Null 性与隐式实现的成员“event EventHandler? ICommand.CanExecuteChanged”不匹配。 [D:\C#\VM\UI\Controls\UI.csproj]
D:\C#\VM\UI\Controls\Core\MarkupCommandBase.cs(72,50): warning CS8612: “event PropertyChangedEventHandler MarkupCommandBase.PropertyChanged”的类型中引用类型的为 Null 性与隐式实现的成员“event PropertyChangedEventHandler? INotifyPropertyChanged.PropertyChanged”不匹配。 [D:\C#\VM\UI\Controls\UI.csproj]
D:\C#\VM\UI\Controls\Core\ObservableObject.cs(11,50): warning CS8612: “event PropertyChangedEventHandler ObservableObject.PropertyChanged”的类型中引用类型的为 Null 性与隐式实现的成员“event PropertyChangedEventHandler? INotifyPropertyChanged.PropertyChanged”不匹配。 [D:\C#\VM\UI\Controls\UI.csproj]
D:\C#\VM\UI\Controls\Core\ObservableObject.cs(17,91): warning CS8625: 无法将 null 字面量转换为非 null 的引用类型。 [D:\C#\VM\UI\Controls\UI.csproj]
D:\C#\VM\UI\Controls\Core\ObservableObject.cs(30,112): warning CS8625: 无法将 null 字面量转换为非 null 的引用类型。 [D:\C#\VM\UI\Controls\UI.csproj]
D:\C#\VM\UI\Controls\Models\PropertyItem.cs(83,50): warning CS8612: “event PropertyChangedEventHandler PropertyItem.PropertyChanged”的类型中引用类型的为 Null 性与隐式实现的成员“event PropertyChangedEventHandler? INotifyPropertyChanged.PropertyChanged”不匹配。 [D:\C#\VM\UI\Controls\UI.csproj]
D:\C#\VM\UI\Controls\Core\ObservableObject.cs(11,50): warning CS8618: 在退出构造函数时，不可为 null 的 事件 "PropertyChanged" 必须包含非 null 值。请考虑添加 "required" 修饰符或将该 事件 声明为可为 null。 [D:\C#\VM\UI\Controls\UI.csproj]
D:\C#\VM\UI\Controls\Converters\UniversalValueConverter.cs(30,20): warning CS8603: 可能返回 null 引用。 [D:\C#\VM\UI\Controls\UI.csproj]
D:\C#\VM\UI\Controls\Models\PropertyItem.cs(41,27): warning CS8601: 可能的 null 引用赋值。 [D:\C#\VM\UI\Controls\UI.csproj]
D:\C#\VM\UI\Controls\Models\PropertyItem.cs(46,31): warning CS8601: 可能的 null 引用赋值。 [D:\C#\VM\UI\Controls\UI.csproj]
D:\C#\VM\UI\Controls\Models\PropertyItem.cs(49,24): warning CS8601: 可能的 null 引用赋值。 [D:\C#\VM\UI\Controls\UI.csproj]
D:\C#\VM\UI\Controls\Models\PropertyItem.cs(33,16): warning CS8618: 在退出构造函数时，不可为 null 的 属性 "Description" 必须包含非 null 值。请考虑添加 "required" 修饰符或将该 属性 声明为可为 null。 [D:\C#\VM\UI\Controls\UI.csproj]
D:\C#\VM\UI\Controls\Models\PropertyItem.cs(33,16): warning CS8618: 在退出构造函数时，不可为 null 的 属性 "BrowseAttribute" 必须包含非 null 值。请考虑添加 "required" 修饰符或将该 属性 声明为可为 null。 [D:\C#\VM\UI\Controls\UI.csproj]
D:\C#\VM\UI\Controls\Models\PropertyItem.cs(33,16): warning CS8618: 在退出构造函数时，不可为 null 的 属性 "IconCode" 必须包含非 null 值。请考虑添加 "required" 修饰符或将该 属性 声明为可为 null。 [D:\C#\VM\UI\Controls\UI.csproj]
D:\C#\VM\UI\Controls\Models\PropertyItem.cs(33,16): warning CS8618: 在退出构造函数时，不可为 null 的 属性 "EditorKey" 必须包含非 null 值。请考虑添加 "required" 修饰符或将该 属性 声明为可为 null。 [D:\C#\VM\UI\Controls\UI.csproj]
D:\C#\VM\UI\Controls\Models\PropertyItem.cs(33,16): warning CS8618: 在退出构造函数时，不可为 null 的 事件 "PropertyChanged" 必须包含非 null 值。请考虑添加 "required" 修饰符或将该 事件 声明为可为 null。 [D:\C#\VM\UI\Controls\UI.csproj]
D:\C#\VM\UI\Controls\Converters\TypeNameToFriendlyNameConverter.cs(22,35): warning CS8600: 将 null 文本或可能的 null 值转换为不可为 null 类型。 [D:\C#\VM\UI\Controls\UI.csproj]
D:\C#\VM\UI\Controls\Models\PropertyItem.cs(66,20): warning CS8603: 可能返回 null 引用。 [D:\C#\VM\UI\Controls\UI.csproj]
D:\C#\VM\UI\Controls\AttachedProperties\PasswordBoxHelper.cs(67,39): warning CS8600: 将 null 文本或可能的 null 值转换为不可为 null 类型。 [D:\C#\VM\UI\Controls\UI.csproj]
D:\C#\VM\UI\Controls\AttachedProperties\PasswordBoxHelper.cs(68,27): warning CS8604: “void PasswordBoxHelper.SetIsUpdating(DependencyObject dp, bool value)”中的形参“dp”可能传入 null 引用实参。 [D:\C#\VM\UI\Controls\UI.csproj]
D:\C#\VM\UI\Controls\AttachedProperties\IconHelper.cs(81,20): warning CS8603: 可能返回 null 引用。 [D:\C#\VM\UI\Controls\UI.csproj]
D:\C#\VM\UI\Controls\Core\MarkupCommandBase.cs(38,20): warning CS8603: 可能返回 null 引用。 [D:\C#\VM\UI\Controls\UI.csproj]
D:\C#\VM\UI\Controls\Core\MarkupCommandBase.cs(45,24): warning CS8603: 可能返回 null 引用。 [D:\C#\VM\UI\Controls\UI.csproj]
D:\C#\VM\UI\Controls\Core\MarkupCommandBase.cs(39,13): warning CS0162: 检测到无法访问的代码 [D:\C#\VM\UI\Controls\UI.csproj]
D:\C#\VM\UI\Controls\Helper\ControlBindHelper.cs(28,43): warning CS8604: “FieldInfo? Type.GetField(string name)”中的形参“name”可能传入 null 引用实参。 [D:\C#\VM\UI\Controls\UI.csproj]
D:\C#\VM\UI\Controls\Helper\ControlBindHelper.cs(30,46): warning CS8604: “Attribute? Attribute.GetCustomAttribute(MemberInfo element, Type attributeType)”中的形参“element”可能传入 null 引用实参。 [D:\C#\VM\UI\Controls\UI.csproj]
D:\C#\VM\UI\Controls\Helper\ControlBindHelper.cs(29,31): warning CS8600: 将 null 文本或可能的 null 值转换为不可为 null 类型。 [D:\C#\VM\UI\Controls\UI.csproj]
D:\C#\VM\UI\Controls\Helper\ControlBindHelper.cs(31,20): warning CS8603: 可能返回 null 引用。 [D:\C#\VM\UI\Controls\UI.csproj]
D:\C#\VM\UI\Controls\CustomControl\AlarmBar.cs(61,26): warning CS8601: 可能的 null 引用赋值。 [D:\C#\VM\UI\Controls\UI.csproj]
D:\C#\VM\UI\Controls\CustomControl\AlarmBar.cs(62,26): warning CS8601: 可能的 null 引用赋值。 [D:\C#\VM\UI\Controls\UI.csproj]
D:\C#\VM\UI\Controls\CustomControl\AlarmBar.cs(65,44): warning CS8622: “void AlarmBar.OnRendering(object sender, EventArgs e)”的参数“sender”类型中引用类型的为 Null 性与目标委托“EventHandler”不匹配(可能是由于为 Null 性特性)。 [D:\C#\VM\UI\Controls\UI.csproj]
D:\C#\VM\UI\Controls\CustomControl\AlarmBar.cs(66,44): warning CS8622: “void AlarmBar.OnRendering(object sender, EventArgs e)”的参数“sender”类型中引用类型的为 Null 性与目标委托“EventHandler”不匹配(可能是由于为 Null 性特性)。 [D:\C#\VM\UI\Controls\UI.csproj]
D:\C#\VM\UI\Controls\CustomControl\AlarmBar.cs(22,36): warning CS8618: 在退出构造函数时，不可为 null 的 字段 "_translate" 必须包含非 null 值。请考虑添加 "required" 修饰符或将该 字段 声明为可为 null。 [D:\C#\VM\UI\Controls\UI.csproj]
D:\C#\VM\UI\Controls\CustomControl\AlarmBar.cs(23,34): warning CS8618: 在退出构造函数时，不可为 null 的 字段 "_itemsHost" 必须包含非 null 值。请考虑添加 "required" 修饰符或将该 字段 声明为可为 null。 [D:\C#\VM\UI\Controls\UI.csproj]
D:\C#\VM\UI\Controls\Converters\TypeNameToFriendlyNameConverter.cs(40,31): warning CS8600: 将 null 文本或可能的 null 值转换为不可为 null 类型。 [D:\C#\VM\UI\Controls\UI.csproj]
D:\C#\VM\UI\Controls\Converters\TypeNameToFriendlyNameConverter.cs(49,32): warning CS8602: 解引用可能出现空引用。 [D:\C#\VM\UI\Controls\UI.csproj]
D:\C#\VM\UI\Controls\Core\ElementExtention.cs(84,35): warning CS8600: 将 null 文本或可能的 null 值转换为不可为 null 类型。 [D:\C#\VM\UI\Controls\UI.csproj]
D:\C#\VM\UI\Controls\Core\ElementExtention.cs(96,20): warning CS8603: 可能返回 null 引用。 [D:\C#\VM\UI\Controls\UI.csproj]
D:\C#\VM\UI\Controls\Core\MarkupCommandBase.cs(62,49): warning CS8603: 可能返回 null 引用。 [D:\C#\VM\UI\Controls\UI.csproj]
D:\C#\VM\UI\Controls\Core\MarkupCommandBase.cs(61,34): warning CS8618: 在退出构造函数时，不可为 null 的 字段 "_serviceProvider" 必须包含非 null 值。请考虑添加 "required" 修饰符或将该 字段 声明为可为 null。 [D:\C#\VM\UI\Controls\UI.csproj]
D:\C#\VM\UI\Controls\Core\MarkupCommandBase.cs(72,50): warning CS8618: 在退出构造函数时，不可为 null 的 事件 "PropertyChanged" 必须包含非 null 值。请考虑添加 "required" 修饰符或将该 事件 声明为可为 null。 [D:\C#\VM\UI\Controls\UI.csproj]
D:\C#\VM\UI\Controls\CustomControl\DialogArrayEditor.xaml.cs(106,20): warning CS8601: 可能的 null 引用赋值。 [D:\C#\VM\UI\Controls\UI.csproj]
D:\C#\VM\UI\Controls\Core\ElementExtention.cs(106,35): warning CS8600: 将 null 文本或可能的 null 值转换为不可为 null 类型。 [D:\C#\VM\UI\Controls\UI.csproj]
D:\C#\VM\UI\Controls\Core\ElementExtention.cs(112,55): warning CS8604: “IEnumerable<T> ElementExtention.GetChildren<T>(DependencyObject p_element, Func<T, bool> p_func = null, bool filterContain = false)”中的形参“p_func”可能传入 null 引用实参。 [D:\C#\VM\UI\Controls\UI.csproj]
D:\C#\VM\UI\Controls\Core\ElementExtention.cs(125,55): warning CS8604: “IEnumerable<T> ElementExtention.GetChildren<T>(DependencyObject p_element, Func<T, bool> p_func = null, bool filterContain = false)”中的形参“p_func”可能传入 null 引用实参。 [D:\C#\VM\UI\Controls\UI.csproj]
D:\C#\VM\UI\Controls\Core\ElementExtention.cs(136,41): warning CS8603: 可能返回 null 引用。 [D:\C#\VM\UI\Controls\UI.csproj]
D:\C#\VM\UI\Controls\Core\ElementExtention.cs(153,20): warning CS8603: 可能返回 null 引用。 [D:\C#\VM\UI\Controls\UI.csproj]
D:\C#\VM\UI\Controls\Core\ElementExtention.cs(161,41): warning CS8603: 可能返回 null 引用。 [D:\C#\VM\UI\Controls\UI.csproj]
D:\C#\VM\UI\Controls\Core\ElementExtention.cs(163,65): warning CS8604: “bool Func<T, bool>.Invoke(T arg)”中的形参“arg”可能传入 null 引用实参。 [D:\C#\VM\UI\Controls\UI.csproj]
D:\C#\VM\UI\Controls\Core\ElementExtention.cs(177,20): warning CS8603: 可能返回 null 引用。 [D:\C#\VM\UI\Controls\UI.csproj]
D:\C#\VM\UI\Controls\CustomControl\Message\Notifier.cs(17,23): warning CS8618: 在退出构造函数时，不可为 null 的 属性 "Message" 必须包含非 null 值。请考虑添加 "required" 修饰符或将该 属性 声明为可为 null。 [D:\C#\VM\UI\Controls\UI.csproj]
D:\C#\VM\UI\Controls\CustomControl\Message\Notifier.cs(19,23): warning CS8618: 在退出构造函数时，不可为 null 的 属性 "IconPath" 必须包含非 null 值。请考虑添加 "required" 修饰符或将该 属性 声明为可为 null。 [D:\C#\VM\UI\Controls\UI.csproj]
D:\C#\VM\UI\Controls\CustomControl\Message\Notifier.cs(20,22): warning CS8618: 在退出构造函数时，不可为 null 的 属性 "IconColor" 必须包含非 null 值。请考虑添加 "required" 修饰符或将该 属性 声明为可为 null。 [D:\C#\VM\UI\Controls\UI.csproj]
D:\C#\VM\UI\Controls\Core\ElementExtention.cs(188,24): warning CS8603: 可能返回 null 引用。 [D:\C#\VM\UI\Controls\UI.csproj]
D:\C#\VM\UI\Controls\Core\ElementExtention.cs(189,20): warning CS8603: 可能返回 null 引用。 [D:\C#\VM\UI\Controls\UI.csproj]
D:\C#\VM\UI\Controls\Core\ElementExtention.cs(209,32): warning CS8604: “T ElementExtention.GetElement<T>(DependencyObject element)”中的形参“element”可能传入 null 引用实参。 [D:\C#\VM\UI\Controls\UI.csproj]
D:\C#\VM\UI\Controls\Core\ElementExtention.cs(215,29): warning CS8604: “T ElementExtention.GetElement<T>(DependencyObject element)”中的形参“element”可能传入 null 引用实参。 [D:\C#\VM\UI\Controls\UI.csproj]
D:\C#\VM\UI\Controls\Core\ElementExtention.cs(217,20): warning CS8603: 可能返回 null 引用。 [D:\C#\VM\UI\Controls\UI.csproj]
D:\C#\VM\UI\Controls\Behaviors\TreeViewBehavior.cs(203,20): warning CS8603: 可能返回 null 引用。 [D:\C#\VM\UI\Controls\UI.csproj]
D:\C#\VM\UI\Controls\CustomControl\Message\OverlayHost.xaml.cs(23,37): warning CS8618: 在退出构造函数时，不可为 null 的 属性 "Instance" 必须包含非 null 值。请考虑添加 "required" 修饰符或将该 属性 声明为可为 null。 [D:\C#\VM\UI\Controls\UI.csproj]
D:\C#\VM\UI\Controls\Core\ElementExtention.cs(230,41): warning CS8604: “IEnumerable<T> ElementExtention.GetElements<T>(DependencyObject element)”中的形参“element”可能传入 null 引用实参。 [D:\C#\VM\UI\Controls\UI.csproj]
D:\C#\VM\UI\Controls\Core\ElementExtention.cs(238,41): warning CS8604: “IEnumerable<T> ElementExtention.GetElements<T>(DependencyObject element)”中的形参“element”可能传入 null 引用实参。 [D:\C#\VM\UI\Controls\UI.csproj]
D:\C#\VM\UI\Controls\CustomControl\LogConsole.cs(117,29): warning CS8601: 可能的 null 引用赋值。 [D:\C#\VM\UI\Controls\UI.csproj]
D:\C#\VM\UI\Controls\Core\ElementExtention.cs(253,38): warning CS8603: 可能返回 null 引用。 [D:\C#\VM\UI\Controls\UI.csproj]
D:\C#\VM\UI\Controls\Core\ElementExtention.cs(255,20): warning CS8603: 可能返回 null 引用。 [D:\C#\VM\UI\Controls\UI.csproj]
D:\C#\VM\UI\Controls\Core\ElementExtention.cs(263,20): warning CS8603: 可能返回 null 引用。 [D:\C#\VM\UI\Controls\UI.csproj]
D:\C#\VM\UI\Controls\CustomControl\LogConsole.cs(20,30): warning CS8618: 在退出构造函数时，不可为 null 的 字段 "_scrollViewer" 必须包含非 null 值。请考虑添加 "required" 修饰符或将该 字段 声明为可为 null。 [D:\C#\VM\UI\Controls\UI.csproj]
D:\C#\VM\UI\Controls\CustomControl\LogConsole.cs(21,33): warning CS8618: 在退出构造函数时，不可为 null 的 字段 "_collectionView" 必须包含非 null 值。请考虑添加 "required" 修饰符或将该 字段 声明为可为 null。 [D:\C#\VM\UI\Controls\UI.csproj]
D:\C#\VM\UI\Controls\Core\ElementExtention.cs(308,39): warning CS8604: “IEnumerable<T> ElementExtention.FindAllVisualChild<T>(DependencyObject obj, Predicate<T> match)”中的形参“obj”可能传入 null 引用实参。 [D:\C#\VM\UI\Controls\UI.csproj]
D:\C#\VM\UI\Controls\Core\ElementExtention.cs(352,24): warning CS8603: 可能返回 null 引用。 [D:\C#\VM\UI\Controls\UI.csproj]
D:\C#\VM\UI\Controls\Core\ElementExtention.cs(366,20): warning CS8603: 可能返回 null 引用。 [D:\C#\VM\UI\Controls\UI.csproj]
D:\C#\VM\UI\Controls\Core\ElementExtention.cs(408,39): warning CS8603: 可能返回 null 引用。 [D:\C#\VM\UI\Controls\UI.csproj]
D:\C#\VM\UI\Controls\Core\ElementExtention.cs(409,20): warning CS8603: 可能返回 null 引用。 [D:\C#\VM\UI\Controls\UI.csproj]
D:\C#\VM\UI\Controls\Core\ElementExtention.cs(415,20): warning CS8603: 可能返回 null 引用。 [D:\C#\VM\UI\Controls\UI.csproj]
D:\C#\VM\UI\Controls\Core\ElementExtention.cs(453,24): warning CS8600: 将 null 文本或可能的 null 值转换为不可为 null 类型。 [D:\C#\VM\UI\Controls\UI.csproj]
D:\C#\VM\UI\Controls\Core\ElementExtention.cs(480,20): warning CS8603: 可能返回 null 引用。 [D:\C#\VM\UI\Controls\UI.csproj]
D:\C#\VM\UI\Controls\Core\ElementExtention.cs(487,20): warning CS8603: 可能返回 null 引用。 [D:\C#\VM\UI\Controls\UI.csproj]
D:\C#\VM\UI\Controls\Core\ElementExtention.cs(493,24): warning CS8600: 将 null 文本或可能的 null 值转换为不可为 null 类型。 [D:\C#\VM\UI\Controls\UI.csproj]
D:\C#\VM\UI\Controls\Core\ElementExtention.cs(519,20): warning CS8603: 可能返回 null 引用。 [D:\C#\VM\UI\Controls\UI.csproj]
D:\C#\VM\UI\Controls\Core\ElementExtention.cs(529,20): warning CS8603: 可能返回 null 引用。 [D:\C#\VM\UI\Controls\UI.csproj]
D:\C#\VM\UI\Controls\Core\ElementExtention.cs(538,20): warning CS8603: 可能返回 null 引用。 [D:\C#\VM\UI\Controls\UI.csproj]
D:\C#\VM\UI\Controls\Core\ElementExtention.cs(545,20): warning CS8603: 可能返回 null 引用。 [D:\C#\VM\UI\Controls\UI.csproj]
D:\C#\VM\UI\Controls\Core\ElementExtention.cs(561,28): warning CS8603: 可能返回 null 引用。 [D:\C#\VM\UI\Controls\UI.csproj]
D:\C#\VM\VisionMaster\Views\DialogViews\ScadaPagePickerView.xaml(33,10): error MC3074: XML 命名空间“http://schemas.microsoft.com/winfx/2006/xaml/presentation”中不存在标记“ResourceDictionary.MergedDictionaries”。 行 33 位置 10. [D:\C#\VM\VisionMaster\VisionMaster.csproj]
D:\C#\VM\VisionMaster\Views\DialogViews\ScadaUserManagerView.xaml(32,10): error MC3074: XML 命名空间“http://schemas.microsoft.com/winfx/2006/xaml/presentation”中不存在标记“ResourceDictionary.MergedDictionaries”。 行 32 位置 10. [D:\C#\VM\VisionMaster\VisionMaster.csproj]
D:\C#\VM\VisionMaster\Views\DialogViews\ScadaVariablePickerView.xaml(33,10): error MC3074: XML 命名空间“http://schemas.microsoft.com/winfx/2006/xaml/presentation”中不存在标记“ResourceDictionary.MergedDictionaries”。 行 33 位置 10. [D:\C#\VM\VisionMaster\VisionMaster.csproj]
D:\C#\VM\VisionMaster\Views\DialogViews\SolutionListView.xaml(15,10): error MC3074: XML 命名空间“http://schemas.microsoft.com/winfx/2006/xaml/presentation”中不存在标记“ResourceDictionary.MergedDictionaries”。 行 15 位置 10. [D:\C#\VM\VisionMaster\VisionMaster.csproj]
D:\C#\VM\VisionMaster\Views\ScadaAlarmHistoryView.xaml(41,10): error MC3074: XML 命名空间“http://schemas.microsoft.com/winfx/2006/xaml/presentation”中不存在标记“ResourceDictionary.MergedDictionaries”。 行 41 位置 10. [D:\C#\VM\VisionMaster\VisionMaster.csproj]

生成失败。请修复生成错误并重新运行。
