========== SCADA 断言（S0 变量身份/改名级联 + S1 画面领域层） ==========
（已启用 --stress：叠加万级压力测试）

---- [A] 变量稳定身份的生成 ----
  [√通过] 工厂新建变量身份非空  →  Id=fb9d1ef8-58af-4af6-b2b0-bb4ff25175c4
  [√通过] 不同变量身份彼此不同  →  fb9d1ef8-58af-4af6-b2b0-bb4ff25175c4 vs d4e45c61-7ce3-48b0-a641-9a31d2604736
  [√通过] 工厂显式传入的身份被原样保留  →  期望 5cfca17e-1c21-4c3f-911b-df0bb597d0c4，实得 5cfca17e-1c21-4c3f-911b-df0bb597d0c4
  [√通过] 直接 new 的变量自带身份（非 Guid.Empty）  →  Id=25ee286f-7223-4754-a621-51801479e489
  [√通过] 网络变量自带身份（非 Guid.Empty）  →  Id=87f14853-8408-434d-98e2-58effeeff66a

---- [B] 改名与换连接不改变身份 ----
  [√通过] 本地变量改名后身份不变  →  Id=e7a6004d-7455-45a4-aeb2-473426f55e3a
  [√通过] 网络变量改名 + 换连接后身份不变  →  Id=6c6fa136-6fe7-421e-8474-0582c84a3893
  [√通过] 变量改类型后身份不变  →  Id=2b78cf02-8789-48a7-a88a-0d8328620b2e

---- [C] 方案存取往返（Capture → Restore） ----
  [√通过] Capture 快照数量与变量数一致  →  snapshots=2
  [√通过] Capture 快照里的身份全部非空  →  LocalA=3b4e242a-5ee1-4ae1-9412-40e4d2b52356,NetA=610bbcec-192c-4973-9d4a-123270c363e3
  [√通过] Restore 后变量数量一致  →  count=2
  [√通过] 本地变量身份往返一致  →  期望 3b4e242a-5ee1-4ae1-9412-40e4d2b52356，实得 3b4e242a-5ee1-4ae1-9412-40e4d2b52356
  [√通过] 网络变量身份往返一致  →  期望 610bbcec-192c-4973-9d4a-123270c363e3，实得 610bbcec-192c-4973-9d4a-123270c363e3
  [√通过] 二次保存身份不漂移  →  3b4e242a-5ee1-4ae1-9412-40e4d2b52356,610bbcec-192c-4973-9d4a-123270c363e3 vs 3b4e242a-5ee1-4ae1-9412-40e4d2b52356,610bbcec-192c-4973-9d4a-123270c363e3

---- [D] 旧方案（无 Id 字段）迁移 ----
  [√通过] 旧方案变量全部加载成功（不丢变量）  →  count=2
  [√通过] 旧方案本地变量补发身份  →  Id=d0c164ca-9c63-4ed8-a235-23d0fe961c2e
  [√通过] 旧方案网络变量补发身份  →  Id=5e5a8488-28e8-4aef-90c8-2f9dd94130c8
  [√通过] 两个补发的身份彼此不同
  [√通过] 迁移后的身份被回写进方案快照
  [√通过] 二次打开身份保持（迁移只发生一次）

---- [F] 变量解析索引（IVariableRegistry）的双路查找 ----
  [√通过] 构造后索引数量与变量集合一致（索引建在 InitializeCommonVariables 之后）  →  index=12 / collection=12
  [√通过] 按 Id 命中同一实例  →  Id=9731d3e6-120d-4f5f-8e48-dc685f6bced1
  [√通过] 按名命中同一实例
  [√通过] 按名查找大小写不敏感
  [√通过] Guid.Empty 寻址直接落空（旧工程哨兵值不做无意义遍历）
  [√通过] 不存在的 Id 落空
  [√通过] 空名字落空
  [√通过] 双路查找：Id 优先于 Name  →  Id 指向 TotalCount、Name 指向 OKCount 时应以 Id 为准
  [√通过] 双路查找：Id 落空时按 Name 兜底
  [√通过] 新增变量后索引增量跟随  →  count=12 → 13
  [√通过] 移除变量后索引摘除该键  →  count=12
  [√通过] 集合实例整体替换后索引跟随新集合  →  count=1
  [√通过] 集合实例整体替换后旧集合变量不再可见（不留幽灵变量）
  [√通过] 重复 Attach 同一集合是空操作（幂等）
  [√通过] Clear 后索引清空且不再命中演示变量
  [√通过] 重复身份只索引一份（不抛异常——脏数据不该让方案打不开）  →  count=1
  [√通过] 重复身份保留集合中靠前者（解析结果确定，不随插入顺序漂移）
  [√通过] 重复身份的另一方仍可按名寻址（名字索引与 Id 索引互不牵连）
  [√通过] 重建索引后重复身份的取舍与增量路径一致

---- [G] 连线解析 ResolveGlobalLink（Id 优先 / Name 兜底 / 自愈回填） ----
  [√通过] link 为 null 时安全返回 null
  [√通过] Id 命中：名字字段已失效仍能解析（Id 是权威键）  →  Id=0d2272c9-a30b-46f4-8168-4035139e9a1a
  [√通过] 旧工程连线初始无 Id
  [√通过] Id 为空时按名兜底命中
  [√通过] 按名命中后自愈回填 TargetVariableId（下次保存即落盘）  →  期望 0d2272c9-a30b-46f4-8168-4035139e9a1a，实得 0d2272c9-a30b-46f4-8168-4035139e9a1a
  [√通过] 自愈幂等：二次解析结果与 Id 均不再变化
  [√通过] 自愈后的连线在变量改名后仍不断链  →  变量已改名为 PLC_Ready_Renamed，连线仍按 Id 命中
  [√通过] 孤立老连线（未挂进方案树）改名后按旧名落空，级联不会触及
  [√通过] Id 与 Name 皆落空返回 null
  [√通过] 解析落空时不写脏数据（Id 保持为空）

---- [H] 改名契约 NotifyRenamed（索引修正 + 广播 + 重名保护） ----
  [√通过] 改名后旧名不再命中
  [√通过] 改名后新名命中同一实例
  [√通过] 改名不影响 Id 寻址
  [√通过] 改名事件携带实例与旧名  →  OldName=OKCount
  [√通过] 裸写模型名（漏广播）时索引保留旧键（证明改名必须走统一入口）
  [√通过] 重名以集合中靠前者为准（增量与重建两条路径一致）
  [√通过] 重名场景下改名不误删他人的名字键
  [√通过] 重名场景下改名者以新名入索引

---- [J] 改名统一入口 TryRename 的判定规则 ----
  [√通过] 空名被拒绝  →  变量名不能为空
  [√通过] 空名被拒后名字与索引都未改动
  [√通过] 与别的变量重名被拒绝  →  已存在同名变量 [TotalCount]，请更换名称
  [√通过] 重名判定大小写不敏感（'totalcount' 同样被拒）
  [√通过] 重名被拒后双方索引键都没被改写
  [√通过] 与旧名完全相同算成功（幂等，不报错）
  [√通过] 幂等改名不广播事件（订阅方不做无谓级联）
  [√通过] 仅大小写不同允许通过（'OKCount' → 'okcount'）
  [√通过] 大小写改名后新旧写法都能命中（查名大小写不敏感）
  [√通过] 大小写改名广播了事件（真改动，不是幂等）  →  OldName=OKCount
  [√通过] 经统一入口改名：新名可命中、旧名立即落空（不留死键）
  [√通过] 改名广播事件并携带改名前的旧名  →  OldName=okcount
  [√通过] 改名不改身份（Id 是寻址锚点，与名字解耦）  →  Id=63e92c5e-4021-4f15-81ae-9e60794edbd8

---- [K] 变量改名的级联（WorkspaceContext 订阅注册表事件） ----
  [√通过] 改名成功
  [√通过] 老连线的名字键被改写为新名  →  TargetPortName=PLC_Ready_2
  [√通过] 老连线被补上稳定身份（下次保存即完成迁移）  →  Id=0457a96f-8a1d-4505-ad31-97049015be1d
  [√通过] 老连线显示串刷新  →  Global.PLC_Ready_2
  [√通过] 老连线改名后仍能解析（自愈后不再依赖名字）
  [√通过] 新连线显示串刷新  →  Global.PLC_Ready_2
  [√通过] 新连线仍按 Id 命中
  [√通过] 数组元素绑定只换变量名那一段（前缀 '全局变量 (Global).' 与后缀 '[2]' 保留）  →  全局变量 (Global).PLC_Ready_2[2]
  [√通过] 同名的常量连线不受变量改名影响（判据是 Kind，不是显示串）  →  常量值: PLC_Ready
  [√通过] 嵌套分支里的连线同样被级联（递归不漏层）  →  Global.PLC_Ready_2
  [√通过] 老监视项改名为新名并补上稳定身份  →  Name=PLC_Ready_2 / Id=0457a96f-8a1d-4505-ad31-97049015be1d
  [√通过] 新监视项只更新展示名  →  PLC_Ready_2
  [√通过] 非全局变量监视项不受影响（只处理 GlobalVariable 类型）  →  PLC_Ready
  [√通过] 未挂进任何流程的孤立连线不被级联触及
  [√通过] 第二次改名同样完成级联  →  Global.PLC_Ready_3 / 全局变量 (Global).PLC_Ready_3[2]

---- [L] 网络变量改名的轮询重注册（NetworkVariableBridge） ----
[00:09:33] [INFO] AdvancedCommunicationManager 初始化完成
  [√通过] 桥接器构造时把已存在的网络变量接入轮询
  [√通过] 注册进轮询的地址/类型来自变量配置  →  Address=x=3;100 / ValueType=System.Int32, System.Private.CoreLib, Version=9.0.0.0, Culture=neutral, PublicKeyToken=7cec85d7bea7798e
  [√通过] 网络变量改名成功
  [√通过] 旧键已注销（否则旧名继续幽灵轮询、旧实例被闭包钉住不回收）
  [√通过] 新键已注册
  [√通过] 重注册登记的是新实例（不是把旧实例原地改键）
  [√通过] 新实例带着新名与同一地址  →  Name=NV_New / Address=x=3;100
  [√通过] 桥接器构造后新加入集合的网络变量同样被接线
  [√通过] 缺连接名的网络变量不注册，但留下可见警告（不静默）  →  warnings=1
  [√通过] 未注册的网络变量改名不抛异常、也不凭空产生注册键
  [√通过] 桥接器释放后全部注销（不留幽灵轮询）

---- [M] 画面图元的绑定命中判定与属性袋 ----
  [√通过] 有 Id 的绑定：名字对不上也算命中（Id 是权威键）  →  Id=7281fbfc-9fb7-48c5-879a-ef8c33431421
  [√通过] 有 Id 的绑定：别的变量不命中
  [√通过] 有 Id 的绑定：Id 为空的一侧不命中（改名变量必有 Id，空 Id 不该认领任何人）
  [√通过] IsLegacyByName 只对'无 Id 且有名字'成立  →  IsLegacyByName=False
  [√通过] 无 Id 的老绑定按名命中（大小写不敏感）
  [√通过] 无 Id 的老绑定：名字不符不命中
  [√通过] 无 Id 且旧名为空时不命中（否则一次空名改名会认领全部无 Id 绑定）
  [√通过] IsLegacyByName 对'无 Id 且有名字'成立
  [√通过] 老绑定（含停用的）按名命中后回填稳定身份与最新名字，返回命中条数  →  legacy=PLC_Ready_2/7281fbfc-9fb7-48c5-879a-ef8c33431421 / disabled=PLC_Ready_2
  [√通过] 自愈后不再依赖名字（下次改名按 Id 照样命中）
  [√通过] 二次刷新幂等（内容不变，且不会把名字改回去）  →  PLC_Ready_2
  [√通过] 不存在的变量不改动任何绑定（返回 0，不静默误伤）
  [√通过] 按 Id 寻址的绑定只刷展示名  →  PLC_Ready_2
  [√通过] 无关绑定不被波及（既不换名也不补 Id）
  [√通过] 属性袋读不存在的键返回默认值（消费方无需判空）
  [√通过] 属性袋写后读回一致
  [√通过] 写 null/空串即删键（不在文件里堆与描述符默认值重复的空条目）  →  count=0
  [√通过] 同值重写不触发变更通知（避免把版本号刷高、把上层缓存白失效一次）  →  notify=1
  [√通过] 空键写入是空操作（脏数据不该污染属性袋）

---- [N] 画面版本号与文档级 API ----
  [√通过] 新建画面的版本号从 0 起  →  Version=0
  [√通过] 新增图元使版本号 +1  →  0 → 1
  [√通过] 改图元属性使版本号 +1  →  1 → 2
  [√通过] 改绑定属性使版本号 +1（S1-d 新补的订阅）  →  3 → 4
  [√通过] 移除绑定使版本号 +1  →  4 → 5
  [√通过] 已移除的绑定属性变更不再计入本画面（订阅随移除一并摘掉）  →  5 → 5
  [√通过] 移除图元使版本号 +1  →  5 → 6
  [√通过] 被移除的图元属性变更不再计入本画面（订阅已摘）  →  6 → 6
  [√通过] 集合整体替换后图元的属性订阅仍保活（三件套的作用点）  →  6 → 7
  [√通过] 按身份找图元命中同一实例
  [√通过] Guid.Empty 寻址直接落空（不做无意义遍历）
  [√通过] 不存在的身份落空
  [√通过] 枚举绑定含停用的（加载期解析不能漏，运行态再按 IsEnabled 跳过）  →  count=2
  [√通过] 移除图元后按身份立即落空（索引随移除同步）
  [√通过] 图元身份被改写后索引跟随（旧身份落空、新身份命中）
  [√通过] 重复身份时按身份取到靠前者（口径与 VariableRegistry 一致）
  [√通过] 移除重复身份的靠前者后由靠后者顶上（不返回已移除的图元）
  [√通过] Clear 后索引清空（按身份落空）
  [√通过] Clear 后旧图元的订阅已摘（属性变更不再刷本画面版本号）  →  2 → 2
  [√通过] Clear 绑定后旧绑定不再冒泡（图元与画面的版本号都不被刷）  →  2 → 2
  [√通过] 新文档的结构版本号为当前版本  →  SchemaVersion=1
  [√通过] 画面留空自动命名（画面_1 / 画面_2）  →  画面_1 / 画面_2
  [√通过] 显式命名去除首尾空白  →  '总览'
  [√通过] 自动命名跳过已占用序号（下一位是 画面_3）  →  画面_3
  [√通过] 按身份找画面命中同一实例
  [√通过] Guid.Empty 找画面落空
  [√通过] 按名找画面大小写不敏感且忽略首尾空白
  [√通过] 按名找画面：空名落空（不做'匹配全部'式的误命中）
  [√通过] 文档级刷新返回跨画面命中条数（两条按名 + 一条按 Id）
  [√通过] 旧画面补发四处身份（画面 + 图层 + 图元 + 图元归属）  →  repaired=4
  [√通过] 补发的身份非空且互不相同  →  page=b4922eee-a053-4abf-9b3a-9b78510f213b / element=eab17725-3855-4195-afea-47b457d4eac9
  [√通过] S1 旧画面（没有 Layers 字段）打开即拥有一个默认图层，平铺的图元统一归到它上面  →  图层数=1
  [√通过] 绑定的 Guid.Empty 不被补发（它有'只能按名找'的语义，靠改名/加载期自愈回填）
  [√通过] 身份补发幂等（二次调用返回 0、身份不再变化）
  [√通过] 补发身份后索引立即可用（不必等下一次整体重建）
  [√通过] 新建画面自带一个自动命名的图层
  [√通过] 图元清空后图层仍然留着（删图元不等于删图层）

---- [O] 画面随方案落盘往返（.vms） ----
  [√通过] 含画面的方案保存成功  →  操作成功
  [√通过] 落盘 JSON 含 Scada 节点（画面确实随方案走，而不是活在内存里）
  [√通过] 含画面的方案加载成功（$type 白名单未挡下 VisionMaster.Scada）  →  操作成功
  [√通过] 画面数量往返一致（整体替换而非与默认实例叠加）  →  pages=1
  [√通过] 画面身份往返一致（按 Id 能找回同一画面）  →  Id=9c95fdbc-000b-4ed7-8e70-7783a5aaf2c5
  [√通过] 画面属性往返一致（尺寸 / 背景）  →  1280x720 / #FF102030
  [√通过] 图元身份与几何往返一致  →  Id=cfa1ba49-af3a-483f-9ebb-76e90ee1db92 / (12.5,34)
  [√通过] 图元类型键往返一致（领域层只搬运、不认识它）  →  Basic.Rectangle
  [√通过] 属性袋往返一致
  [√通过] 绑定往返一致（按 Id 寻址的那条连同格式串）
  [√通过] 停用的绑定同样往返保留（停用只是运行态跳过，配置不能丢）
  [√通过] 反序列化后图元属性订阅保活（改属性 → 画面版本号 +1）  →  1 → 2
  [√通过] 反序列化后绑定属性订阅保活（改绑定 → 画面版本号 +1）  →  2 → 3
  [√通过] 探针有效性：每条属性的探针值都与描述符默认值不同（否则逐键往返会退化成永远绿）  →  155 条全部有效
  [√通过] 探针覆盖面：每个已注册图元都至少有一条可探的属性袋键  →  15 个图元 / 155 条属性
  [√通过] 全部内置图元带全属性探针的方案保存成功
  [√通过] 带全属性探针的方案加载成功  →  操作成功
  [√通过] 全部内置图元逐键往返：每一条声明出来的属性都原样回来  →  15 个图元 / 155 条属性
  [√通过] 全部内置图元往返后类型键不变（.vms 里只留字符串，类型键是长期标识）  →  15 个图元：Hmi.AlarmBanner、Hmi.Button、Hmi.Pump、Hmi.Motor、Hmi.Valve、Hmi.Pipe、Hmi.Rectangle、Hmi.Ellipse、Hmi.Text、Hmi.ProgressBar、Hmi.Gauge、Hmi.IOField、Hmi.Lamp、Hmi.Clock、Hmi.Indicator
  [√通过] 含多图层的方案保存成功
  [√通过] 落盘 JSON 里有 Layers 节点与图层名（图层不是只活在内存里的临时分组）
  [√通过] 含多图层的方案加载成功  →  操作成功
  [√通过] 图层数量与次序往返一致（列表次序就是图层面板的显示次序，新建画面自带的那层在最前）  →  图层_1、底图、报警
  [√通过] 图层身份与两个开关往返一致（隐藏/锁定不丢，重开方案不该把锁住的底图解锁）  →  底图 locked=True visible=True / 报警 locked=False visible=False
  [√通过] 图元归属按 Id 往返一致（按 LayerId 解析回同一图层）  →  底图 / 报警
  [√通过] 加载回来的图层仍驱动画面级判定（隐藏层上的图元一进来就判不可见，不用重算一遍）
  [√通过] 保存时没写归属的平铺图元，加载后归进默认图层（旧画面的图元本来就铺在一起，归成一层是唯一不丢东西的解释）
  [√通过] 指向已删除图层的悬空归属原样保留，不被悄悄换个层（那种情形只有用户知道图元该去哪）  →  d2ee3998107e4e49808c9e047dd39e0d
  [√通过] 补齐身份是幂等的：再调一次不重复补（重复打开同一方案不会越开越多图层）  →  3
  [√通过] 归属认 Id 不认名字：加载后改图层名，图元还跟着同一层走  →  报警层改名
  [√通过] 反序列化后图层属性订阅保活（改图层可见 → 画面 Version 动，否则隐藏图层不提示保存）  →  2 → 3
  [√通过] 反序列化后图层集合订阅保活（加图层 → 画面 Version 动）  →  3 → 4
  [√通过] 没有 Layers 字段的旧画面能打开，并自动补出一个默认图层（图层面板得有个可操作的落点）  →  操作成功 / 图层数=1
  [√通过] 旧画面的图元全部归进补出来的默认层，且不丢图元  →  老图元甲:cd70370f0fc84011b4574ecb95d71b18、老图元乙:cd70370f0fc84011b4574ecb95d71b18
  [√通过] 补出来的图层当场就能改名/判定（与新建画面同一条路，不是只读的影子对象）
  [√通过] 旧方案（无 Scada 字段）能打开且画面文档非空（字段初始化器兜底）  →  操作成功
  [√通过] 手改出的 "Scada": null 不炸（setter 兜底，后续 EnsureIdentity 可安全解引用）  →  操作成功
  [√通过] 带「启动画面 + 加载事件」配置的方案保存成功
  [√通过] 落盘的是钩子集合而不是那个勾选框：画面上的事件与图元上的事件同一种形状  →  StartupPageId=True / EventHooks=True
  [√通过] 投影字段绝不落盘（勾与钩子各存一份 = 迟早打架）
  [√通过] 启动画面认 Id 不认名字：加载后指的还是原来那一页  →  e68af885e2e14d569f765ee776bfc61e / 详情
  [√通过] 加载事件勾在谁身上就还在谁身上：另一页不被牵连  →  详情=True / 总览=False
  [√通过] 动作文案与条数原样回来，且文件里没写动作的 CLR 类型名：认类型靠自己的 Type，不靠反射点名  →  钩子 1 条 / 动作 1 条
  [√通过] 删掉启动画面 = Id 跟着清空并回落第一页：不留指向已删画面的幽灵引用  →  00000000000000000000000000000000 / 总览
  [√通过] SetStartupPage 收到不属于本方案的画面按「取消指定」处理：不抛、不绑定外来 Id  →  00000000000000000000000000000000 / 回落=总览
  [√通过] 旧画面缺 EventHooks/StartupPageId 两个键时按未配置加载：不勾、回落第一页  →  False

---- [P] 画面绑定的改名级联 ----
  [√通过] 改名成功
  [√通过] 老绑定按名命中：名字换新 + 补上稳定身份（一次改名完成迁移）  →  Name=Speed_Rpm / Id=d7d58dca-bba3-457b-a843-6ed96a5e2f38
  [√通过] 按 Id 寻址的绑定只刷展示名（名字字段为旧名也照样命中）  →  Speed_Rpm
  [√通过] 无关绑定不被波及（同名不同变量不误伤）
  [√通过] 非当前画面的绑定同样被级联（遍历整个文档，不止选中画面）  →  Name=Speed_Rpm / Id=d7d58dca-bba3-457b-a843-6ed96a5e2f38
  [√通过] 第二次改名同样完成级联（不依赖'只触发一次'）  →  Speed_Rpm_2
  [√通过] 级联后绑定已全部按 Id 寻址（Id 稳定不变）  →  Id=d7d58dca-bba3-457b-a843-6ed96a5e2f38

---- [R] 图元注册表与内置图元描述符 ----
  [√通过] 内置图元在类型初始化时自注册（宿主不必记得「先注册再使用」）
  [√通过] 全部已注册描述符通过自检（键不重复、默认值能转成目标类型、几何键齐全）
  [√通过] 15 个内置图元全部注册  →  Hmi.AlarmBanner、Hmi.Button、Hmi.Pump、Hmi.Motor、Hmi.Valve、Hmi.Pipe、Hmi.Rectangle、Hmi.Ellipse、Hmi.Text、Hmi.ProgressBar、Hmi.Gauge、Hmi.IOField、Hmi.Lamp、Hmi.Clock、Hmi.Indicator
  [√通过] 名册条数 = 注册表全量（新增图元漏登记会在这里红掉，而不是悄悄少一条）  →  名册 15 条 / 注册表 15 条
  [√通过] 每个内置图元的 TypeKey 都带 Hmi. 前缀（这是写进 .vms 的长期标识，发布后不许改）
  [√通过] 类型键大小写不敏感（手写的 .vms 写错大小写仍能打开）
  [√通过] 未知/空类型键一律返回 null 而不是抛异常（由调用方决定容错策略）
  [√通过] 工厂按描述符填默认名字与尺寸  →  矩形 (10,20) 120×60
  [√通过] 新建图元各自带稳定且唯一的 ElementId（复制粘贴不该撞身份）
  [√通过] 按未注册类型造图元当场抛错（笔误不该静默变成空白图元）
  [√通过] 按「类型键 + 属性键」能查到属性描述符  →  点亮
  [√通过] 属性查找对未知键/空键/未知类型返回 null
  [√通过] 每个图元的属性清单都含 6 个几何键（属性面板与绑定引擎的硬前提）
  [√通过] 几何键不声明 TargetProperty（由基类统一落到 FrameworkElement，声明了就是两个写入源）
  [√通过] Choice 型属性必然列出候选项（属性面板画下拉框要用）
  [√通过] 新增图元的「输入」属性都声明了 IsBindable（否则运行态接不上变量）  →  Hmi.ProgressBar:Value、Hmi.IOField:Value、Hmi.Lamp:State、Hmi.Gauge:Value、Hmi.Valve:Opening、Hmi.Pump:State、Hmi.Motor:State、Hmi.Pipe:State
  [√通过] 时钟图元声明了格式与节拍两个可配项（它的输入是系统时间，不绑变量）
  [√通过] 写 $Width 落到强类型字段，读回用不变文化（.vms 跨机器交换，小数点不能跟区域设置走）  →  Width=150.5 读回="150.5"
  [√通过] 几何键写负数取绝对值（模型约定宽高恒正）  →  Height=40
  [√通过] 拼错的保留键被丢弃（既不生效，也不漏进属性袋躺着）  →  属性袋条目=0
  [√通过] 几何键写非法数值保持原值（不写 NaN，也不用 0 顶替）  →  X=10
  [√通过] 名字写 null 退化为空串（Name 不允许 null）
  [√通过] 非保留键落属性袋  →  #FF112233
  [√通过] 属性袋写 null 即删键（与 ScadaElement.SetProperty 语义一致）
  [√通过] 读描述符属性：模型没配就现取默认值（默认值不落进属性袋）

---- [S] 图元控件层：模型 → 控件 → 依赖属性 ----
  [√通过] 按字符串类型键造出对应控件（.vms 里只存字符串，这里是唯一的翻译点）  →  RectangleElement
  [√通过] 造出来的控件已绑上模型（不必调用方二次赋值）
  [√通过] 几何单向落地：位置贴到 Canvas 附加属性  →  (10,20)
  [√通过] 几何单向落地：尺寸写控件自身 Width/Height  →  120×60
  [√通过] 模型没配的属性用描述符默认值（矩形默认白底）  →  #FFFFFFFF
  [√通过] 颜色字符串由 WPF 的 Brush 转换器解析成画刷  →  #FF7A7A7A
  [√通过] 枚举/结构型默认值同样能转（FontWeight "Normal"）  →  Normal
  [√通过] 属性袋写入后落到依赖属性  →  #FF112233
  [√通过] 文本落到 Text 依赖属性  →  1#电机
  [√通过] 数值类属性按不变文化转成 double  →  10
  [√通过] 边框内缩随线宽走（半线宽进 Padding，模板用 Margin 内缩，避免 100 宽的框视觉变 103）  →  线宽 0 → 2，线宽 10 → 7
  [√通过] 转不了的脏值保持现状而不抛异常（一个坏值不该让整页渲染中断）  →  12
  [√通过] 删键后回落到描述符默认值（而不是把值抹成 0）  →  12
  [√通过] 几何改动全量落地（位置/尺寸/旋转）
  [√通过] 旋转原点取相对中心的 (0.5,0.5)（转轴随尺寸自动跟着走，不留旧中心点）  →  0.5,0.5
  [√通过] 旋转归零时摘掉 RenderTransform（不在可视树上留一个恒等变换）
  [√通过] 未挂可视树的控件不订阅模型（文档对象不会反过来钉住控件；挂载时 Loaded 补一次 Refresh 追上）  →  Canvas.Left=55
  [√通过] 未知图元只落几何、不落属性、也不抛异常（低版本打开高版本 .vms 仍能看见画面结构）
  [√通过] 摘掉模型后控件不崩（渲染成模板默认样子）
  [√通过] 指示灯熄灭时显熄灭色（灯色由 IsOn + 两色推导，不是可写的 Fill）  →  #FFFF0000
  [√通过] IsOn 置真后切到点亮色  →  #FF00FF00
  [√通过] Choice 型属性按 WPF 枚举转换器落地  →  Square
  [√通过] 非法枚举值保持现状（脏值不会把外观打回默认）  →  Square
  [√通过] 文本图元的默认文案现取描述符默认值（模型没写就不落属性袋）  →  文本
  [√通过] 水平对齐落到自建依赖属性（Control.HorizontalContentAlignment 的类型与它不通用）  →  Right
  [√通过] 按钮是控件库自己的图元控件，不是 WPF 的 Button（点击语义留给运行态 S4）  →  ButtonElement
  [√通过] 按钮默认外观来自描述符（品牌蓝底 + 居中文字）  →  #FF2D7DD2
  [√通过] 棒图：值 50 / 量程 0~100 → 填充长度是可用宽度的一半（长度算在控件里，断言直接读它，不必数像素）  →  FillLength=79，可用宽度=158
  [√通过] 棒图：条上数值按格式串格式化（默认 0.# → 50）  →  50
  [√通过] 棒图：值超上限按满条收敛（不画出界）  →  FillLength=158
  [√通过] 棒图：值低于下限按空条收敛  →  FillLength=0
  [√通过] 棒图：量程配错（下限 ≥ 上限）画空条，而不是让 NaN 把整页渲染打断  →  FillLength=0
  [√通过] 棒图：纵向走向时按可用高度算长度（液位、料位天生是竖着的）  →  FillLength=9，可用高度=18
  [√通过] 棒图：格式串写错退回通用格式（一个坏值不该让整页渲染中断）  →  50
  [√通过] 多态灯默认熄灭色（"没有信息"也是一种状态，得画得出来）  →  #FF3A3A3A
  [√通过] 多态灯：状态 Warning → 挑警告色（灯色由状态从四色里挑，不是可写的 Fill）  →  #FFFFB020
  [√通过] 多态灯：运行态按枚举序号换算（变量传整数 3 → 报警，灯色跟着切）  →  Alarm
  [√通过] 多态灯：越界序号被挡在门外且灯保持原状（Enum.IsDefined 兜底，不落到别的状态上）  →  数值 9 不是 LampState 的合法取值（Off/On/Warning/Alarm）
  [√通过] 时钟：构造即填第一帧（断言环境不挂可视树、定时器不跳，DisplayText 不能是个空框）  →  2026-09-21 00:09:33
  [√通过] 时钟：改格式串后显示串跟着变（HH:mm:ss → 8 位、第 3 与第 6 个字符是冒号）  →  00:09:33
  [√通过] 时钟：格式串写错退回默认形状（yyyy-MM-dd HH:mm:ss → 19 位），不让整页渲染中断  →  2026-09-21 00:09:33
  [√通过] 数值域：构造即填第一帧（三个输入的默认值与描述符一致，变更回调一个都不响，不显式算就是空框）  →  0
  [√通过] 数值域：值 23.5 / 格式 0.0 / 单位 ℃ → 「23.5 ℃」（数值 → 显示串只写一遍）  →  23.5 ℃
  [√通过] 数值域：单位留空就只显数值（"留空"是自然结果，不是特判）  →  23.5
  [√通过] 数值域：千分位格式串按不变文化排版（德语系统上不会变成 1.204）  →  1,204
  [√通过] 数值域：格式串写错退回通用格式，不让整页渲染中断  →  1204
  [√通过] 表盘：布局还没跑时几何量留空（宁可这一帧不画，也不拿猜测的尺寸画一个会跳的表盘）  →  盘面=空，角度=135
  [√通过] 表盘：构造即算第一帧（默认值 0 → 指针停在起始角 135°，读数是 "0"）  →  角度=135，读数=0
  [√通过] 表盘：盘面是内接圆而不是被拉伸的椭圆（200×120 的控件里 RadiusX == RadiusY，且按短边内缩半线宽）  →  半径 58.5 × 58.5
  [√通过] 表盘：量程弧 + 刻度线（默认 5 格 → 6 根刻度线，加 1 段弧 = 7 个几何子项）  →  7 个子项
  [√通过] 表盘：指针几何随布局算出来（一根线 + 中心一个轴环，线宽随表盘缩放）  →  线宽=4.2
  [√通过] 表盘：值 50 / 量程 0~100 → 指针落在量程弧正中（135 + 270 × 0.5 = 270°）  →  比例=0.5，角度=270
  [√通过] 表盘：值超上限按满量程收敛（指针停在扫过角末端 405°，不绕出量程弧）  →  角度=405
  [√通过] 表盘：值低于下限停在起始角（指针不会倒着转出量程弧）  →  角度=135
  [√通过] 表盘：量程配错（下限 ≥ 上限）指针停在起始角，而不是让 NaN 把整页渲染打断  →  比例=0，角度=135
  [√通过] 表盘：格式串写错退回通用格式，单位照拼（50 MPa），不让整页渲染中断  →  50 MPa
  [√通过] 表盘：扫过角超出 ±360 收敛成整圈（一段 ArcSegment 画不出 360°，改画圆环几何）  →  7 个子项，首项 EllipseGeometry
  [√通过] 表盘：刻度格数 0 → 只留量程弧（弧 1 项，不画刻度线）  →  1 个子项
  [√通过] 阀门：布局还没跑时几何量留空，但状态色与开度文字已算出来（与尺寸无关的推导量不等布局）  →  状态=Closed，开度=0%
  [√通过] 阀门：阀体是两个尖角相对的三角形（蝴蝶结；2 个子项，各 1 个闭合图形）  →  2 个子项
  [√通过] 阀门：全关时裁剪矩形宽度为 0（0 宽矩形合法，正好等于「一点都没开」，不必为全关单开分支）  →  裁剪 0×117
  [√通过] 阀门：开度 50 → 中间位（蓝）+ 裁剪推进到一半（可画宽 197 × 0.5 = 98.5）  →  比例=0.5，开度=50%
  [√通过] 阀门：开度 100 → 全开（绿）+ 裁剪铺满整个可画宽度（比例 1，一点不剩）  →  状态=Open，开度=100%
  [√通过] 阀门：开度超 100 按全开收敛（裁剪不会溢出阀体，比例封顶在 1）  →  比例=1
  [√通过] 阀门：开度负值按全关收敛（裁剪宽度归 0，不会出现反向的填充）  →  比例=0，状态=Closed
  [√通过] 阀门：格式串写错退回通用格式，百分号照拼（50%），不让整页渲染中断  →  50%
  [√通过] 阀门：格式串生效（0.0 → 「50.0%」），数值 → 显示串只写一遍  →  50.0%
  [√通过] 阀门：开度是 NaN 时按全关收敛（坏值不该顺着几何传到渲染层）  →  比例=0，状态=Closed
  [√通过] 泵：布局还没跑时几何量留空，但状态色已算出来（与尺寸无关的推导量不等布局）  →  状态=Stopped
  [√通过] 泵：泵壳是可画区的内接正圆（短边定直径，宽高不等也拉不成椭圆）  →  泵壳 51×51，顶=1.5
  [√通过] 泵：泵壳没侵入底下留给位号的那四分之一（位号不会被图形压住）  →  壳下沿=52.5，位号行顶=54
  [√通过] 泵：叶轮是泵壳的内接等边三角形（1 个闭合填充图形、3 个顶点）  →  1 个图形
  [√通过] 泵：叶轮第一个顶点落在正右方（那是泵的出口方向，现场一眼读出介质往哪走）  →  首顶点=51.81,27
  [√通过] 泵：叶轮整个含在泵壳里（半径按 0.62 收，三个顶点都戳不出壳外）  →  叶轮外框=28.094999313354492,13.308137893676758,23.715002059936523,27.38372230529785
  [√通过] 泵：运行态叶轮转绿（操作员扫一眼先认颜色，不必去读位号）  →  状态=Running
  [√通过] 泵：故障态叶轮转红（与阀门的报警色同一档）  →  状态=Fault
  [√通过] 电机：布局还没跑时三份几何都留空、M 的笔画粗细归 0，但状态色已算出来  →  状态=Stopped，笔画=0
  [√通过] 电机：机身是可画区的内接正圆（上下各切一条之后按短边取直径）  →  机身 42.6×42.6，顶=15.9
  [√通过] 电机：机身没侵入底下留给位号的那条带（位号不会被图形压住）  →  机身下沿=58.5，位号带顶=60
  [√通过] 电机：接线盒下沿探进机身一截（贴着切点放会裂出一条缝，看上去像没装上去）  →  盒 21.3×19.512
  [√通过] 电机：M 是一段不闭合的折线（不填充、4 段），折线本身没有面积，模板上只描边  →  1 个图形
  [√通过] 电机：M 中间那个尖扎在字高的 60% 处（扎到底会变成 W 的倒影，扎浅了又像两道竖线）  →  中间尖=36,39.543000000000006
  [√通过] 电机：M 的笔画粗细随机身半径走（半径 × 0.18，机身缩小字也跟着细）  →  笔画=3.834，机身半径=21.3
  [√通过] 电机：运行态 M 转绿（与泵、管道同一套状态色，整幅工艺图一眼扫得下来）  →  状态=Running
  [√通过] 电机：故障态 M 转红  →  状态=Fault
  [√通过] 管道：布局还没跑时管身与箭头都留空、箭头粗细归 0，但状态色已算出来  →  状态=Stopped，箭头粗细=0
  [√通过] 管道：管身是可画区整块圆角矩形（圆角取 3，且不超过管高折半）  →  管身 157×29
  [√通过] 管道：箭头笔画粗细随短边走（短边 × 0.10，管细箭头也细，不会糊成一团）  →  箭头粗细=2.9，短边=29
  [√通过] 管道：箭头个数按「能排下几个」现算（160×32 排 3 个），每个箭头是一段 2 折的不闭合折线  →  3 个箭头，应 3 个
  [√通过] 管道：左→右时箭头尖朝右（尖落在两个端头的右侧）  →  箭头朝向对不上
  [√通过] 管道：右→左时同一份几何整体翻向（个数与位置都不重排，只把尖角换到另一侧）  →  3 个箭头
  [√通过] 管道：纯管身（None）不画箭头，管身照旧（管线的流向另有标注时用得上）  →  箭头已留空
  [√通过] 管道：管子拉得再长箭头也不超过 6 个（上限夹住了）  →  6 个箭头
  [√通过] 直接 new 的控件与注册表造的控件行为一致（只有一条刷新路径，两种造法结果相同）

---- [T] 图元拖放：负载协议 / 落点换算 / 放置语义 ----
  [√通过] 负载装载/取回往返：类型键原样回来  →  Hmi.Rectangle
  [√通过] 空类型键不让装进负载（放下去只会造出一个无名图元）
  [√通过] null 负载与空负载一律不认
  [√通过] 外部纯文本不做兜底解析（从记事本拖几个字进画布不该长出图元）
  [√通过] 格式名对但值是空白，也算不是我们的负载
  [√通过] 落点是图元中心而不是左上角（用户指着"这儿"，要图元出现在这儿）  →  440,270
  [√通过] 差几像素仍落到同一格（吸附复用拖动那条 GridStep 规则，不会"拖过去压线、放下去差半格"）  →  440,270
  [√通过] 关掉吸附后按原始坐标放（允许对齐到非整格处）  →  443,266
  [√通过] 网格间距小于 1 视为"没有网格"：吸附自动失效，而不是把落点挤成 0  →  443,266
  [√通过] 缩放/平移后的视口点先折算回设计坐标再算落点（适应窗口后拖放不会偏半屏）  →  420,260
  [√通过] 视口↔设计坐标严格互逆（同一约定：设计 ×Zoom +Offset = 视口）
  [√通过] 在画面外的灰边上松手：中心被夹进画面（图元不会生在看不见的地方）  →  740,570
  [√通过] 左上角外松手同样被夹回：中心贴到画面边缘（左上角允许为负，居中优先）  →  -60,-30
  [√通过] 画面尺寸还没绑上（0）时不夹取，只原样换算（否则落点会全堆到左上角）  →  2940,2970
  [√通过] 缩放写入 NaN 回落 100%（矩阵一旦 NaN，整棵子树会无声消失）  →  1
  [√通过] 缩放被夹进上界 8 倍（下界 0.1）  →  8
  [√通过] 新建画面立刻成为编辑目标（点完"新建"还看见旧画面会被以为没生效）  →  null
  [√通过] 画布套上模板、PART_ElementLayer 等命名件齐备  →  ApplyTemplate=True
  [√通过] 放置成功：进的是模型集合，返回的就是那个图元  →  集合 1 个
  [√通过] 放置坐标=画布换算好的设计坐标（视图模型不再二次加工落点）  →  (300,200)
  [√通过] 尺寸取描述符默认值（拖放只传类型键，宽高由注册表补）  →  120×60
  [√通过] 名字取显示名  →  矩形
  [√通过] 首个图元 ZIndex=1（画面底图常见 ZIndex=0，不抬序就生在它下面）  →  1
  [√通过] 放完即选中（选中框是"确实放下了"最直接的反馈）  →  通知 1 次
  [√通过] 画布按集合变更自己长控件（宿主没有手工 addChild，不会出现第二个孤儿控件）  →  渲染 1 / 数据 1
  [√通过] 同画面重名自动续号（矩形 / 矩形_2 / 矩形_3）  →  矩形、矩形_2、矩形_3
  [√通过] 后放的排在上面（ZIndex 递增，不会被先放的盖住）  →  1、2、3
  [√通过] 连续放置时渲染层逐条跟上  →  3
  [√通过] 删掉一个图元，元素层同步收掉对应控件  →  2
  [√通过] 清空画面走 Reset 全量重建，元素层不留残余  →  0
  [√通过] 未注册类型键：静默返回 null 而不抛（松手时崩掉编辑器不可接受）  →  null
  [√通过] 换个画面同名不再续号（唯一性只在画面内，跨页重名无害）  →  矩形
  [√通过] 没有可写画面时放置失败但不崩（返回 null）
  [√通过] 换方案后编辑目标自动跟到新文档（盯的是 WorkspaceContext.CurrentSolution）  →  Pages 通知 1 次
  [√通过] Deactivate 后不再响应方案切换（离树面板不会被偷改，也不会漏摘）  →  另一方案的画面
  [√通过] 重新 Activate 后又跟上新文档（挂摘可逆，AvalonDock 反复装卸不失效）  →  画面_1
  [√通过] 工具箱条目总数 = 注册表全量（注册即出现在面板上，不必改这里一行）  →  共 15 种
  [√通过] 分组覆盖注册表里的每个分类，且分类先后沿用注册表次序  →  报警、操作、工艺、基础、数值、指示
  [√通过] 每个分组非空且组内分类一致
  [√通过] 搜索命中显示名  →  命中 1
  [√通过] 搜索命中类型键（大小写不敏感，中英混输也能找到）  →  命中 1
  [√通过] 搜索命中分类（"操作"出来的是这一类下全部图元）  →  命中 1
  [√通过] 搜索命中说明文字（用户记得的是"罐体"而不是"椭圆"）  →  命中 1
  [√通过] 无命中时列表为空（不硬塞一个默认项骗眼睛）  →  命中 0
  [√通过] 纯空白关键字视为不过滤（否则删空搜索框的瞬间面板是空的）  →  命中 15
  [√通过] 清空搜索后恢复全量，且这 7 次改关键字都通知了 Groups（界面绑定靠它刷新）  →  通知 7 次

---- [U] 属性面板：描述符驱动的行生成 / 写回 / 回读 ----
  [√通过] 选中矩形即长出属性行，行数 = 描述符声明数 + 通用关系行（面板不认识任何具体图元类型）  →  面板 14 行 / 描述符 13+0 条
  [√通过] 组序取自描述符里的首现次序：常规→位置与尺寸→外观→文字→权限  →  常规/位置与尺寸/外观/文字/权限
  [√通过] 组内行数按声明落位：外观 4 条、文字 3 条  →  常规:1/位置与尺寸:5/外观:4/文字:3/权限:1
  [√通过] 标题条是「类型 · 名字」，一眼看得见在改谁  →  矩形 · 料箱
  [√通过] 图元改名（含从面板的名称行改）后标题跟着变，不是进面板时算死的一次性快照  →  矩形 · 1#料箱
  [√通过] 换选中即整份重建：椭圆 13 行 5 组，且写入目标已换成新图元  →  13 行 / 5 组
  [√通过] 遍历全部已注册图元：每一类的行数都等于其描述符声明数 + 通用关系行（新增图元这里零改动这条成立）  →  不匹配 0 类，共 15 类
  [√通过] ƒx 只对声明了 IsBindable 的行可用（不可绑属性不给按钮）  →  不匹配 0 行
  [√通过] 按钮：14 条属性 + 2 条事件 + 1 条通用关系 = 17 行 6 组（组序是声明出来的，不是按字典序凑的）  →  17 行 / 常规/位置与尺寸/文字/外观/事件/权限
  [√通过] 事件行显示名与运行日志同一出处（面板勾的「按下」和日志里的「· 按下」对得上号）  →  按下 / 释放
  [√通过] 事件行是 Bool 投影：不给 ƒx（事件不绑变量），描述里说清「设计态点击不触发」  →  Bool / ƒx=False
  [√通过] 没勾过的事件行回读 False，图元上也没有钩子  →  False
  [√通过] 勾选「按下」：长出一条钩子并自动带一条「记录日志」（空动作表在执行侧等同没配），行回读 True  →  钩子=True / 动作 1 条 / 面板 True
  [√通过] 重复勾选不再塞动作：值没变时 setter 短路，Commit 的幂等分支兜底，动作始终 1 条  →  1 条
  [√通过] 删光动作后取消再勾：走「没钩子建新钩子」路径，补回默认「记录日志」当起点  →  1 条
  [√通过] 取消勾选：整条钩子连同动作一起摘掉，与画面级「加载事件」同一口径  →  True / False
  [√通过] 事件行自述是复合编辑区、普通属性行不是：面板据此整份换模板，XAML 不必认得 ScadaEventRow 这个类型  →  事件行 True / 属性行 False
  [√通过] 没勾的事件行没有动作表（null，不是空表）：「压根没配」和「配了但删光了」是两回事，模板据此整块收起动作区  →  Actions=null / HasActions=False
  [√通过] 勾上后动作区露出，拿到的是模型里那张表本身（同一个对象，不是拷贝）：默认已带一条「记录日志」  →  HasActions=True / 1 条
  [√通过] 「添加动作」无参命令始终可点（看得见动作区就说明已勾上）
  [√通过] 点「添加动作」：表变 2 条，新动作默认就是「记录日志」（先给一条能跑的，改类型再说）  →  2 条 / 新动作 Log
  [√通过] 调序可用性看位置：第一条「↑」灰、「↓」亮；第二条反过来（边界不给越界按钮亮着）
  [√通过] 点「↓」：两条动作真换位（不是「删了再插」留下的中间空档，集合始终 2 条）  →  乙/甲
  [√通过] 换位后可用性跟着翻面：原来的第一条现在顶上还有「↑」、底下没「↓」了
  [√通过] 删命令的参数认对象不认序号：不在本表里的动作 CanExecute 为假（列表外的行点不动）
  [√通过] 点「✕」：那条动作从表里去掉，剩下那条原地不动（删的是选中的那条，不是末条）  →  1 条 / 剩「甲」
  [√通过] 类型下拉三项与枚举显示名同源：下拉里选的「写变量」和运行日志里的「写变量」是同一句话  →  记录日志/写变量/切换画面
  [√通过] 三条动作现在都已接通（S6 写变量、S8 切换画面），PendingReason 只剩「本版本不认识」这一档；面板那行橙色提示与运行日志仍逐字同源  →  null
  [√通过] 改动作类型时 PendingReason 一并广播：橙色提示当场换字，不用等整块重建  →  Type/Detail/PendingReason
  [√通过] 写变量动作一新建就是「还没选变量」：HasVariable 为假，面板据此亮橙色提示  →  00000000-0000-0000-0000-000000000000 / null
  [√通过] 点「选择变量」：把这条动作的现状（Id 优先、名字兜底）交给选择器，选中后回填 Id 与名字  →  1 次 / 启动
  [√通过] 回填后 HasVariable 广播出去：面板上的占位文案与橙色提示当场收掉，不用等整块重建  →  VariableId/HasVariable/VariableName/Detail/HasVariable
  [√通过] 取消时回调一次都不触发：原绑定原样留着（取消不等于清空，破坏性动作不该藏在取消里）  →  启动
  [√通过] 预选参数就是这条动作的现状：再点一次时交出去的是上次选的那个，弹窗才能停在原来那一行  →  8887e42a-ee69-4cc5-9309-3ae9ae958aa6 / 启动
  [√通过] 切换画面动作一新建就是「还没选画面」：HasTargetPage 为假，面板据此亮橙色提示  →  00000000-0000-0000-0000-000000000000 / null
  [√通过] 点「选择画面」：把这条动作的现状（Id 优先、名字兜底）交给选择器，选中后回填 Id 与名字  →  1 次 / B 列表
  [√通过] 回填后 HasTargetPage 广播出去：面板上的占位文案与橙色提示当场收掉，不用等整块重建  →  TargetPageId/HasTargetPage/TargetPageName/Detail/HasTargetPage
  [√通过] 切换画面的描述与详情都指向同一个目标画面（日志里那句与面板上那句是同一句）  →  切换画面 → B 列表
  [√通过] 取消时回调一次都不触发：原目标画面原样留着（取消不等于清空，破坏性动作不该藏在取消里）  →  B 列表
  [√通过] 预选参数就是这条动作的现状：再点一次时交出去的是上次选的那一页  →  f1abcec3-fd01-4d6c-b9c6-a4b86b098097 / B 列表
  [√通过] 切换画面已接通：PendingReason 为 null，面板不再显示「还没接通」提示  →  null
  [√通过] RefreshValue 把动作表状态与命令可用性一起通知出去（只通知勾选框值会漏掉动作区）  →  SwatchBrush/Actions/HasActions / 命令可用性通知 3 次
  [√通过] 删光最后一条动作不顺手摘钩子：空动作表在执行侧本来就等同没配，面板用提示说明比替用户做决定诚实  →  0 条 / 钩子还在=True
  [√通过] 取消勾选把空动作表也一并收走：不留一张空表挂在图元上等着落盘  →  钩子=False / Actions=null
  [√通过] 指示灯：行数 = 描述符声明数 + 通用关系行，多出来的是一个状态组（点亮/点亮色/熄灭色）  →  常规:1/位置与尺寸:5/状态:3/外观:3/文字:3/权限:1
  [√通过] 每个图元都长出权限行：Choice 型、候选固定四档、且不给 ƒx（权限不该被变量驱动）  →  Choice / ƒx=False / 不限制/操作员/工程师/管理员
  [√通过] 默认是「不限制」，模型里就是 null（旧 .vms 反序列化后天然落在这一档，零迁移）  →  不限制 / null
  [√通过] 选一个角色：模型跟着变，且撤销栈里是一条带操作名的记录（裸写 setter 只会留一条没名字的「编辑」）  →  Engineer / 1 条 / 设置操作权限 [急停] → 工程师
  [√通过] 值没变是空操作：返回 true 且版本号不动（面板刷新、下拉重选同一项都不该在撤销栈里堆记录）  →  v4 → v4 / 1 条
  [√通过] 拒绝写入非法角色 Undefined：否则会造出一个「谁都按不动、界面上还看不出为什么」的图元  →  未知的角色取值（0），无法设置操作权限
  [√通过] 不属于本画面的图元一律拒（拿对象引用当通行证，权限就会写到看不见的画面上）  →  图元不属于本画面，无法设置操作权限
  [√通过] 选「不限制」回到 null：与「没配过」是同一个状态，不是另存一个「不限」哨兵值  →  null / 不限制
  [√通过] 文件里的坏值不装看不见：模型一变面板就自动跟上，候选临时补上那一项，显示「未知角色(9)」而不是一片空白  →  未知角色(9) / 不限制/操作员/工程师/管理员/未知角色(9)
  [√通过] 坏值被改走后候选也收回去（RefreshValue 里补的那次通知）：下拉里不留一条再也选不中的僵尸项  →  管理员 / 不限制/操作员/工程师/管理员
  [√通过] 空文案不当作「不限制」：标红且模型一动不动（静默放权比报错难查一百倍）  →  valid=False / 请从下拉里选一个角色（清空不等于「不限制」） / Administrator
  [√通过] 右键菜单六栏且次序冻结：图层 + 叠放次序（标题带当前位次）+ 对齐与分布 + 锁定/解锁 + 组合/取消组合 + 删除图元（删除放末尾，免得误点）  →  图层 / 叠放次序（2 / 2） / 对齐与分布 / 锁定图元 / 组合 / 删除图元
  [√通过] 前三栏是分组项：各带图标、自己不执行任何动作，点开才见子项  →  图层:子项2 / 叠放次序（2 / 2）:子项4 / 对齐与分布:子项8
  [√通过] 第四栏是锁定叶子项：无子项、自带命令与图标（与组合、删除同属'改内容'，排在删除之前）  →  锁定图元:子项0 / 命令=有
  [√通过] 第五栏是组合叶子项：无子项、自带命令与图标（与锁定同形，排在删除之前）  →  组合:子项0 / 命令=有
  [√通过] 末栏是叶子项：无子项、自带命令与图标（分组形态会让它点下去毫无反应）  →  删除图元:子项0 / 命令=有
  [√通过] 「图层」候选 = 本画面的图层表 + 末位的「（未分层）」（未分层是个能选中的项，不是「什么都不选」）  →  图层_1、设备层、（未分层）
  [√通过] 归属项都可勾选且当前归属恰好勾一项：新图元自动落在画面默认图层上，勾就打在它上面  →  图层_1=✓、设备层=·、（未分层）=·
  [√通过] 点「设备层」：归属写进图元（走 TryAssignLayer，LayerId 指向那个图层对象而不是层名）  →  3eeb1825-ea61-43e3-8660-8dc803b81f41
  [√通过] 菜单每次弹出即重建：勾选态跟着模型走，现在勾在「设备层」上（不持有会过期的快照）  →  图层_1=·、设备层=✓、（未分层）=·
  [√通过] 点「（未分层）」：归属退回 Guid.Empty——「取消分层」是个说得出口的操作  →  00000000-0000-0000-0000-000000000000
  [√通过] 叠放次序四项齐备，排列从最前到最底，每项一个方向图标（都是叶子动作项）  →  置顶 / 上移一层 / 下移一层 / 置底
  [√通过] 标题里的位次与模型一致（「叠放次序（2 / N）」——属性面板撤掉叠放行后，这是用户唯一能读到「我在第几层」的地方）  →  叠放次序（3 / 3）
  [√通过] 置底：ZIndex 被重编号成最小值，菜单标题立刻回读成「1 / N」  →  ZIndex=1 / 标题=叠放次序（1 / 3）
  [√通过] 已经在最下面：置底与下移一层都判灰（点下去什么都不发生的项最伤信任）  →  置顶=True/上移一层=True/下移一层=False/置底=False
  [√通过] 置顶：ZIndex 被重编号成最大值，菜单标题回读成「N / N」  →  ZIndex=3 / 标题=叠放次序（3 / 3）
  [√通过] 已经在最上面：置顶与上移一层都判灰（四个方向的可用性口径与 TryMoveElementZ 的空操作条件一致）  →  置顶=False/上移一层=False/下移一层=True/置底=True
  [√通过] 「对齐与分布」八项齐备且次序冻结：先六种对齐（水平三、垂直三）再两种分布  →  左对齐 / 水平居中 / 右对齐 / 顶对齐 / 垂直居中 / 底对齐 / 水平分布 / 垂直分布
  [√通过] 八项都是带图标、带命令的叶子项，且八个图标各不相同（分组形态会让点下去毫无反应，图标重了则分不清动作）  →  左对齐=、水平居中=、右对齐=、顶对齐=、垂直居中=、底对齐=、水平分布=、垂直分布=
  [√通过] 只选中一个：六种对齐全判灰（对着一个图元「对齐」没有任何含义）  →  左对齐=False/水平居中=False/右对齐=False/顶对齐=False/垂直居中=False/底对齐=False/水平分布=False/垂直分布=False
  [√通过] 选中两个：六种对齐亮起、两种分布仍判灰（两个图元「分布」的结果就是原地不动，亮着只会让人点了以为坏了）  →  左对齐=True/水平居中=True/右对齐=True/顶对齐=True/垂直居中=True/底对齐=True/水平分布=False/垂直分布=False
  [√通过] 选中三个：分布也亮起（门槛确实读的是 MinimumCount，不是菜单里另写的数）  →  左对齐=True/水平居中=True/右对齐=True/顶对齐=True/垂直居中=True/底对齐=True/水平分布=True/垂直分布=True
  [√通过] 左对齐：三个图元的 X 都贴到最靠左那个的左边缘（基准是整组包围盒，不是「某一个图元」）  →  5/5/5 vs 基准 5
  [√通过] 一次排列 = 一条撤销记录，标签里带个数与动作名（撤销按钮上能读出这一步撤的是什么）  →  1 条 / 对齐 [3 个图元]：左对齐
  [√通过] 撤销一次，三个图元全部回到对齐前的位置（不是只回去一个）  →  5/20/90
  [√通过] 多选里混着锁定的图元也能删：锁住的跳过而不是整批失败（Delete 键不该时灵时不灵）
  [√通过] 删掉的是可编辑的那三个，锁住的那个原样留着  →  剩 5 个 / 锁定项还在=True
  [√通过] 一次删除 = 一条撤销记录，标签里带个数（多选删除不是一个图元一条）  →  1 条 / 删除 3 个图元
  [√通过] 删完顺手清选中：主选中不该还指着刚删掉的对象（否则属性面板继续编辑一个幽灵）  →  集合 0 个 / 主选中=null
  [√通过] 撤销一次，三个图元全部回来（不是只回来一个）  →  回到 8 个
  [√通过] 撤销后选中仍是空集：不留下指向已不在画面上的对象的幽灵选中  →  0 个
  [√通过] 选中的全是锁定项：删除返回 false 且画面纹丝不动（菜单判灰与这里同源）  →  8 个 / 0 条
  [√通过] 只给一个图元：TryAlignElements 拒绝并给出人话（对齐至少两个）  →  「左对齐」至少要选中 2 个图元
  [√通过] 两个可编辑 + 一个锁定：对齐照常成立（锁定项不参与排列，也不拖垮整批）
  [√通过] 一个可编辑 + 一个锁定：可排列的只剩一个，拒绝并点名「锁定的图元不参与」  →  可排列的图元不足 2 个（锁定的图元不参与）
  [√通过] 分布门槛比对齐高一级：两个可编辑时被拒（两个图元的「分布」就是原地不动）  →  「水平分布」至少要选中 3 个图元
  [√通过] 不属于本画面的图元被剔除：外来户进不来，本画面图元也不会被它的坐标带偏  →  可排列的图元不足 2 个（锁定的图元不参与）
  [√通过] 水平分布：三个图元被等间隙摊开，且两端原地不动（排匀不该把整组挪走）  →  X=0/170/400 宽=40/100/20
  [√通过] 没选中图元时不产出菜单（宿主据此不弹，而不是弹一个空壳）
  [√通过] 不属于本画面的图元：TryMoveElementZ 拒绝并给出人话（菜单与画布外的调用共用这一条判定）  →  图元不属于本画面，无法调整叠放次序
  [√通过] 宽里打 -30：模型取绝对值存 30，输入框回填规范值（负宽进不了 .vms）  →  模型 30 / 面板 30
  [√通过] X 里打字母：模型纹丝不动、用户文本原样留着、行标红并给出人话原因  →  请输入数字（小数点用 . ，不用千分位）
  [√通过] 改完就地接着用：小数量按不变文化往返，12.5 不会被念成 125  →  模型 12.5 / 面板 12.5
  [√通过] 清空数字框：不写模型，回读把旧值放回输入框（图元不会因此跑到 0,0）  →  模型 12.5 / 面板 12.5
  [√通过] 旋转打 400 越界：照样写进模型，只标红提示（静默夹回 360 会让人以为输入框吞字）  →  模型 400 / 不能大于 360
  [√通过] 改回界内值红框自动消失：提示不是闸门，不会一直挂着  →  模型 -90 / 已清除
  [√通过] 字号低于下界也是同一套口径：写入 + 标红「不能小于 6」  →  不能小于 6
  [√通过] 颜色填了非法串：色块回落成灰色，不掀面板也不抛（转换器不认识就是异常）  →  #FFCCCCCC
  [√通过] 颜色填对了：色块就是那个颜色，与画布上真实填出的颜色同一口径  →  #FF00FF00
  [√通过] 画布拖动改了 X（模型侧写入）后，面板对应行立刻回读出 777——面板没有自己的第二份值  →  777
  [√通过] 名称行写的是模型的 Name，标题条同步跟上  →  矩形 · 走面板改名
  [√通过] 取消选中即转入画面模式：图元行一条不留，标题点名在编辑哪个画面（S3-e3 改的口径）  →  8 行 / 画面 · 画面_1
  [√通过] 类型没注册的图元：0 行 + 标题说明本机不认识它（不是属性丢了，是这台机器没装插件）  →  Hmi.NotOnThisMachine（本机未注册该图元，无法编辑）
  [√通过] 连改两行值不触发 Groups 通知（每敲一格就整表重建会把输入焦点顶掉）  →  通知 0 次
  [√通过] 换选中恰好一次 Groups 通知（绑分组列表的界面就靠它刷新）  →  通知 1 次
  [√通过] 改过值之后，描述符声明的默认值仍是原来那份（写回共享描述符会让下一个图元捡到上一个的颜色）  →  #FFFFFFFF
  [√通过] 指示灯的「点亮」行是 Bool 型，未配过时取描述符默认值 False  →  False
  [√通过] 勾一下复选框：模型存的是字符串 True，回读仍是勾选态（复选框与属性袋之间只有这一处换算）  →  True
  [√通过] 手改过的 .vms 里出现非 True/False 的值：复选框呈未定态，不崩也不猜成 false  →  null
  [√通过] Choice 型行把候选原样交给下拉（面板不硬编码 Circle/Square）  →  Circle|Square
  [√通过] 换下拉项即写模型：形状改成正方形  →  Square
  [√通过] 刚放下的图元没绑过：不显示变量带（绑没绑只问图元，面板不另存一份状态）  →  False / null
  [√通过] 绑上之后命令主动抛 CanExecuteChanged：✕ 才会从禁用翻成可用（不抛就停在初值上）  →  抛了 3 次
  [√通过] 点 ƒx 选完变量：绑定真落到图元上（Id 是权威键、名字只作展示），画面长出一条  →  Speed / 1 条
  [√通过] 成功路径静默：不弹任何提示框（绑上了是预期结果，不需要弹窗道贺）
  [√通过] 行自己回读绑定状态：变量带长出变量名、清除入口随之可用  →  Speed / 可清除=True
  [√通过] 再点 ƒx 换个变量：复用同一条绑定（一个属性至多一条），旧变量被顶掉  →  1 条 / Torque
  [√通过] 换绑复用原条目：用户已配的停用与格式串一并保住（不是删了重配）  →  F2 / 启用=False
  [√通过] 换绑时弹窗预选当前变量：打开就有现状（换绑是改一处，不是重新找一遍）  →  Speed / 14896c54-725e-4fd0-a30d-a90bb8e0265e
  [√通过] 弹窗里点取消：原绑定原样留着（取消不是清空），只是白开了一次窗  →  5 次 / Torque
  [√通过] 点清除：绑定从图元上摘掉、变量带收起（清除入口只对确实绑了的行可用）  →  0 条 / 可清除=False
  [√通过] null 参数与不可绑行（形状、字号）都不给 ƒx 亮着
  [√通过] TrySetBinding：加一条真绑定 → 画面版本号涨起来（脏标记跟着走，不然改了没提示保存）  →  v57 → v60 / 
  [√通过] TrySetBinding 换变量：仍是同一条条目（不新增），版本号照样涨（绑定内容变了也是脏）  →  1 条 / v60 → v62
  [√通过] TrySetBinding 拒绝空 Id：现场不该造出「只能按名找」的旧数据形态  →  变量 Id 为空，无法建立绑定
  [√通过] TrySetBinding 拒绝不属于本画面的图元（面板拿着别处的图元也绑不上）  →  图元不属于本画面，无法建立绑定
  [√通过] TrySetBinding 拒绝空属性键（空格也不算键）  →  属性键为空，无法建立绑定
  [√通过] 属性键比较大小写敏感：IsOn 与 ison 是两条不同的键（键是标识符，不是给人看的文本）
  [√通过] TryRemoveBinding：真删掉一条 → 版本号 +1  →  0 条 / v62 → v63
  [√通过] TryRemoveBinding 幂等：本来就没绑也算成立，且版本号不平白刷高（点一下空按钮就提示未保存很恼人）  →  v63 → v63
  [√通过] Deactivate 后编辑器换选中不再驱动面板（面板离树时不在后台白重建）  →  多通知 0 次
  [√通过] 重新挂上立刻补一次重建，再换选中恢复正常驱动；重复 Activate 不攒第二层订阅（只多这一来一回）  →  挂上时 1 次，之后 1 次
  [√通过] 属性袋 → 依赖属性这条链走通：面板改的填充色在控件上就是那个绿  →  SolidColorBrush
  [√通过] 没选中图元即长出画面属性行，行数与组序全取自 ScadaPageProperties 声明（面板不写死）  →  8 行 / 基本信息/画布尺寸/背景/设计辅助/运行
  [√通过] 网格显示、吸附这两个开关不进画面面板：顶栏已有勾选框且绑同一个模型属性，两处入口改同一个值只会让人怀疑它们不同步  →  Name|Description|Width|Height|Background|GridSize|StartupPage|Loaded
  [√通过] 面板改背景色：直接写进落盘字段（不中转副本），色块与模型同一次读到同一个值  →  #FF205020 / #FF205020
  [√通过] 顶栏/别处改画面宽度，面板对应行立刻回读——画面模式与图元模式共用同一条回读路径  →  1280.5
  [√通过] 画面尺寸按不变文化往返：小数不会被中文区域念成 72025 也不会被判非法  →  模型 720.25 / 面板 720.25
  [√通过] 画面数字行打了字母：模型纹丝不动、文本留着、行标红（与图元数字行同一套语义）  →  模型 720.25 / 面板 高一千
  [√通过] 宽填 0 越界：照样写进模型，只标红「不能小于 1」（画面被改小到看不见是用户的选择，面板不替他决定）  →  模型 0 / 不能小于 1
  [√通过] 画面属性一律不给 ƒx：画面级绑定要另立落点，现在放开只会弹「还没接」
  [√通过] 画面改名（含走面板的名称行）：标题点名的是画面，不是残留的图元名  →  画面 · 主画面 / 主画面
  [√通过] 切页等于换编辑对象：行的写入目标跟着换成新画面，不会把属性改到看不见的画面上  →  画面 · 辅画面 / #FF1E1E1E
  [√通过] 面板改网格间距落在新画面上，旧画面不受牵连  →  新 25 / 旧 10
  [√通过] 勾「启动画面」写的是方案里那一个 Id，面板行读回来的也是它（投影，不是第二份真值）  →  Id=5b3c7100-c9cc-4d52-addc-5396172a10de / 行=True
  [√通过] 另一画面的同名行读作未勾选：互斥靠单值字段白送，不靠写入时横着清其余页  →  False / 启动=辅画面
  [√通过] 直接改勾另一页即换启动画面，前一页无需先取消勾选  →  Id=a64cd20b-1f87-435c-8b42-f73c086a08d6
  [√通过] 「加载事件」落在画面自己的字段上：各页独立，与启动画面的方案级互斥正相反  →  主画面=True / 辅画面=False
  [√通过] 在别的画面上取消勾选是空操作：绝不允许把别人身上的启动指定擦掉  →  Id=a64cd20b-1f87-435c-8b42-f73c086a08d6
  [√通过] 在启动画本尊上取消勾选才清空，运行态随即回落第一页而不是显示空白  →  Id=00000000-0000-0000-0000-000000000000 / 回落=主画面
  [√通过] Deactivate 后画面订阅也摘干净：外部改画面宽度不再回读到面板行（否则面板在后台钉着旧画面）  →  1920
  [√通过] 重新 Activate 会补一次重建，画面上的新值读回来了  →  800
  [√通过] 选中图元立刻切回图元模式：画面退居其后，两种模式互斥不混排  →  14 行 / 矩形 · 抢回焦点
  [√通过] 渲染前先放一条真绑定（另一行保持未绑，作对照）
  [√通过] 右键菜单备好了邻居：编辑目标回到指示灯，起点是「已在最上」2 / 2（否则菜单操作的是刚放下的底图）  →  指示灯 / 叠放次序（2 / 2）
  [√通过] 面板整体渲染成图：有实打实的高度、底色 #FFF7F8FA 真的被刷出来了（不是一片空白）  →  588px 高 / DataContext=还是面板 VM
  [√通过] 整幅面板里只有绑过的那一行真的显示变量带（没绑的行仍是原来的一行，不白占高度）  →  显示中的变量带 1 条
  [√通过] 变量带里写的就是变量名，且带底 #FFEAF3FF / 带边 #FFC6DDF5（与属性行同列对齐的那条）  →  名字=Speed / ✕=True
  [√通过] 变量带的底色真的落在画面上（在带内采到 #FFEAF3FF，不是被裁剪或被别的元素盖住）  →  (102,266) 151×20
  [√通过] 变量带与上一行的编辑器之间留出可见间隙（不贴着、不压住：行高是长出来的，不是挤出来的）  →  间隙 5.4px（编辑器底 260.9 / 带顶 266.3）
  [√通过] 绑过那行的 ƒx 转成蓝色 SemiBold（一眼看出这行的值已被变量接管）  →  #FF2A6BB5
  [√通过] 没绑那行的 ƒx 仍是灰色常态（不是所有行都亮成蓝色）  →  #FF909399
  [√通过] 蓝的 ƒx 在画面上真的画出来了（那一格里采得到 #FF2A6BB5）  →  (229,245) 24×16
  [√通过] 灰的 ƒx 那一格里采不到蓝（对照组成立，否则上一条可能只是别处漏过来的颜色）  →  (229,290) 24×18
  [√通过] 图标字体真的解析出来了、菜单要用的每一个码点都在字形表里（缺一个就是证据图上一格空白，而字符串层的断言照样全绿——那种绿是骗人的）  →  Font Awesome 6 Pro Solid
  [√通过] 顶层六栏都翻成了控件：前五栏带图标（前三栏是分组项、各有子项、自己不带命令；第四、五栏是锁定与组合叶子项），末栏是带命令的删除叶子项  →  图层:子项3 / 叠放次序（4 / 4）:子项4 / 对齐与分布:子项8 / 锁定图元:子项0 / 组合:子项0 / 删除图元:子项0
  [√通过] 「图层」那一列翻出来：全部可勾选、恰好一项打勾，且那一项的 ✓ 真的从 Collapsed 翻出来了  →  3 项 / 勾 1 / CheckMark 3 个、可见 1 个
  [√通过] 打勾的那一项就是模型当前归属（翻译把描述里的 IsChecked 搬过来了，不是照着顺序瞎勾一个）  →  图层_1=·、设备层=✓、（未分层）=·
  [√通过] 「叠放次序」那一列翻出来四项，已经在最上时置顶/上移真的判灰（IsEnabled=false 且字色被模板刷成 #FFA0A0A0）  →  置顶=灰#FFA0A0A0、上移一层=灰#FFA0A0A0、下移一层=亮#FF202020、置底=亮#FF202020
  [√通过] 「对齐与分布」那一列翻出来八项，各带图标、图标互不相同、选中三个时八项全亮  →  左对齐=、水平居中=、右对齐=、顶对齐=、垂直居中=、底对齐=、水平分布=、垂直分布=
  [√通过] 点「左对齐」：三个图元的 X 都贴到最左那条边（控件上的命令真的落到了模型上）  →  30、30、30
  [√通过] 点「（未分层）」：命令真的落到模型上，归属退回 Guid.Empty（「取消分层」是个说得出口的操作）  →  00000000-0000-0000-0000-000000000000
  [√通过] 点具名图层：归属又写回去，写的是那个图层对象而不是同名新层  →  a807b7e0-800c-4632-9283-474c5f8b0caa
  [√通过] 菜单的模板真的挂上了：卡片底色 #FFFAFAFA 被刷出来（说明手工注入的样式字典生效，不是一摞裸控件）  →  182×122
        （渲染证据：E:\VM\VisionMaster-W-master\ScadaChecks\bin\Debug\net9.0-windows\artifacts\scada-element-context-menu.png）
        （渲染证据：E:\VM\VisionMaster-W-master\ScadaChecks\bin\Debug\net9.0-windows\artifacts\scada-element-context-menu-layer.png）
        （渲染证据：E:\VM\VisionMaster-W-master\ScadaChecks\bin\Debug\net9.0-windows\artifacts\scada-element-context-menu-zorder.png）
        （渲染证据：E:\VM\VisionMaster-W-master\ScadaChecks\bin\Debug\net9.0-windows\artifacts\scada-element-context-menu-align.png）
  [√通过] 未绑的行上，✕ 被实例化出来时就是禁用的（清除入口不该对没绑的行亮着）  →  IsEnabled=False / 已绑=False
  [√通过] 绑上之后同一颗 ✕ 自己翻成可用（不抛 CanExecuteChanged 就停在初值禁用上，真机实锤）  →  IsEnabled=True / 已绑=True / Speed2

---- [V] 图层/画面管理：Try* 家族判定 + 画布可见性契约 ----
  [√通过] 新建画面自带一个默认图层（AddPage 里先建层再进集合：订阅者不会看见半成品画面）  →  层数 1
  [√通过] 自动命名取未占用的最小序号，显式名两端去空白  →  图层_1、图层_2、设备层、图层_3
  [√通过] 空图层允许删除，腾出的序号会被下一次自动命名复用（名字不是身份，不复用才不会撞 Id）
  [√通过] 改名只认本画面的图层：拿着别人画面的图层引用改不动  →  图层不存在，无法改名
  [√通过] 纯空白名拒绝（Trim 之后长度为 0 也算空，不留一个看不见名字的行）  →  图层名不能为空
  [√通过] 原名改回来是幂等空操作：放行且不刷 Version（不刷就不该把方案标脏）  →  Version 6 → 6
  [√通过] 重名拒绝且忽略大小写（按名找图层只有一份解析口径，重名会解析到谁全看列表次序）  →  已存在同名图层 [设备层]，请更换名称
  [√通过] 只改大小写不算重名（查重必须排除自身，否则这种改名永远改不动）
  [√通过] 最后一个图层删不掉（画面没有图层时新图元无处可归，运行态也没有落点）  →  画面至少需要保留一个图层，无法删除最后一个图层
  [√通过] CanRemoveLayer 与 TryRemoveLayer 同口径（按钮提前置灰的条件必须就是真删会被拒的条件）  →  两个判定不一致
  [√通过] 非空图层拒绝删除，并把还剩几个图元如实带回（图元是用户资产，不能跟着图层悄悄消失）  →  图层 [临时] 上还有 1 个图元，请先删除或移走它们
  [√通过] 被拒的图层原封不动还在原位  →  2
  [√通过] 图元移走后空图层就能删
  [√通过] 删图层只删图层：图元还在画面上，只是归到了接它的那一层  →  画面 1 个 / 默认层 1 个
  [√通过] 指向已删除图层的悬空归属按未分层处理：照样可见可编辑（因为找不到层就把图元藏起来，是用户看不见的坑）  →  5b3030e1f730498fbd4b2c7eb0897d94
  [√通过] 图层排序：空图层直接拒  →  图层不存在，无法调整次序
  [√通过] 图层排序：别人画面的图层拒绝（挪了在本画面列表里也看不见，只会让人以为功能坏了）  →  图层不属于本画面，无法调整次序
  [√通过] 原地放置算空操作：放行且不刷 Version  →  Version 6 → 6
  [√通过] 越界下标按两端夹取（拖到列表末尾之外是常见手势，不该报错）  →  丙层、图层_1、甲层、乙层
  [√通过] 调次序只动图层列表，不动任何图元的 ZIndex（叠放只有一个来源：ZIndex）  →  一号:3、二号:1
  [√通过] 改归属：图元不属于本画面时拒绝  →  图元不属于本画面，无法调整图层
  [√通过] 改归属：目标图层不属于本画面时拒绝（否则图元会掉进本画面里根本看不见的层）  →  目标图层不属于本画面，无法调整图层
  [√通过] 目标传 null = 取消分层归属（LayerId 归零，与未分层同一口径）
  [√通过] 改归属就是把 LayerId 换个值，图元不摘集合、不重建、ZIndex 不动
  [√通过] 图层没做任何限制时层上图元可见可编辑
  [√通过] 图层锁定只锁编辑，不挡显示
  [√通过] 未分层的图元不受图层锁定牵连（Guid.Empty 不是某个层，不能顺手把它锁了）
  [√通过] 图层隐藏只挡显示，不锁编辑（隐藏是投影开关，不是权限）
  [√通过] 图层锁定与图元锁定是或关系：任一条命中就不可编辑
  [√通过] 图元自身锁定后，图层开着也照样不可编辑（两层锁互不覆盖，各说各的）
  [√通过] 空引用一律判否且不抛异常（视图侧可以直接喂还没解析出来的结果）
  [√通过] 图层改可见 → 画面 Version 动  →  2 → 3
  [√通过] 图层改锁定 → 画面 Version 动  →  3 → 4
  [√通过] 图层改名 → 画面 Version 动（名字落盘）  →  4 → 5
  [√通过] 加图层 → 画面 Version 动  →  5 → 6
  [√通过] 调图层次序 → 画面 Version 动（次序也落盘）  →  6 → 7
  [√通过] 删图层 → 画面 Version 动  →  7 → 8
  [√通过] 整表清空 → 画面 Version 动  →  8 → 9
  [√通过] 清空后旧图层的变更不再刷 Version（Reset 走登记表全量摘挂：漏摘一条就是画面对一份没人用的旧数据白响应，还顺手把方案标脏）  →  Version 9 → 9，幽灵 2 个
  [√通过] 整个换掉图层集合后 DefaultLayer 指向新集合的第一项  →  换上来
  [√通过] 换集合时旧集合的订阅摘掉了（旧集合再变更不该驱动画面）  →  9 → 9
  [√通过] 换上的新集合确实被订阅了（setter 里不挂这一条，反序列化进来的图层开关就永远标不脏）  →  9 → 10
  [√通过] 叠放：图元不属于本画面时拒绝（文案与改归属同款口径，界面直接照抄）  →  图元不属于本画面，无法调整叠放次序
  [√通过] 叠放：null 图元拒绝且不抛（视图侧可以直接喂还没解析出来的结果）  →  图元不属于本画面，无法调整叠放次序
  [√通过] ZIndex 整片重复时按集合次序认先后，一个数字都不改（不动就不该算一次变更）  →  甲:0、乙:0、丙:0
  [√通过] 置顶：挪到所有图元之上，并把全画面重编号成 1..N（用户不必心算数字，只表达『我要它在最上面』）  →   / 乙:1、丙:2、甲:3
  [√通过] 已在最上层时再置顶 / 上移都是空操作：放行且不刷 Version（不然每点一下都把方案标脏一次）  →  Version 7 → 7
  [√通过] 下移一层：与紧挨着它下面的那个图元换位，且 Version 动（真挪动才标脏）  →   / 乙:1、甲:2、丙:3
  [√通过] 置底：挪到所有图元之下  →  甲:1、乙:2、丙:3
  [√通过] 已在最下层时置底 / 下移都是空操作  →  Version 11 → 11
  [√通过] 不认识的叠放取值按原地不动处理（坏在一个枚举上不该让整张画面炸掉）  →  Version 11 → 11
  [√通过] 调叠放只改 ZIndex：图元集合的次序与实例都不动（集合次序是身份，ZIndex 才是叠放）
  [√通过] 叠放是画面级的：跨图层的图元一起重编号，图层归属一点不动（谁盖住谁只看 ZIndex）  →  甲:1、乙:2、丙:3、丁:4
  [√通过] 画面上只有一个图元时四个方向都是空操作（不刷 Version，也不把 7 改写成 1）  →  Version 1 → 1，ZIndex 7
  [√通过] 画面自动命名 画面_1 / 画面_2，显式名两端去空白  →  画面_1 / 报警画面
  [√通过] 每个新建画面都自带一个图层（新画布上放图元得有个默认落点）  →  画面_1:1、报警画面:1
  [√通过] 删掉的画面腾出的序号会被下一次自动命名复用
  [√通过] 画面删除：null 与别的方案里的画面一律拒（不能拿对象引用当通行证）  →  画面不存在，无法删除画面不存在，无法删除
  [√通过] 最后一个画面删不掉（运行态没有画面就没东西可显示，主窗体会停在空白上）  →  方案至少需要保留一个画面，无法删除最后一个画面
  [√通过] 带图元的画面照删：模型只守"还剩一个"这条底线（界面侧务必弹确认框——工程上没有撤销）
  [√通过] 画面改名：纯空白拒、不认识的画面拒  →  画面名不能为空画面不存在，无法改名
  [√通过] 画面改名：原名改回来是空操作（放行且不刷画面自己的 Version）  →  Version 1 → 1
  [√通过] 画面改名：忽略大小写查重（按名跳转只有一份解析口径，重名会解析到谁全看标签页次序）  →  已存在同名画面 [画面_1]，请更换名称
  [√通过] 画面改名：只改大小写放行，且按名查找忽略大小写命中同一个画面
  [√通过] 画面排序：null 拒、别人方案里的画面拒（两种"不认识"分开措辞）  →  画面不存在，无法调整次序画面不属于本方案，无法调整次序
  [√通过] 画面排序：原地放置放行
  [√通过] 画面排序：越界下标夹到端点（拖到标签页末尾之外是常见手势）  →  第三个、ALARM、画面_1
  [√通过] 画面次序就是标签页次序：Move 之后按下标取得到那个画面  →  第三个
  [√通过] 隐藏图层不摘控件：元素层永远是数据集合的全量同步视图  →  渲染 4 / 数据 4
  [√通过] 隐藏层上的图元当场就是 Collapsed（用 Collapsed 不用 Hidden：Hidden 仍占位仍吃命中，比不隐藏更糟）
  [√通过] 可见层上的图元、以及归属悬空的图元照常显示（找不到图层 = 未分层 = 不受约束）
  [√通过] 未知类型的占位框也听图层的话（不跟着收，隐藏层上会留下一块谁也不认识的灰框）  →  Border
  [√通过] 锁定不是隐藏：图层锁定不改变任何容器的可见性（外观上锁与不锁一眼看不出，但绝不该把东西藏了）
  [√通过] 可见层上的图元能正常选中
  [√通过] 图层一开图元立刻回来，而且控件实例还是原来那个（走重建的话万级图元是一次几百毫秒白等）
  [√通过] 选中项所在的图层一关就顺手取消选中：没有撤销，看不见却能被 Delete 的选中项是找不回来的坑  →  null
  [√通过] 关的是别的图层，选中不受牵连（不该把与本次操作无关的选中态一起清了）  →  在可见层
  [√通过] 往正被隐藏的图层上新建图元：容器一造出来就是 Collapsed（不是先闪一下再收）  →  5
  [√通过] 图层整表清空后图元按未分层处理：全部显示（找不到判定依据时宁可多显示）  →  4
  [√通过] 清空后旧图层的开关再也驱动不了画布（Reset 按登记表全量摘挂；漏摘就是画布被一份不属于它的数据钉住）
  [√通过] 没给画面上下文时图层规则完全不参与：一律显示（纯控件库用法不会凭空藏东西）  →  Visible
  [√通过] 画面上下文后补上（宿主绑的 SelectedPage 从 null 变成有值）：立刻按图层重算一遍  →  Collapsed
  [√通过] 换画面时容器整体跟着数据走：前一个画面的控件不残留在新画面上  →  1
  [√通过] 画面换人后旧画面的图层开关不再影响新画面（旧订阅在 Page 换人时摘掉了）
  [√通过] 控件没有被画布托管时一律显示（没注入判定 = 不掺和图层规则，控件库能单独用）  →  Visible
  [√通过] 注入判定后控件自己折叠：可见性口径只有一份，画布给什么控件就照办  →  Collapsed
  [√通过] 判定说该显示就恢复显示（两条边都走通，翻图层不会留下收不回去的控件）  →  Visible
  [√通过] 模型摘掉后按可见兜底（没得判就显示，绝不凭空少一块东西）  →  Visible
  [√通过] 选中集合的默认值是空数组而不是 null（消费侧每一处都免判空）  →  0
  [√通过] 只写主选中（不在集合里）→ 集合归一成单元素，主选中与集合立刻自洽  →  集合 1 个 / 主选中=乙
  [√通过] 主选中落在集合里：集合原样不动（多选下右键点组内某一个不该把整批打散）  →  甲、乙
  [√通过] 主选中置 null：集合跟着清空（留半截集合会让「点了空白处删除键仍可用」）  →  集合 0 个
  [√通过] 直接写集合：画布不替宿主改主选中（不变式由写入方维持，画布只读这个属性）  →  集合 2 个 / 主选中=null
  [√通过] 集合成员被删：从选中里剔掉，主选中跟着落到幸存者首项（不留指向空气的选中框）  →  集合 1 个 / 主选中=乙
  [√通过] 选中项所在图层被隐藏：照样从选中里剔掉（与「成员被删」是两条独立入口，都得收口）  →  集合 1 个 / 主选中=乙

---- [W] 运行态会话：起步画面 + Loaded 触发条件 + Start/Stop 幂等 ----
  [√通过] 空方案 Start 返回 false 且不抛（一页都没有，弹个空白全屏窗口比不弹更让人慌）
  [√通过] 没 Start 过也能直接 Stop（关窗口/切方案/关编辑器三条路都会调，不该互相甩异常）
  [√通过] Start 显示的是指定的启动画面，不是列表第一页（用户指定过就得听他的）  →  报警总览
  [√通过] 会话持有的就是那份内存文档（用户刚改完点运行，看到的必须是他刚改的东西）
  [√通过] PageLoaded 是无条件的事实事件：没配事件的画面照样通知一次（S5 起闸门挪到钩子那侧）  →  1 次
  [√通过] 但没配钩子的画面跑不出动作：RaisePageEvent 命中 0 条——判定的活全在会话里
  [√通过] 启动画面：Start 之后恰好收到一次通知（多了就是重复加载，少了就是漏）  →  1 次
  [√通过] 事件回调里读 CurrentPage 已经是这一页（顺序反了宿主就会记错页名）
  [√通过] 宿主上报 Loaded：命中一条，带回来的就是画面上那条钩子（分发器只认钩子，不认画面）  →  1 条
  [√通过] 事件与钩子对不上就不命中：Loaded 不许顺手把别的钩子一起跑掉  →  1 条
  [√通过] 报上来的不是当前页：不命中（切页途中旧页对象还活着，旧页的动作不许跑）  →  1 条
  [√通过] 连点第二次运行不会重新加载：「Loaded 只触发一次」这条承诺才算数  →  1 次
  [√通过] Stop 复位会话：不再运行，也不残留当前页（残留会让下次 Stop 误判）
  [√通过] Stop 之后页面对象虽还捏在手里，动作也不许再跑一遍：第一道闸门先把关  →  1 条
  [√通过] 重复 Stop 是空操作（关窗与切方案同时到达不会炸）
  [√通过] Stop 后再 Start：同一会话复用而不是新建，Loaded 会重新触发一次  →  2 次
  [√通过] 启动画面删除后自动回落到第一页：运行的是首页而不是那个已经不存在的页  →  首页
  [√通过] 回落后照样收到一次通知：PageLoaded 不认配没配事件  →  1 次
  [√通过] 但回落到的首页没配钩子，一条动作都跑不出来：勾选跟着画面走，不跟着位置走
  [√通过] 文档传 null 直接抛 ArgumentNullException（没文档的会话是空转，别让它活着）
  [√通过] 没有运行宿主时入口置灰（与其点了没反应，不如压根不让点）
  [√通过] 有宿主但方案一页都没有：入口仍然灰（弹一个空白全屏窗口比不弹更让人慌）  →  0 页
  [√通过] 新建画面之后入口立刻变亮——少了这次 raise 就是今晚那个置灰 bug
  [√通过] 再建一页入口保持可用（刷新点被走第二遍不会把状态刷回 false）
  [√通过] 切到空方案之后入口灰回去（换方案这条路也要刷，它和新建画面不是同一个入口）  →  0 页
  [√通过] 入口的可用性判定没有副作用：置灰期间一次运行都没被启动过  →  0 次
  [√通过] 切回原方案入口重新变亮（换方案两条路都要刷：灰得过去，也要亮得回来）  →  2 页
  [√通过] 点运行交出去的是内存里当前这份文档，不是磁盘上那份（刚改完点运行就该看见刚改的）  →  启动 1 次，文档 2 页
  [√通过] 会话就是那个切页出口：分发器只认领域层的接口，不认具体的会话类型  →  ScadaRuntime
  [√通过] 起步：当前页是启动画面、页栈空（刚进来没地方可回退）  →  A 主页 / 栈 0
  [√通过] 切到 B 页：返回 true、当前页换过去、旧页压进栈（回退按钮从此有得点）  →  B 列表 / 栈 1
  [√通过] 换页顺序是「旧页 Unloaded → 新页 Loaded」：两条钩子写同一个变量时，顺序反了最终值就是错的  →  U:A 主页|L:B 列表
  [√通过] 目标画面本来就是当前页：返回 true（意图达成）但一条事件都不发、栈也不动  →  事件 0 条 / 栈 1
  [√通过] 按名字切页忽略大小写（画面改过名之后，动作里存的名字未必与现在一模一样）  →  C 详情
  [√通过] 目标画面找不到：返回 false 且原因照实说，当前页与页栈一动不动、一条事件都不发  →  方案里没有叫「不存在的画面」的画面
  [√通过] Id 优先于名字：Id 命中就直接切过去，名字是过期的不影响  →  B 列表
  [√通过] GoBack 回到刚离开的那一页（栈顶就是它）  →  C 详情
  [√通过] GoBack 第二次继续往下回退，栈随之变浅  →  B 列表 / 栈 1
  [√通过] 回退到底：当前页回到起步页，栈空且 CanGoBack 变 false（回退按钮该跟着置灰）  →  A 主页 / 栈 0
  [√通过] 栈空再点回退：返回 false 而不是抛异常（按钮点多了不该炸）
  [√通过] 页栈有上限：来回跳 80 次之后只留最近 32 层（这是唯一会随操作时长增长的集合）  →  栈 32
  [√通过] Stop 补发当前页的 Unloaded：用户配在卸载事件上的收尾动作不会被静默丢掉  →  U:B 列表
  [√通过] Stop 之后页栈清空（下次运行是干净的一轮，不带着上一轮的回退历史）  →  栈 0
  [√通过] 运行结束后的迟到切页：返回 false 且原因是「运行已经结束」，当前页保持为空  →  运行已经结束
  [√通过] 切页出口没挂会话时安静返回 false 而不是空引用（关窗口的收尾会与迟到的动作撞上）  →  运行已经结束
  [√通过] 出口挂上会话后：切页转发到会话，当前页真的换过去（分发器与运行态之间就这一根线头）  →  B 列表 / null
  [√通过] 会话报的失败原因原样透传（出口只转交，不另立一套措辞）  →  方案里没有叫「不存在的画面」的画面
  [√通过] 摘掉会话后立刻回到「运行已经结束」：关窗口的收尾与迟到的动作撞上也不出事  →  运行已经结束

---- [X] 画布渲染：尺寸不被夹取 + 取景不被推离视口 + 位图像素采样 ----
  [√通过] 视口远小于画面时，PART_Surface 仍是整幅画面的尺寸（显式宽高没被视口约束夹成取景框）  →  1920×1080，应为 1920×1080
  [√通过] 画面比视口大时取景贴左上（负 Offset 会把图元整体推出视口）  →  Offset=(0,0)，画面 1920×1080 配视口 800×600
  [√通过] 1:1 取景后左上区图元落在视口内（打开画面第一眼就该看得见图元）  →  按钮左上角视口坐标=(180,110)，视口 800×600
  [√通过] 首次布局（真机编辑区尺寸）后取景贴左上，不把图元推出视口  →  Offset=(0,0)，编辑区 1024×778，画面 1920×1080
  [√通过] 首次布局后左上区图元落在真机编辑区内（打开组态面板第一眼就该看得见按钮）  →  按钮左上角视口坐标=(180,110)，编辑区 1024×778
  [√通过] 画面右下角仍是画面底色（底色铺满整幅，没被布局槽裁成一小块）  →  #FF1E1E1E
  [√通过] 视口里画面外的灰边是画布底色 #FF141414（与画面底色差一档，边界一眼分得清）  →  #FF141414
  [√通过] 椭圆中心被真的画上（白填充压深底，差一个像素都不算过）  →  #FFFFFFFF
  [√通过] 矩形中心被真的画上  →  #FFFFFFFF
  [√通过] 按钮填充区被真的画上（品牌蓝，与白底矩形、深底画面都拉得开）  →  #FF2663A3
  [√通过] 空文本图元照样有布局尺寸（"看不见"与"没摆上去"是两回事，分开钉）  →  120×24
  [√通过] 棒图：已填充那一段被真的画上（品牌蓝，与空槽灰、深底都拉得开）  →  #FF2D7DD2
  [√通过] 棒图：未填充那一段仍是空槽色（填充块没把整条铺满，比例才看得出来）  →  #FF3A3A3A
  [√通过] 多态灯：报警态的灯体被真的画上（红灯压深底，操作员扫一眼先认颜色）  →  #FFE03A2B
  [√通过] 数值域：框内底色被真的画上（白底压深底，一列数值域在深色画面上才立得住）  →  #FFFFFFFF
  [√通过] 时钟图元照样有布局尺寸（时间串在断言环境里不跳，"看不见"与"没摆上去"要分开钉）  →  180×28
  [√通过] 表盘：盘底色被真的画上（指针与刻度都算在代码里，盘面本身也得看得见）  →  #FF3A3A3A
  [√通过] 阀门：已开启那半边被真的画上（中间位蓝，与空腔灰、深底都拉得开）  →  #FF2F80ED
  [√通过] 阀门：未开启那半边仍是空腔色（填充没把整个阀体铺满，开度才看得出来）  →  #FF3A3A3A
  [√通过] 泵：运行态叶轮被真的画上（绿，压着泵壳空腔灰与画面深底）  →  #FF34C759
  [√通过] 泵：泵壳空腔仍是空腔色（叶轮没把泵壳铺满，一眼看得出转的是叶轮）  →  #FF3A3A3A
  [√通过] 电机：运行态 M 被真的画上（绿，压在机身灰上——深底上一眼认出是台在转的电机）  →  #FF34C759
  [√通过] 电机：机身空腔仍是空腔色（M 只占中间一竖条，机身没被铺满）  →  #FF3A3A3A
  [√通过] 管道：运行态箭头被真的画上（绿，压在管身灰上——流向与运行态一个图元里全给）  →  #FF34C759
  [√通过] 管道：箭头之间仍是管身色（箭头没把整根管子铺满，一眼数得出几个流向标记）  →  #FF3A3A3A
        （渲染证据：E:\VM\VisionMaster-W-master\ScadaChecks\bin\Debug\net9.0-windows\artifacts\scada-canvas-render.png）

---- [Y] 事件钩子与动作分发：执行次序 + 未接入动作的措辞 + 脏标记 ----
  [√通过] 三条动作出三行，且次序就是集合次序：日志本身就是执行流水  →  I [组态事件] 未登录 · 启动按钮 · 按下 → 记一条 ⏎ I [组态事件] 未登录 · 启动按钮 · 按下 → 写变量 启动 := 1 ⏎ I [组态事件] 未登录 · 启动按钮 · 按下 → 再记一条
  [√通过] 「记录日志」这条真执行了  →  I [组态事件] 未登录 · 启动按钮 · 按下 → 记一条
  [√通过] 「写变量」这条也真执行了（S6-6 已接通）：值按变量类型现转后写进变量，日志留一行成功  →  I [组态事件] 未登录 · 启动按钮 · 按下 → 写变量 启动 := 1 / 变量值 1
  [√通过] 中间那条不再「等版本」，后面的动作照跑（一条不成不中断一串：接口契约②）  →  I [组态事件] 未登录 · 启动按钮 · 按下 → 再记一条
  [√通过] 署名跟着操作者走，且排在最前：现场翻日志是「先看谁干的、再看干了什么」  →  I [组态事件] 张三 · 配方按钮 · 按下 → 改配方
  [√通过] 署名取不到（null/空白）时落「未登录」，不留空白：空着的那一段在日志里读不出任何信息  →  I [组态事件] 未登录 · 配方按钮 · 按下 → 改配方
  [√通过] 署名是**每一行**都带的（不是只写开头那行）：写变量那条同样能查出是谁写的  →  I [组态事件] 李四 · 启动按钮 · 按下 → 写变量 启动 := 1
  [√通过] ①没选变量：Warn 一句「还没选变量」，不拿「写变量（未选变量）」再重复一遍  →  W [组态事件] 未登录 · 按钮 · 按下 → 写变量：还没选变量，本条未执行
  [√通过] ②找不到变量（改名/删了）：Warn 把变量名带出来，用户才知道去变量管理里对哪个名字  →  W [组态事件] 未登录 · 按钮 · 按下 → 写变量 已改名的变量 := 1：找不到变量「已改名的变量」，本条未执行
  [√通过] ③值转不过去（"abc" 写不进 int）：Error，且原因由转换器出（带目标类型名，可直接照做）  →  E [组态事件] 未登录 · 按钮 · 按下 → 写变量 启动 := abc：「abc」无法转换为 Int32：The input string 'abc' was not in a correct format.
  [√通过] ④写不进（设备侧的事）：Error 且把变量自己给的原因原样带上来，不包一层「写入失败」把它盖掉  →  E [组态事件] 未登录 · 按钮 · 按下 → 写变量 离线设备状态 := 1：写入失败：设备未连接
  [√通过] 切画面①没选画面：Warn 一句「还没选画面」，且根本不去问导航出口（配置漏了不该惊动运行态）  →  W [组态事件] 未登录 · 按钮 · 按下 → 切换画面：还没选画面，本条未执行
  [√通过] 切画面②目标画面找不到（改名/删了）：Warn 带动作原文 + 出口给的原因，本条未执行  →  W [组态事件] 未登录 · 按钮 · 按下 → 切换画面 → 已删掉的画面：方案里没有叫「已删掉的画面」的画面，本条未执行
  [√通过] 切画面③切成功：Info 一行「切换画面 → 参数页」，Id 与名字原样交给出口（寻址口径归它一处说了算）  →  I [组态事件] 未登录 · 按钮 · 按下 → 切换画面 → 参数页
  [√通过] 钩子为 null、动作表为空：一行都不留（「没配动作」由空集合表达，不是错误）
  [√通过] 日志内容留空 → 文案回落成「对象 · 事件」：新建一条动作当场就能用，不必先逼用户填话  →  I [组态事件] 未登录 · 未命名对象 · 加载完成
  [√通过] 动作串里混进 null（手工改坏的 .vms 反序列化会原样塞进来）：跳过它，别把整串废掉  →  I [组态事件] 未登录 · 按钮 · 释放 → 坏数据后面这条
  [√通过] 高版本存下的动作类型读进本版本：警告一句、不抛、不执行（枚举按数值反序列化，本就不校验取值）  →  W [组态事件] 未登录 · 按钮 · 按下 → 未知动作(99)：本版本不认识该动作，本条未执行
  [√通过] 动作内部抛异常绝不冒到调用方（调用点在 UI 线程的鼠标链上，抛出=操作员点一下就崩）
  [√通过] 炸掉的那条就地留一行 Error（带动作原文），前后两条照跑——三行齐，不是两行也不是三行成功  →  I [组态事件] 未登录 · 急停按钮 · 按下 → 第一条 ⏎ E [组态事件] 未登录 · 急停按钮 · 按下 → 记录日志「第二条」 执行失败：日志落地失败 ⏎ I [组态事件] 未登录 · 急停按钮 · 按下 → 第三条
  [√通过] 没在运行就不执行动作：RaiseElementEvent 命中 0 条（设计期点按钮不该有反应，这条靠闸门而不是靠不接线）  →  0 条
  [√通过] 运行中按下：命中一条，回来的图元与钩子都是模型本身（分发器不需要再去找谁出的事）  →  1 条
  [√通过] 事件对不上不命中：Pressed 的钩子不许被 Released 顺手跑掉  →  1 条
  [√通过] 钩子配了但动作表为空 = 没配：第三道闸门拦住，一行都不广播  →  1 条
  [√通过] 不在当前画面上的图元不命中：切页途中旧页控件还没拆干净，旧页的动作不许跑  →  1 条
  [√通过] 图元传 null 直接收手（画布上被删掉的图元仍可能有一记鼠标抬起到达）  →  1 条
  [√通过] 同一事件两条钩子：按集合次序各命中一次（口径见 ScadaEventHook 类注释）  →  3 条
  [√通过] Stop 之后再报：一条都不跑（画面已经关了，动作还在写日志就是幽灵）  →  3 条
  [√通过] 投影字段读的是钩子表：一条钩子都没配时就是没勾
  [√通过] 勾上「加载事件」会长出一条带默认动作的钩子（空动作表在执行侧等同没配，不补就是「勾了却什么都没发生」）
  [√通过] 勾选把画面标脏（Version 变大，编辑器才知道要提示保存）  →  0 → 2
  [√通过] 重复勾一次不加钩子、也不空转版本号（否则点开面板再关掉就成了「有改动」）  →  1 条 / 2
  [√通过] 往钩子里加一条动作同样标脏：动作是画面数据的一部分，漏了它保存就会被悄悄吞掉  →  2 → 3
  [√通过] 取消勾选整条摘掉（连它下面的动作一起），画面重新变脏  →  0 条
  [√通过] 本来就没配时再取消一次不刷版本号（RemoveEventHook 用返回值区分「删了」与「没得删」）  →  4 → 4
  [√通过] Actions.Clear() 之后改那条已被移走的动作：画面不再变脏（订阅真摘干净了，没泄漏）  →  7 → 7
  [√通过] 画面钩子里的动作也吃改名级联：按 Id 命中后换名并回填 Id（漏了它，改个名动作就指向不存在的变量）  →  1 处 / 名字=新名
  [√通过] 图元描述符只声明当前真能触发的事件（Pressed/Released）：清单里不许有发不出来的事件

---- [Z] 运行态数据泵：变量值变化 → 图元属性变化 ----
  [√通过] 画布渲染出了全部 10 个图元控件（建表的前提：控件要到布局阶段才被造出来，所以必须在首帧之后建表）  →  10 个
  [√通过] 渲染后设计几何已落地（Canvas.Left = 模型 X，后面的「回到设计值」才有参照物）  →  40 vs 40
  [√通过] 建表计数：命中 7 条（含同变量的两条、几何键一条），未命中 2 条（变量没找到 / 属性不认识）  →  命中 7 / 未命中 2
  [√通过] 停用的绑定与属性不认识的绑定连解析都不做（前者在判定之前就返回，后者在查表阶段就回头）  →  解析了 8 次
  [√通过] 按变量订阅一次：10 条绑定只换来 6 个变量订阅；同一变量被两条绑定指着也只挂一个 handler  →  订阅 6 / 温度 1 / 同名(按名字那个) 0
  [√通过] 建表完立刻刷一遍当前值：操作员打开画面看到的是此刻的真实状态，不必等下一次变化  →  按格式串「23.46」/ 无格式「23.456」
  [√通过] 旧数据（Id 为空）按名字兜底命中：Id 落地之前存下的方案照样跑得起来  →  「旧数据」
  [√通过] 变量变值 → 图元属性跟着变（同一个变量的两条绑定一起刷新）  →  「88.89」/「88.888」
  [√通过] PLC 给整数 1 → 指示灯点亮（bool 目标认 1/0，不必让下位机改数据类型）  →  IsOn=True
  [√通过] 给 0 → 熄灭（非零算真这条规则两个方向都要对）  →  IsOn=False
  [√通过] 几何键 $X 落到控件自身的 Canvas.Left（与设计期同一处落点，数据泵不认识几何语义）  →  500
  [√通过] Id 优先：同名变量里按名字那个改了值，本绑定纹丝不动（口径写反就会串值，且看不出哪里错了）  →  「按Id」
  [√通过] 而 Id 那个一改就动（权威键是 Id，名字只是给人看的展示串）  →  「按Id改了」
  [√通过] 三条坏绑定各自打点：变量没找到（橙）+ 属性不认识（橙）+ 值转不过去（红）  →  3 个角标
  [√通过] 诊断同时进日志，级别分得清「配置没配好」（警告）与「数据用不了」（错误）  →  Warning 画面「运行画面」图元「变量没找到」：变量「查无此变量」没有找到，这条绑定不会刷新 ⏎ Warning 画面「运行画面」图元「属性不认识」：属性「不存在的属性」不在 Hmi.Text 的属性表里，这条绑定不会生效 ⏎ Error 画面「运行画面」图元「坏值指示」的属性「点亮」：变量「坏值」文本「不是布尔」不是可识别的布尔值（True/False、1/0、是/否、On/Off）
  [√通过] 坏值转好了：属性写进去、角标自动撤掉，且只撤自己那一个（别处的提示不许被一起抹掉）  →  IsOn=True / 2 个角标
  [√通过] 停用的绑定即使变量变了也不刷新、也不打点（配置保留、运行跳过）  →  「文本」/ 2 个角标
  [√通过] Stop 把订阅全退掉（不退就是泄漏：变量注册表是长生命周期对象，它拿着整棵控件树）  →  订阅 0 / 温度 0 / 位置 0
  [√通过] Stop 把计数与角标一起归零（留一个都会让下一次运行的日志说谎）  →  命中 0 / 未命中 0 / 角标 0
  [√通过] Stop 后控件回到设计值：运行值只活在控件上，重刷一遍模型就自己盖掉了（不需要任何恢复现场的备份表）  →  「设计文本」/ Left=40 / IsOn=False
  [√通过] 重新 Start 能再次建表（幂等而非一次性），值也跟着回来  →  命中 7 / 订阅 6 / 「88.89」
  [√通过] 重复 Stop 不出事、也不把设计值再动一次（关窗口路径重复走一遍要安全）  →  「设计文本」/ 订阅 0

---- [AA] 组态变量选择弹窗：工作区变量 → 可见清单 ----
  [√通过] 打开弹窗后清单可见（全量投影进 Variables）  →  Variables=2 / EmptyHint=「」
  [√通过] 有变量时不显示空态提示  →  EmptyHint=「」
  [√通过] HasVariables 与清单同步为真  →  HasVariables=True
  [√通过] 没配过变量时不预选（免得随手一个回车就把动作绑到清单第一条）  →  选中=「」
  [√通过] 关键字过滤生效（名 / 类型 / 来源 / 说明任一命中）  →  命中 1 条
  [√通过] 已配过变量时按 Id 预选回那一条（确认键随即可用）  →  选中=「PLC_Ready」
  [√通过] 工作区真的为空时才提示「还没有变量」  →  EmptyHint=「当前方案里还没有变量。请先在「全局变量」里创建，再回来配置这条动作。」
  [√通过] 每一行都挂着 GridViewRowPresenter（GridView 的列渲染器；被换成 ContentPresenter 就会退化成类型全名）  →  列渲染器 2 个 / 数据 2 条
  [√通过] 五列的列头都排出来了（变量名/类型/来源/当前值/说明）  →  变量名/类型/来源/当前值/说明
  [√通过] 列头文字与第一行单元格文字逐列左对齐（表头压在数据上是最显眼的排版事故）  →  列头 46/216/356/436/541 vs 行 46/216/356/436/541
  [√通过] 整棵树里没有任何一处渲染出类型全名（就是真机截图上的那行字）  →  （没有）
  [√通过] 每一行的数据都按列摊开了：变量名 / 类型 / 来源 / 当前值 / 说明五列各自有值  →  选择变量 | 按变量名 / 类型 / 来源筛选 | 说明 | 当前值 | 来源 | 类型 | 变量名 | TotalCount | 整数 (Int) | 本地 | 1500 | 累计生产总数 | PLC_Ready | 布尔 (Bool) | PLC1 | True | * 确认后按变量身份（Id）记录，之后改名不会让这条动作断链。 | 取消 | 确定
  [√通过] 五列宽度之和塞得进内容区（扣掉竖滚动条与行左右留白后仍有余量，说明最后一列不会被硬裁）  →  列宽和 645px + 滚动条 17px + 行留白 20px vs 内容区 688px
  [√通过] 每个单元格正文都带省略号修剪 + 悬停全值提示（超长内容不再被硬裁）  →  10 个单元格正文（期望 ≥ 10），未修剪 0 个，无提示 0 个
  [√通过] 横向滚动条关掉（这种清单里它只会帮倒忙：列被推出视野，用户还得左右拖）
  [√通过] 弹窗整体渲染成图：列头底色 #F5F7FA 与选中行底色 #ECF5FF 都真的刷在画面上
        （渲染证据：E:\VM\VisionMaster-W-master\ScadaChecks\bin\Debug\net9.0-windows\artifacts\scada-variable-picker.png）

---- [AC] 组态画面选择弹窗：当前方案画面 → 可见清单 ----
  [√通过] 打开弹窗后清单可见（全量投影进 Pages，不靠 setter 副作用）  →  Pages=3 / EmptyHint=「」
  [√通过] 有画面时不显示空态提示  →  EmptyHint=「」
  [√通过] 没配过画面时不预选（免得随手一个回车就把动作切到清单第一页）  →  选中=「」
  [√通过] 「起点」徽标只落在 ResolveStartupPage 选中的那一页（其余行为空串）  →  A 主页、B 列表[起点]、C 详情
  [√通过] 行上的尺寸/图元数来自画面模型本身（切过去一片空白的画面最容易被当成没生效）  →  1920 × 1080 / 0
  [√通过] 关键字过滤生效（名 / 尺寸 / 说明任一命中）  →  命中 1 条
  [√通过] 已配过画面时按 Id 预选回那一页（确认键随即可用）  →  选中=「C 详情」
  [√通过] Id 缺失时按名字兜底预选，且大小写不敏感（旧数据只有名字）  →  选中=「C 详情」
  [√通过] 确认回传 (画面 Id, 画面名)：Id 是权威锚点，改名不会让这条动作断链  →  OK / B 列表
  [√通过] 方案里真的没有画面时才提示「还没有画面」  →  EmptyHint=「当前方案里还没有画面。请先在组态编辑器里新建画面，再回来配置这条动作。」
  [√通过] 每一行都挂着 GridViewRowPresenter（四列的摆位全靠它；退化成 ContentPresenter 就是一行行类型全名）  →  列渲染器 3 个 / 数据 3 条
  [√通过] 四列的列头都排出来了（画面名/尺寸/图元数/说明）  →  画面名/尺寸/图元数/说明
  [√通过] 列头文字与第一行单元格文字逐列左对齐（表头压在数据上是最显眼的排版事故）  →  列头 46/266/376/466 vs 行 46/266/376/466
  [√通过] 整棵树里没有任何一处渲染出类型全名（行模板退化时屏幕上就是这行字）  →  （没有）
  [√通过] 四列各自接上了数据：画面名 / 尺寸 / 图元数 / 说明（说明列空着就说明列没接上）  →  选择画面 | 按画面名 / 尺寸筛选 | 说明 | 图元数 | 尺寸 | 画面名 | A 主页 | 1920 × 1080 | 0 | 开机默认页，总览看板 | B 列表 | 起点 | 1920 × 1080 | 0 | 产线运行总览 | C 详情 | 1920 × 1080 | 0 | 参数与实时数据 | * 确认后按画面身份（Id）记录，之后改名不会让这条动作断链。 | 取消 | 确定
  [√通过] 「起点」徽标在画面上只出现一次，且落在启动画面（B 列表）那一行  →  1 个「起点」徽标
  [√通过] 四列宽度之和塞得进内容区（扣掉竖滚动条与行左右留白后仍有余量，说明最后一列不会被硬裁）  →  列宽和 645px + 滚动条 17px + 行留白 20px vs 内容区 688px
  [√通过] 四个数据单元格正文都带省略号修剪 + 悬停全值提示（超长画面名不再被硬裁）  →  12 个单元格正文（期望 ≥ 12），未修剪 0 个，无提示 0 个
  [√通过] 横向滚动条关掉（这种清单里它只会帮倒忙：列被推出视野，用户还得左右拖）
  [√通过] 弹窗整体渲染成图：列头底色 #F5F7FA 与选中行底色 #ECF5FF 都真的刷在画面上
        （渲染证据：E:\VM\VisionMaster-W-master\ScadaChecks\bin\Debug\net9.0-windows\artifacts\scada-page-picker.png）

---- [AB] 运行窗口显示形态：配置默认值 + 独立/依附的属性组合 ----
  [√通过] 枚举成员顺序冻结（0=依附 / 1=独立）：整数值会落进 AppConfig.json，中间插成员会整体移位  →  0 / 1
  [√通过] 新建配置的默认形态是「依附主窗口」：升级不能让现场已在跑的设备变成窗口化运行  →  AttachedToMainWindow
  [√通过] 打开弹窗显示的是当前生效的形态，不是上次点过的那个  →  依附=True / 独立=False
  [√通过] 选独立后两个选项互斥（独立亮、依附灭）  →  依附=False / 独立=True
  [√通过] RadioButton 取消选中写的 false 被忽略（否则新旧选项会互相覆盖）  →  依附=False / 独立=True
  [√通过] 取消：不写盘，配置保持原值（改到一半放弃不该留痕）  →  关闭结果=Cancel / 内存配置=AttachedToMainWindow
  [√通过] 确定：关窗并返回 OK，内存配置同步成独立窗口  →  关闭结果=OK / 内存配置=IndependentWindow
  [√通过] 确定：枚举以整数落进 AppConfig.json，重新加载读回来仍是独立窗口  →  IndependentWindow
  [√通过] 再次打开：编辑态从配置现读（上一轮的编辑残留不会带进来）  →  依附=False / 独立=True
  [√通过] 落屏下拉：第一项固定是「跟随主屏」且设备名为空串（空串就是配置里的默认值）  →  跟随主屏（默认） / 「」
  [√通过] 落屏下拉：每项的设备名互不相同（重名会让 SelectedValue 永远选中第一项）  →  「」 | 「\\.\DISPLAY5」
  [√通过] 确定：目标屏写进 AppConfig.json（空串也照样写，重新加载读回来仍是空串）  →  「」
  [√通过] 确定：选中的显示器设备名原样落进 AppConfig.json，重新加载读回来还是它  →  写入「\\.\DISPLAY5」→ 读回「\\.\DISPLAY5」
  [√通过] 再次打开：下拉选中的就是配置里那台显示器（现读，不是上一轮残留）  →  选中「\\.\DISPLAY5」
  [√通过] 落屏下拉：配置里那台显示器不在线时显示「跟随主屏」（与运行时的回落结果一致）  →  「」
  [√通过] 取消：目标屏也不写盘，配置保持原值（改到一半放弃不该留痕）  →  「\\.\DISPLAY_NOT_ONLINE」
  [√通过] 刚构造的窗口是普通窗口（XAML 不再写死无边框 + 最大化）  →  WindowStyle=SingleBorderWindow / WindowState=Normal / ResizeMode=CanResize
  [√通过] 独立形态：带系统标题栏 + 可缩放 + 正常态 + 占一个任务栏项  →  WindowStyle=SingleBorderWindow / ResizeMode=CanResize / ShowInTaskbar=True
  [√通过] 独立形态：落在工作区右下角而不是屏幕中央（居中会正好压住图像区）  →  Left=1504 Top=384 / 工作区 2808×1208
  [√通过] 独立形态：尺寸按工作区收过，不会一开就铺满（并排的前提是两边都看得见）  →  1280 × 800
  [√通过] 依附形态：无边框 + 最大化 + 不占任务栏（现场运行形态，回到历史行为）  →  WindowStyle=None / ResizeMode=NoResize / ShowInTaskbar=False
  [√通过] 窗口自身不碰 Owner：归谁管是宿主的策略（独立形态一挂 Owner 就没法并排看）  →  null

---- [DS] 运行窗口落屏：DPI 换算 + 落点几何 + 显示器解析（纯函数） ----
  [√通过] DPI 换算：主屏物理宽 = WPF 认的宽 → 1.0（100% 缩放）  →  1
  [√通过] DPI 换算：物理 2880 / DIP 1920 → 1.5（150% 缩放）  →  1.5
  [√通过] DPI 换算：任一来源 <= 0 一律按 1.0（拿 0 当除数会得到无穷大，窗口会被摆到屏幕外）  →  1 / 1 / 1
  [√通过] DPI 换算：两个来源差得离谱（0.4 / 8.0 倍）时按 1.0，不拿错因子把窗口摆到屏外  →  1 / 1
  [√通过] DPI 换算：区间两端 0.5 / 4.0 本身是合法的（护栏只在区间之外生效）  →  0.5 / 4
  [√通过] 物理矩形 → DIP：原点与尺寸一起除（只除尺寸会让副屏坐标整体偏移）  →  1280,0 1280×693.33
  [√通过] 物理矩形 → DIP：缩放因子 <= 0 按 1.0 原样返回（不会除出 NaN / 无穷）  →  0,0,100,50
  [√通过] 落点：尺寸按工作区 62% / 72% 收（想要 1280×800，实得 1190.4×748.8）  →  1190.4 × 748.8
  [√通过] 落点：贴工作区右下角、留 24 边（居中会正好压住主界面的图像区，等于没解决问题）  →  右下角 1896,1016 / 工作区右下 1920,1040
  [√通过] 落点：想要的尺寸比比例上限还小就照原样用（用户拉小了不该被放大回去）  →  600 × 400
  [√通过] 落点：工作区很小时尺寸夹在 480×360 以上（再小就没法看画面了）  →  480 × 360
  [√通过] 方位描述：主屏自己说「主显示器」  →  主显示器
  [√通过] 方位描述：右 / 左 / 下 / 上 四个方位各自认得出来（横向差更大算左右，否则算上下）  →  在主屏右侧 / 在主屏左侧 / 在主屏下方 / 在主屏上方
  [√通过] 方位描述：一块都没标主屏时说「附加显示器」，不说「主显示器」（否则两块屏同名，等于没说）  →  附加显示器
  [√通过] 显示器清单：主屏排第一（下拉框的次序必须每次一样，否则肌肉记忆会漂）  →  \\.\DISPLAY5（主屏） 2808×1256
  [√通过] 显示器清单：每块屏都有非空设备名（空名字会让配置存不下去、也认不回来）  →  \\.\DISPLAY5（主屏） 2808×1256
  [√通过] 显示器清单：工作区落在全幅之内（工作区跑出屏外说明 MONITORINFOEX 的结构体布局串了）  →  \\.\DISPLAY5 全幅2808×1256 工作区2808×1208
  [√通过] 解析：空串 → 主屏，且不算回落（默认配置走的就是这条路，升级行为逐字不变）  →  命中=\\.\DISPLAY5（主屏） 2808×1256 / 回落=False
  [√通过] 解析：命中的设备名 → 原样返回那一块，不算回落  →  命中=\\.\DISPLAY5（主屏） 2808×1256 / 回落=False
  [√通过] 解析：认不出的设备名 → 回落主屏 + fellBack=true（日志据此说明「我配的屏不在线」）  →  命中=\\.\DISPLAY5（主屏） 2808×1256 / 回落=True
  [√通过] 本机 DPI 缩放因子落在合理区间 [0.5, 4.0]（超出说明两个来源说的不是同一块屏）  →  1
  [√通过] 独立形态 + 指定副屏：落点算在副屏工作区上，不回主屏（Left 明显在主屏宽度之外）  →  Left=2626 Top=267 / 副屏工作区 1920,0 1920×1040
  [√通过] 依附形态 + 指定副屏：先挪到副屏再最大化（WPF 的最大化落在窗口当前所在的那块屏）  →  Left=1920 Top=0 / 副屏工作区左上 1920,0
  [√通过] 依附形态 + 跟随主屏：不设 Left/Top，保持 XAML 的 CenterScreen（升级不动历史行为）  →  StartupLocation=CenterScreen / Left=NaN Top=NaN

---- [AD] 统一写入口（BeginEdit 作用域）与撤销/重做栈 ----
  [√通过] 作用域外的写不进撤销栈（没有活动作用域就没有记录落点）  →  UndoCount=0
  [√通过] 一次 BeginEdit 内的多次属性写合并成一条记录  →  UndoCount=1
  [√通过] 记录名就是 BeginEdit 传入的操作名（撤销按钮据此显示提示）  →  移动图元
  [√通过] 撤销一次把整条记录里的写全部回退（X 回 50、Y 回 0）  →  X=50 / Y=0
  [√通过] 重做一次把新值原样写回（撤销/重做共用同一份回写逻辑）  →  X=111 / Y=222
  [√通过] 空作用域不产记录（撤销栈里不该堆满'什么都没做'）  →  UndoCount=1
  [√通过] 作用域 HasChanges 只在真有改动时为 true  →  HasChanges=False
  [√通过] 同值写被 SetProperty 短路，同样不产记录  →  UndoCount=1
  [√通过] 拖 10 个图元只产生 1 条记录（批量操作 = 一次撤销）  →  UndoCount=1
  [√通过] Ctrl+Z 一次，10 个图元全部回到原位  →  X=[0,0,0,0,0,0,0,0,0,0]
  [√通过] 重做一次，10 个图元全部回到新位  →  X=[100,100,100,100,100,100,100,100,100,100]
  [√通过] 属性袋的写也进撤销栈（键级 diff，独立于属性 setter）  →  UndoCount=1
  [√通过] 撤销后属性袋里的键被整条删掉（空值 = 没配过，文件里不留空串）  →  ''
  [√通过] 撤销把 Width 回退到描述符默认值  →  Width=120
  [√通过] 撤销不回滚 Version（单调递增；回滚它会让缩略图缓存以为'没变过'）  →  撤销前=2 / 撤销后=3
  [√通过] 撤销后的落盘内容与操作前逐字节一致（这就是'版本号一致'的验收口径）
  [√通过] 重做后的落盘内容与操作后逐字节一致
  [√通过] 操作前后的落盘内容确实不同（证明上面两条不是恒真的空断言）
  [√通过] 嵌套作用域合并进最外层（内层自开的两个作用域不各占一条）  →  UndoCount=1
  [√通过] 合并后的记录用最外层的操作名  →  批量建图层
  [√通过] 撤销一次把嵌套里建的图层全部回退  →  图层数=0
  [√通过] 撤销后重做栈里有 1 条  →  RedoCount=1
  [√通过] 新操作压栈即清空重做栈（单栈双向的核心纪律）  →  RedoCount=0
  [√通过] 栈空时 Undo() 返回 false 且 CanUndo 为假
  [√通过] 栈空时 Redo() 返回 false 且 CanRedo 为假
  [√通过] 栈空时两个 Label 都是 null（按钮提示回落成'没有可撤销的操作'）
  [√通过] 撤销栈封顶 50 条（超出丢最早的一条）  →  UndoCount=50
  [√通过] 栈顶始终是最新一步（丢的是最早的，不是最新的）  →  第 55 步
  [√通过] 作用域内用 Detached 构造对象不产记录（构造不是编辑）  →  UndoCount=0
  [√通过] Strict=true 下编辑器写路径全程不触发写守卫（D3 从约定变机制）
  [√通过] Strict=true 下作用域外的直接 setter 被拒（编辑器路径一律禁止裸写）  →  rejected=True / X=0
  [√通过] Detached 下构造对象不被守卫拦（构造与编辑是两件事）
  [√通过] using (ScadaWriteGuard.Suspend()) 下放行（运行时数据泵 / 反序列化通道）  →  X=7
  [√通过] 旧数据补发身份（画面 + 图层 + 图元 + 归属）  →  repaired=4
  [√通过] 补发身份不进撤销栈（自愈不是用户的编辑动作）  →  UndoCount=0
  [√通过] 编辑器写路径产出的记录进了静态撤销栈  →  UndoCount=2
  [√通过] 切换方案（换文档实例）清空撤销栈  →  UndoCount=0 / RedoCount=0

---- [AE] 图层面板：行快照 / 值不变挡刷 / 端点判灰 / 显隐锁定一条撤销位 ----
  [√通过] 没有画面：HasPage 为假、行表为空、标题回落成不带画面名的「图层」  →  图层
  [√通过] 没有画面：空态提示指向「打开方案并选中画面」（这是用户要做对的那一步）  →  打开方案并选中画面后，这里会显示该画面的图层。
  [√通过] 没有画面：新建图层按钮置灰（可用性就是 _page != null 一条判据）
  [√通过] 没有画面：计数文案是「共 0 层」而不是空白  →  共 0 层
  [√通过] 没有画面：未分层计数为 0（没有画面就没有「未分层」这回事）
  [√通过] 新建画面后面板自动跟上（订阅 SelectedPage，不需要外部推动）  →  图层 · 画面_1
  [√通过] 有画面后新建图层按钮转为可用
  [√通过] 行快照与模型对齐：空层数 0、文案写「空」、只剩一层不能删  →  空 / CanRemove=False
  [√通过] 单层时上移下移都判灰（端点即越界，判据只有下标一条）
  [√通过] 行上的图标与提示取自图层状态：可见=睁眼、未锁=开锁  →  隐藏图层 [图层_1] / 锁定图层 [图层_1]
  [√通过] 画面加一层，面板行表跟着长（Version 一条订阅覆盖图层增删）  →  共 2 层
  [√通过] 列表首项不能上移能下移、末项反之（端点判灰按列表位置算）  →  [0]↑False/↓True  [1]↑True/↓False
  [√通过] 端点判灰与命令可用性同源（不在两处各判一遍）
  [√通过] 两层都空：两行都可删（空层 + 至少还剩一层）
  [√通过] 层里放了图元：该行立刻变成不可删，另一行不受影响  →  Count=1
  [√通过] 图元数文案从「空」变成「1 个图元」  →  1 个图元
  [√通过] 改图元属性会抬画面 Version（脏标记的递增规则覆盖图元属性写）  →  3 → 4
  [√通过] 行快照值没变就不通知 Items（拖动不会逐帧重建行容器）  →  Items 通知 0 次
  [√通过] 挡刷只挡列表、不挡按钮：命令可用性照样重算  →  CanExecuteChanged 1 次
  [√通过] 选中图元落在本层：只有该行高亮（省得用户自己在列表里找）
  [√通过] 取消选中：所有行都不高亮
  [√通过] 选中未分层图元：没有任何一行高亮（Guid.Empty 不代表任何一层）
  [√通过] 未分层图元计入 UnassignedCount 并给出人话提示  →  另有 1 个图元未分层
  [√通过] 归属指向已删图层的图元同样计入未分层（ResolveLayer 为 null）  →  UnassignedCount=2
  [√通过] 选中幽灵图元也不高亮任何一行（指向已删图层的归属不算归属）
  [√通过] 眼睛点一下：图层真隐藏了（写的是模型上的 IsVisible）  →  IsVisible=False
  [√通过] 显隐产出一条撤销记录，操作名带图层名（撤销按钮据此显示）  →  隐藏图层 [标注层]
  [√通过] 行快照跟着翻转：图标变斜杠眼、提示变成「显示图层」  →  显示图层 [标注层]
  [√通过] Ctrl+Z 把显隐状态撤回去（图层状态走的是同一条值级 diff 通道）  →  IsVisible=True
  [√通过] 锁图标点一下：图层真锁上了（同样绕不过 BeginEdit）
  [√通过] 锁定同样只产出一条撤销位，操作名是「锁定图层」  →  锁定图层 [标注层]
  [√通过] 行快照跟着翻转：图标变闭锁、提示变成「解锁图层」  →  解锁图层 [标注层]
  [√通过] Ctrl+Z 把锁定状态撤回去
  [√通过] 有画面但没图层：HasPage 仍为真、行表为空（不是「没有画面」那种空）  →  HasPage=True
  [√通过] 此时空态提示改成「点新建图层」（两种空态必须给两句不同的话）  →  当前画面还没有图层。点下方「新建图层」即可添加。
  [√通过] 没图层的画面照样能点新建图层（AddLayerCommand 只看有没有画面）
  [√通过] 面板底部那句防误判文案指到画布右键菜单（图层次序不参与叠放）  →  图层次序只决定列表排列，不改变图元前后叠放。
要调整图元谁盖住谁，请选中图元后用画布右键菜单的「叠放次序」。
  [√通过] 切回原画面：行表立刻对齐（换画面靠 SelectedPage 通知重新订阅）  →  2 vs 2
  [√通过] Deactivate 后不再跟随画面变化（旧画面不被已经离树的面板钉住）  →  2 vs 2
  [√通过] Activate 一次补齐当前画面  →  3 vs 3
  [√通过] 重复 Activate 不重复订阅（一次画面变化只重算一轮）  →  重算 1 轮

---- [AF] 图元锁定：唯一写入口 / 撤销一条 / 解锁不被筛空 / 端点空操作 / 菜单二态 ----
  [√通过] 锁一个：返回 true、IsLocked 落上、只产出一条撤销位，操作名是「锁定图元 [名字]」  →  锁定图元 [底图] / 
  [√通过] 前提：锁定之后 IsElementEditable 立刻判假（这正是「解锁不能被它筛空」的原因）  →  a 可编辑=False / b 可编辑=True
  [√通过] 锁定是模型的编辑保护位、不是描述符声明的属性（所以它不占属性面板的行，通知要单独补）
  [√通过] 解锁：目标就是已经锁上的那个图元，返回 true 且状态真的回去了（照抄 IsElementEditable 过滤会在这里变成永远的空操作）  →  IsLocked=False / UndoCount=1 / 
  [√通过] 解锁的操作名是「解锁图元 [名字]」（撤销按钮上要能读出撤的是哪一步）  →  解锁图元 [底图]
  [√通过] 批量锁三个：只产出一条撤销位，操作名是「锁定 3 个图元」（批量 = 一次 Ctrl+Z）  →  锁定 3 个图元
  [√通过] Ctrl+Z 一次，三个图元全部解锁（不是撤三次）  →  False/False/False
  [√通过] 重做一次，三个图元全部锁回（撤销/重做共用同一份回写逻辑）  →  True/True/True
  [√通过] 全员已是锁定态：再点一次「锁定」是空操作——返回 true 但不产记录（撤销栈里不该堆「什么都没干」）  →  UndoCount=1 vs 1
  [√通过] 混合状态：数量按「真正要变的个数」算（a 未锁、b 已锁，一起锁只算 a 一个 → 「锁定图元 [底图]」）  →  锁定图元 [底图]
  [√通过] 同一个图元传三次只算一个（去重之后数量口径才对得上：是名字而不是「3 个图元」）  →  锁定图元 [罐体]
  [√通过] 不属于本画面的图元被剔掉、剩下那个照常生效（撤销之后已经不在的图元也走这条）  →  锁定图元 [料箱]
  [√通过] 全是外来对象：拒绝并给人话（不能静默成功，否则调用方以为锁上了）  →  选中的图元不属于本画面
  [√通过] 空集合：拒绝并给出「至少要选中 1 个图元」  →  至少要选中 1 个图元
  [√通过] null 输入同样被拒（不抛异常，走同一条人话通道）  →  至少要选中 1 个图元
  [√通过] 锁定真的落盘（操作前后 JSON 不同——不是只活在内存里的一个标志位）
  [√通过] 撤销后的落盘内容与操作前逐字节一致（IsLocked 走的是值级 diff，能整条回退）
  [√通过] 主选中未锁：菜单那一项写「锁定图元」、图标是闭锁（图标跟动作走，免得与标题打架）  →  锁定图元 / U+F023
  [√通过] 整批都亮着的时候那一项也能点（判灰只看「有没有选中」，不抄删除那条「可编辑」判据）
  [√通过] 点一下：整批拉齐到主选中的相反状态（三个一起锁上，不是只锁主选中那一个）  →  True/True/True
  [√通过] 锁上之后菜单自己翻成「解锁图元」+ 开锁图标（标题与图标都跟主选中走，菜单每次弹出即重建）  →  解锁图元 / U+F3C1
  [√通过] 整批已锁定时那一项仍是亮的——解锁恰是此刻唯一该亮的动作（抄删除的判据会让它永远灰着）
  [√通过] 再点一下：整批解锁（锁了之后必须解得开）  →  False/False/False
  [√通过] 二态判据读的是主选中：主选中已锁时菜单写「解锁图元」（哪怕同批里还有没锁的）  →  解锁图元 / 主选中已锁=True
  [√通过] 主选中已锁、同批另一个没锁：点一下是「解锁」（拉齐到主选中的相反状态），不是把没锁的那个也锁上  →  False/False
  [√通过] 属性面板顶栏那个复选框走的是 TrySetElementLocked：Strict=true 下不触发写守卫（D3 的漏口堵上了）
  [√通过] 面板写入同样产出一条带操作名的记录（撤销按钮上显示「锁定图元 [名字]」，不是含糊的「编辑」）  →  锁定图元 [矩形]
  [√通过] 面板回读：复选框跟着模型走（写成功之后读得到当前值）  →  IsElementLocked=True
  [√通过] 面板也能解锁：同一个入口管两向，撤销位写的是「解锁图元 [名字]」  →  解锁图元 [矩形]
  [√通过] 没有选中图元时写锁定失败：面板照样回抛一次通知（否则 TwoWay 绑定会停在假状态上）  →  通知 1 次 / IsElementLocked=False

---- [AG] 图元成组：只写一个 Guid / 一条撤销 / 选中即整组 / 跨层 / 菜单二态 ----
  [√通过] 组合两个：返回 true、两个图元拿到同一个非空 GroupId、只产出一条撤销位，操作名是「组合 2 个图元」  →  组合 2 个图元 / 
  [√通过] 没参与组合的第三个仍是未分组（组合只写递进来的那些，不是「把周围的一起收了」）  →  00000000-0000-0000-0000-000000000000
  [√通过] GetGroupMembers：未分组的图元返回空表（调用方据此判定「它不是组员」）  →  0
  [√通过] GetGroupMembers：组员查回来是「含自己」的两件（选中即整组靠它一张表铺成集合）  →  2
  [√通过] 全员已同属一组：再点一次「组合」是空操作——返回 true 但不产记录（点中一个组员就整组选中，于是「选中一个组再点组合」是最自然的误操作）  →  UndoCount=1 vs 1
  [√通过] 把组员和组外图元再组合：换成一个新 Guid（不套一层），组里没被选中的成员留在原组  →  a==c:True / 新:True / b 留原组:True
  [√通过] 只给 1 个：拒绝并给出「至少要选中 2 个图元才能组合」（一个成员的组与未分组没有任何行为差别，允许它只会让用户以为自己建了个组）  →  至少要选中 2 个图元才能组合
  [√通过] null 输入同样被拒（不抛异常，走同一条人话通道）  →  至少要选中 2 个图元才能组合
  [√通过] 不属于本画面的图元被剔掉、剩下两个照常进组（撤销之后已经不在的图元也走这条）  →  组合 2 个图元 / 外来户=00000000-0000-0000-0000-000000000000
  [√通过] 同一个图元传三次只算一个 → 去重后不足 2 个，照样拒绝（数量口径按去重后算）  →  可组合的图元不足 2 个（图元可能已不在本画面上）
  [√通过] 全是外来对象：拒绝并说明「可组合的图元不足 2 个」（不能静默成功）  →  可组合的图元不足 2 个（图元可能已不在本画面上）
  [√通过] 取消组合：只对确实有组的动手——g1/g2 清回 Empty，本来就没组的 g3 不算数，操作名是「取消组合 2 个图元」  →  取消组合 2 个图元 / 
  [√通过] Ctrl+Z 一次：两个组员各自回组（逐图元回写 Guid，不是整组回滚）  →  True/True
  [√通过] 只取消一个时操作名写的是名字（「取消组合图元 [甲]」，与锁定那一对的文案口径同源）  →  取消组合图元 [甲]
  [√通过] 全都没组：取消组合是空操作——返回 true 但不产记录（与锁定那一对的端点口径一致）  →  UndoCount=1 vs 1
  [√通过] 空集合：拒绝并给出「至少要选中 1 个图元」  →  至少要选中 1 个图元
  [√通过] 同组图元可以跨图层（两把关系互不干涉：分组不改渲染，改归属也不拆组）  →  同组:True / 不同层:True
  [√通过] Strict 写守卫下 TryGroupElements 不抛异常（GroupId 的写入走 BeginEdit，D3 没有漏口）
  [√通过] GroupId 真的落盘（操作前后 JSON 不同——组是模型里的关系，不是只活在内存里的编辑态）
  [√通过] 撤销后的落盘内容与操作前逐字节一致（GroupId 走值级 diff，能整条回退）
  [√通过] 重做后又回到分组后的落盘内容（撤销/重做共用同一份回写逻辑）
  [√通过] 主选中未分组：菜单那一项写「组合」、图标是成组（排在锁定之后、删除之前——末位留给唯一不可逆的那一项）  →  组合 / U+F247
  [√通过] 选中 3 个时「组合」可点（判灰只数「确实在本画面上的选中」≥2，与领域层前置校验同源）
  [√通过] 点一下：三个图元进同一个组（判据与动作传的是同一份集合，不会出现「亮着但点了没反应」）  →  True/True/True
  [√通过] 组上之后菜单自己翻成「取消组合」+ 拆组图标（标题与图标都跟主选中走，菜单每次弹出即重建）  →  取消组合 / U+F248
  [√通过] 已是组员时「取消组合」仍可点（判灰数的是「确实有组的」，不是「选中的」——否则空操作也会亮着）
  [√通过] 点中一个组员：选中集合被撑成整组，且被点中的那个排在首位（首位就是主选中——否则会出现「点的是 B、属性面板显示 A」）  →  Count=3 / 首位是 e2=True
  [√通过] SelectedElements 直接赋值不展开（框选与程序化收窄的语义是「给谁就是谁」，在集合入口里展开会让用户再也没法只挑出组里的一个）  →  Count=1 / 主选中在组里=True
  [√通过] 单选一个组员时「组合」判灰（可组合的选中不足 2 个），而这一项翻成「取消组合」且亮着  →  组合=False / 可切换=True / 取消组合=True
  [√通过] 主选中在组里、同批还有组外的：那一项写「取消组合」（走哪边由主选中决定，标题与实际动作必须是同一个判据）
  [√通过] 点下去只动确实有组的那个：e1 出组，组外的 e3 与没被选中的 e2 都不受影响  →  e1=00000000-0000-0000-0000-000000000000/ e2 仍在组=True/ e3=00000000-0000-0000-0000-000000000000
  [√通过] 全都没组时「取消组合」判灰（空操作却亮着，用户只会记成「这一项坏了」）  →  取消组合=False / 组合=True
  [√通过] 清干净之后再点「组合」：两个一起进组（同一个入口管两向，反复来回都走得通）  →  e2==e3:True / e1 未分组:True

---- [AH] 报警引擎（S11） ----
  [√通过] 新建报警自带非空身份（否则运行中点确认会被引擎按 Guid.Empty 拒掉，表现是「点了没反应」）  →  Id=946b7ae0-4d40-43e3-8dfb-494ed97c194c
  [√通过] 报警名留空时按「报警_N」自动命名（N 取当前未被占用的最小序号）  →  报警_1
  [√通过] 默认严重度由种类给一次：高高限=严重、低限=警告  →  严重 / 警告
  [√通过] 改种类不联动严重度（用户特意调过的严重度不该被静默推翻）  →  严重
  [√通过] 报警改名：空名拒、与原值等值幂等放行（不刷一次变更）、重名拒  →  报警名不能为空 / 已存在同名报警 [高高]，请更换名称
  [√通过] 按 Id / 按名都能找回定义（Id 是权威键，名字只用于兼容旧数据与手输）
  [√通过] 删报警允许删到一条不剩（与「至少留一个画面」刻意不同：不需要报警是完全正常的组态结果）  →  alarms=0
  [√通过] 挂载后按定义条数建槽、并订阅上变量（通道订阅者数就是「挂上了」的证据）  →  槽=1 / 订阅=1 / 通道订阅者=1
  [√通过] 初判：挂载时值 70 未越限 → 一条报警都没有  →  active=0
  [√通过] 值越限 → 立即激活（延时 0），记录里带着「报的时候是多少」  →  激活 / 值=85
  [√通过] 激活时发两条事件：AlarmRaised（落盘/弹窗挂它）+ AlarmChanged（列表刷新挂它）  →  raised=1 / changed=1
  [√通过] 值落进回差带内（78 > 80-5）→ 不算恢复：回差吸收抖动的地方就在这一段宽度里  →  激活 / changed=1
  [√通过] 值退出回差带（70 < 75）→ 未确认就恢复，停在「已恢复未确认」等一次确认  →  已恢复未确认
  [√通过] 已经处于「已恢复未确认」再判一次：不重复发事件、恢复时刻不被一路往后推  →  changed 2 → 2
  [√通过] 确认「已恢复未确认」→ 彻底了结：从实时列表消失、记录补上清除时刻、发一条 AlarmCleared  →  确认 1 条 / cleared=1
  [√通过] 确认空身份 / 一条已经了结的报警 → 返回 0（「全部确认」的条数不能虚高）
  [√通过] 重新越限 → 同一条定义产生新的一次报警记录（记录是「一次激活→清除」的完整过程）  →  history=2
  [√通过] 确认仍在报警的那条 → 转「已确认」：报警还挂着，但不再等确认  →  已确认 / IsActive=True
  [√通过] 已确认的那条条件恢复 → 直接了结（操作员早知道并处理完了，不该再拦他一次确认）  →  正常
  [√通过] 构造出「已恢复未确认」这一态
  [√通过] 已恢复未确认时条件再次成立 → 退回激活并清掉恢复时刻（时长继续累计，不装没事）  →  激活 / RecoveredAt=null
  [√通过] 初判：真值不触发 BoolOff；空值判不了 → 按「没触发」处理（判不了就报会刷一堆假报警）  →  active=0
  [√通过] BoolOff：值变假 → 报警  →  激活
  [√通过] 布尔量存成 0/1 也照收（PLC 侧本来就是位）：0 视为假 → BoolOff 报警  →  active=2
  [√通过] 值变真 → 恢复（未确认 → 已恢复未确认）
  [√通过] 刚挂载时算「刚收到过值」→ 不算断线
  [√通过] 超过超时 11s 没收到新值 → 断线报警；且不被 30s 延时挡住（超时本身就是「等够了」的结论，再叠一层等于把超时翻倍）  →  通信断线 > 10s
  [√通过] 收到新值 → 断线恢复（未确认 → 已恢复未确认）
  [√通过] 条件刚成立 → 不报（延时 5s 还没到）
  [√通过] 过了 3s 仍不报
  [√通过] 中途断一次 → 计时重置：重新成立后再过 3s 仍不报（否则会误报成「累计 6s」）
  [√通过] 重新成立后连续满 5s → 报警
  [√通过] 排序：严重度降序 → 同级按激活时间降序（B 严重最前；C 与 A 同为警告，C 晚报所以排在前）  →  B 严重 / C 警告 / A 警告
  [√通过] 运行中把阈值 10 改成 25 → 下一次 Tick 自动重挂并重新判定（值 20 不再越限，A 自己消失）  →  active=2
  [√通过] 停用一条 → 连变量都不订阅（通道订阅者掉到 0）：槽还在但整条空转  →  订阅者=0 / 槽=3 / 订阅=2
  [√通过] 运行中新增一条报警 → 自动进槽；变量解析不到的槽静默跳过（不订阅、也不产生「配置错误」报警刷屏）  →  槽=4 / 订阅=2
  [√通过] 卸载后订阅全摘干净（否则每开一次画面就漏一批回调，跑几百个画面后内存悄悄涨）  →  B=0 / C=0
  [√通过] 卸载保留历史（宿主可能还要把它落盘）  →  history=9
  [√通过] 产生 2020 条流水后内存里只留最近 2000 条（更早的该去查落盘的历史文件，内存不是历史库）  →  history=2000
  [√通过] RecentRecords 返回「最新在前」的一截，条数不超过可用条数；max<=0 返回空表  →  recent=3
  [√通过] 改名级联命中报警：有 Id 的按 Id 认（名字过期也不影响）、旧数据按名命中并把 Id 补回来、无关变量不动  →  改动 2 条
  [√通过] 改名级联是数据自愈而不是画面编辑：严格写守卫下不抛（漏掉 Suspend 会留下「画面绑定改了、报警没改」的半成品）
  [√通过] 含报警配置的方案保存成功  →  操作成功
  [√通过] 落盘 JSON 含 Alarms 节点（报警配置确实随方案走，而不是活在内存里）
  [√通过] 含报警配置的方案加载成功（$type 白名单未挡下 VisionMaster.Scada）  →  操作成功
  [√通过] 报警身份往返一致（按 Id 能找回同一条定义）  →  alarms=2
  [√通过] 报警字段往返一致（种类 / 阈值 / 回差 / 延时 / 文本 / 变量寻址 / 自动严重度）  →  Id=7e040fb1-59e9-4f6e-9120-35d8aeba82be
  [√通过] 条件人话描述由配置算出来（面板与 CSV 导出共用同一份文案，不各写一遍）  →  高高限 > 1200（回差 20）
  [√通过] 旧数据报警缺身份 → 加载期补齐（幂等：再补一次返回 0）；不补 VariableId（Guid.Empty 是有含义的）  →  补发 1 处

---- [AH2] 报警历史落盘 + 全画面统一节拍源（S11-b） ----
  [√通过] 默认目录落在软件目录下的 Alarms（与 Logs 刻意分开：报警历史是资产，运行日志是可随时清掉的过程记录）  →  E:\VM\VisionMaster-W-master\ScadaChecks\bin\Debug\net9.0-windows\Alarms
  [√通过] 按本地日期滚动出文件名（现场是按本地时间查「昨天那次报警」的）  →  AlarmHistory-2026-09-20.csv
  [√通过] 首三个字节是 UTF-8 BOM（不带 BOM 的 CSV 用 Excel 打开中文必乱码）  →  前 3 字节 EF BB BF
  [√通过] 表头 13 列、列序就是现场阅读顺序（先说是什么 → 再说多严重 → 最后是时间线）  →  激活时间,报警名称,报警文本,严重度,报警类型,变量名,条件描述,触发值,状态,确认时间,恢复时间,清除时间,持续时长
  [√通过] RFC 4180 转义：含逗号的文本被双引号包住、内部引号翻倍（不转义会把一行劈成两列，在 Excel 里表现为「数据莫名其妙对不上」）  →  2026-09-20 09:00:00,炉温高高,"炉温超限,请检查""冷却""",严重,高高限,FurnaceTemp,高高限 > 1200（回差 20）,1234.5,激活,,,,
  [√通过] 行内事实来自记录快照：激活时间用本地时间、严重度/类型/条件都是人话（与面板共用同一份文案）  →  2026-09-20 09:00:00,炉温高高,"炉温超限,请检查""冷却""",严重,高高限,FurnaceTemp,高高限 > 1200（回差 20）,1234.5,激活,,,,
  [√通过] 还没恢复的记录：持续时长列留空（把「到此刻为止」写进文件，过一天再翻就是一句假话）  →  2026-09-20 09:00:00,炉温高高,"炉温超限,请检查""冷却""",严重,高高限,FurnaceTemp,高高限 > 1200（回差 20）,1234.5,激活,,,,
  [√通过] 每次态迁移追加一行（文件本身可重放：按激活时间分组就能还原从生到死的全过程）  →  行数=3
  [√通过] 恢复之后才写持续时长，且算到恢复而非清除（清除时刻里含「人多久才来确认」，那是人慢不是报警持续）  →  2026-09-20 09:00:00,炉温高高,"炉温超限,请检查""冷却""",严重,高高限,FurnaceTemp,高高限 > 1200（回差 20）,1234.5,已恢复未确认,2026-09-20 09:02:00,2026-09-20 09:05:00,,5分0秒
  [√通过] 追加不重写表头、也不重复插 BOM（表头只在文件为空时补一次）  →  行1=2026-09-20 09:00:00,炉温高高
  [√通过] 传 null 记录：不写、不抛、也不进故障态（调用方的空引用不该被记成磁盘故障）
  [√通过] 跨日期落到另一份文件，新文件自带表头（按天滚动：单份文件不会涨到打不开）  →  行数=2
  [√通过] 写不成不抛：返回 false 并进入故障态（报警系统因为写不了历史文件而崩掉，比丢几行历史严重得多）  →  Cannot create 'C:\Users\Admin\AppData\Local\Temp\ScadaAlarmHistory_845b20b30dfe4ee0bc23134ae65d63f3\blocked' because a file or directory with the same name already exists.
  [√通过] 故障只上报一次（磁盘故障时每行都报会把日志刷满，真正的原因反而被埋掉）  →  Error|[报警] 报警历史落盘失败，记录只留在内存（报警本身不受影响）：Cannot create 'C:\Users\Admin\AppData\Local\Temp\ScadaAlarmHistory_845b20b30dfe4ee0bc23134ae65d63f3\blocked' because a file or directory with the same name already exists.
  [√通过] 故障恢复后回到正常态并补报一次（不再刷日志，但要让现场知道「又能写了」）  →  Error|[报警] 报警历史落盘失败，记录只留在内存（报警本身不受影响）：Cannot create 'C:\Users\Admin\AppData\Local\Temp\ScadaAlarmHistory_845b20b30dfe4ee0bc23134ae65d63f3\blocked' because a file or directory with the same name already exists. / Warning|[报警] 报警历史落盘已恢复正常
  [√通过] 成功的 writer 全程没报过诊断（诊断口只报故障翻转，不是写一行报一次）
  [√通过] 节拍周期缺省 200ms（报警引擎建议的 100~500ms，取中间值）  →  200ms
  [√通过] 周期下限钳在 10ms：再密就是拿 UI 线程烧 CPU，报警的延时分辨率也不会因此更准
  [√通过] 起表前不在跳；Stop 可重复调用不炸  →  running=False
  [√通过] Start 幂等且起表后 IsRunning 为真（重复 Start 不重置相位）  →  running=True
  [√通过] DispatcherTimer 确实在跳，且每拍都带着「累计时长」而不是「拍到了」（漏一拍时消费者自己算得出此刻该亮该灭，相位不会永久错开）  →  拍数=6 / 累计=370ms
  [√通过] 全部订阅者正常时不上报任何诊断（上报口只报真出事的那一拍）
  [√通过] 一个订阅者抛异常不连带打死其余订阅者（DispatcherTimer.Tick 里漏出异常是进程级崩溃）  →  后续订阅者收到 5 拍 / 总拍数 11
  [√通过] 订阅者异常必须上报（报警系统悄悄不工作了，比崩掉更危险）  →  上报 5 次：[节拍] 一个节拍订阅者抛出异常，已跳过（其余订阅者不受影响）：故意的
  [√通过] 停表后可重复 Stop；累计时长保留最后一次的值不归零（停表不等于相位丢失）  →  running=False / 累计=717ms

---- [AH3] 实时报警条图元（S11-c2） ----
  [√通过] 工具箱里有「报警条」这一类图元  →  AlarmBannerElement
  [√通过] 单独归到「报警」分类（塞进「指示」那一组的话，找报警条要翻遍十几个同类项）  →  报警
  [√通过] 默认尺寸 320×140：装得下五行「徽标+时间+名字+条件+状态」  →  320×140
  [√通过] 属性键 = 6 个几何 + 14 个自有（行数 / 空态 / 四档色 / 外观四件 / 文字五件）  →  20 个
  [√通过] 报警条自己的键落在自己的依赖属性上（不是把值塞进基类的同名属性）
  [√通过] 描述符默认值落到了依赖属性上（行数 5、空态「系统正常」）  →  行数=5 / 空态=系统正常
  [√通过] 四档默认色与多态灯同一套语汇（整幅画面的红黄绿蓝只有一个来源）  →  #FF34C759 / #FFFFB020 / #FFE03A2B
  [√通过] 设计态零行、不闪、色条是正常绿、计数为空串（没有引擎时这条分支是常态，不是异常）  →  rows=0 / summary=""
  [√通过] 先造出两条报警（严重一条 + 警告一条），引擎已按严重度降序排好  →  炉温高高:严重 / 气压低:警告
  [√通过] 装上上下文立刻补读一次：已经存在的报警一条不落（不必等下一次变量变化才显示）  →  rows=2
  [√通过] 色条取最高严重度（列表已排好序，第一条就是它）  →  #FFE03A2B
  [√通过] 表头同时报「未确认几条」与「共几条」（只给一个数，操作员判断不了自己能不能走开）  →  未确认 2 / 共 2
  [√通过] 每行按自己的严重度挑徽标底色（不是整表一个色）  →  #FFE03A2B / #FFFFB020
  [√通过] 存在「严重且未确认」的报警 → 该闪（严重但已确认、或只是警告，都不闪）  →  flashing=True
  [√通过] 行是人话：严重度 / 本地时刻 / 报警名 / 条件+触发值 / 状态短写法  →  严重 / 09:00:00 / 高高限 > 100（回差 5）｜触发值 120 / 激活
  [√通过] 行是快照但攥着来源记录（将来「点这一行去确认」要按它找回定义）
  [√通过] 警告级那条的条件与触发值同样拼全（低限用 < 号）  →  低限 < 50（回差 5）｜触发值 30
  [√通过] 最多显示 1 行时只画 1 行，表头计数仍报全量（截断的是画面，不是事实）  →  rows=1 / summary="未确认 2 / 共 2"
  [√通过] 行数配成 0 被钳到 1（0 行等于图元隐形，那是「看不见也没人知道」的组态事故）  →  rows=1
  [√通过] 条件恢复 → 引擎发 AlarmChanged → 报警条跟着刷新（行还在，状态变「已恢复」）  →  已恢复
  [√通过] 「已恢复未确认」仍在等确认，所以继续闪（这时候不闪，等于告诉现场「没事了」）  →  flashing=True / summary="未确认 2 / 共 2"
  [√通过] 刚起表时相位是「亮」：色条常亮，不是先灭一下  →  BlinkOn=True
  [√通过] 跑过半个周期后相位翻到「灭」（相位按累计时长算，漏拍只会跳一下、不会永久错开）  →  BlinkOn=False / 累计=648ms
  [√通过] 再跑半个周期又亮回来（是周期闪烁，不是「闪一下就停」）  →  BlinkOn=True / 累计=1147ms
  [√通过] 两条都恢复后确认 → 从实时列表清空（引擎发 AlarmCleared）  →  确认 2 条
  [√通过] 报警清空 → 零行、空态、色条回到正常绿、计数清空  →  rows=0 / summary=""
  [√通过] 不闪了相位归位到「亮」（停在上一条的暗相位上，看着像「报警还在但变灰了」，比不闪更误导）  →  flashing=False / BlinkOn=True
  [√通过] 重新越限 → 又出现一行（记录是「一次激活→清除」的完整过程，清空不等于这条报警作废）  →  rows=1
  [√通过] 装上上下文挂上 4 个订阅（三个引擎事件各一个 + 节拍一个）
  [√通过] 摘掉上下文成对退掉 4 个（只退节拍、把引擎那三个漏在外面，就是「上一轮的引擎攥着这一轮的控件」）
  [√通过] 摘掉后回到设计态（停运行 = 回到组态时的样子，不需要任何「恢复现场」的备份表）  →  rows=0
  [√通过] 重复装同一个上下文不重复订阅（ReferenceEquals 短路：一次事件不该触发两遍重读）
  [√通过] 收场后引擎与节拍的订阅者都回到零（断言自己不留尾巴）  →  beat=0 / engine=0

---- [AH4] 报警历史面板（S11-c3/c4：行投影 / 筛选 / 确认 / 导出） ----
  [√通过] 行投影：严重度是中文词汇（不是枚举名——现场不认识 Critical）  →  严重 / Critical
  [√通过] 行投影：时间带日期、格式钉死 MM-dd HH:mm:ss（历史横跨一整天，只给 HH:mm:ss 分不清是哪天报的）  →  09-20 09:00:00 / 2026-09-20 09:00:00
  [√通过] 行投影：条件+触发值就是记录上那一句（与报警条共用 DetailText——两处措辞一分叉，操作员就以为说的是两件事）  →  高高限 > 100（回差 5）｜触发值 120
  [√通过] 行投影：状态用完整词汇（历史面板一行够宽，「已恢复未确认」正是最该一眼看出来的事）  →  激活 / canAck=True
  [√通过] 行投影：变量名落在行上（关键字搜索要用它）  →  FurnaceTemp
  [√通过] 行投影：色板与报警条同一套语汇（同一条报警在条上红、在历史里黄，现场会以为严重度变了）  →  #FFE03A2B
  [√通过] 行投影：未知严重度回落「提示」色（宁可低估，也不谎报严重）
  [√通过] 持续时长单点刷新：没变时不发通知（SetProperty 判等），变了只动 DurationText 一个属性——不重建集合、不动选中  →  通知=DurationText / 时长=3分0秒
  [√通过] 关键字命中四样：报警名 / 报警文本 / 变量名 / 条件描述（现场手里可能只有其中任何一样）
  [√通过] 关键字忽略大小写与首尾空格；空关键字一律算命中（等价于不过滤）
  [√通过] 「激活」与「已恢复未确认」都在等确认——这条跨两态，正是筛选必须用谓词而不是等值比较的原因
  [√通过] 状态文案落到行上：「已确认」不再等确认、「正常」不算确认过（模板据此淡化整行）  →  已确认 / 已恢复未确认 / 正常
  [√通过] 筛选档位：状态 5 档、严重度 4 档，首档都是「全部」  →  5 / 4
  [√通过] 「全部」恒真（它不该是「筛掉了什么」的那一档）
  [√通过] 「未确认」跨 激活 / 已恢复未确认 两态（等值比较表达不了这条规则）
  [√通过] 「报警中」= 条件仍成立（激活 + 已确认），已恢复与已清除都不算
  [√通过] 「已恢复」只认 Recovered、「已清除」只认 Normal（互不串门）
  [√通过] 严重度三档按枚举判、不按显示文本判（文本是可改的词汇表，改名不该把筛选改坏）
  [√通过] 档位缺文本或缺谓词当场抛（一个「选了没反应」的档位，用户会以为是软件卡了）
  [√通过] 构造必须注入 Dispatcher（断言宿主里根本没有 Application.Current，而节拍与重建都必须落在同一个 UI 线程上）
  [√通过] 挂上上下文立刻读一次引擎历史（不是等下一次报警事件才显示——打开面板却空空如也，用户会以为没报过）  →  rows=2
  [√通过] 最新在前（翻开面板第一眼要看到的是「刚刚又报了什么」，不是两小时前那条）  →  气压低 / 炉温高高
  [√通过] 底部计数把「共几条 / 未确认几条 / 筛剩几条」一起说（只给一个数，操作员判断不了自己能不能走开）  →  共 2 条 · 未确认 2 · 显示 2
  [√通过] 顶条徽标计数与「未确认」判定同源（面板收起时也靠它亮起来）  →  2
  [√通过] 列表有内容时空态提示是空串（空态文案常驻，看着像「哪里配错了」）  →  ""
  [√通过] 关键字筛得动：命中报警名，计数跟着重算  →  共 2 条 · 未确认 2 · 显示 1
  [√通过] 关键字也命中变量名（现场找报警时手里可能只有变量名）  →  1
  [√通过] 筛不中时的空态与「一条都没报过」分开说（两种空态指向完全不同的处理动作）  →  "没有符合当前筛选条件的报警。"
  [√通过] 重置筛选：关键字与两个下拉一起回默认，列表回到全量  →  rows=2
  [√通过] 挂着的订阅正好四条：引擎三条事件 + 节拍一条（多一条就是重挂时漏摘）  →  beat=1 / raised=1
  [√通过] 确认单条后立刻给一句回执（按钮点下去毫无反应，人会再点一次）  →  已确认「气压低」
  [√通过] 确认落在引擎上：那一条转「已确认」，同表其余各条不受影响  →  气压低=已确认 / 炉温高高=激活
  [√通过] 计数与底部文案跟着重算（顶条徽标与面板读的是同一份数）  →  共 2 条 · 未确认 1 · 显示 2
  [√通过] 「全部确认」先问一句，问的正是当前列表里待确认的条数（问得含糊，人只会盲点「是」）  →  确认当前列表里的 1 条报警？ ⏎ 已确认的报警会从「待确认」里消失，此操作不可撤销。
  [√通过] 二次确认说「不」→ 一条都不动（框弹了、按钮也点了，结果却确认掉了，是最难解释的一类事故）  →  未确认=1
  [√通过] 二次确认说「是」→ 确认掉当前列表里全部待确认的（所见即所确认）  →  未确认=0 / notice="已确认 1 条报警"
  [√通过] 没有待确认的之后「全部确认」自己灰掉（能点但点了没反应，比灰掉更让人困惑）
  [√通过] 导出与按天流水账逐字节同构（两份文件拼起来看，不会有一列对不上）  →  导出=430B / 参照=430B / err=
  [√通过] 第一行是表头、共 13 列（列错位在 Excel 里表现为「数据莫名其妙对不上」）  →  3 行 / 13 列
  [√通过] 带 BOM（不带 BOM 的 UTF-8 CSV 用 Excel 打开中文必乱码）
  [√通过] 导出成功在底部留一句回执，并说清导了几条（导完一片安静，人不知道自己导没导成）  →  已导出 2 条 → C:\Users\Admin\AppData\Local\Temp\ScadaAlarmPanel_777884cb1c4745e4a43e337c0f0e30bc\visible.csv
  [√通过] 导出的是「当前可见」而不是全量：筛出 1 条就只导 1 条（现场要的是「筛出这个班次的严重报警，交班」）  →  2 行 / 可见 1 条
  [√通过] 导出失败不抛、只在底部留一句原因（异常从命令里漏出去会变成未处理异常弹框，而现场只需要一句提示）  →  导出失败：导出路径为空
  [√通过] 重挂同一个上下文不重复订阅（短路：一次报警不该触发两遍重建）
  [√通过] 换挂到新一轮上下文：上一轮那一套一条订阅都不留（留着就是上一轮的引擎攥着这一轮的面板）  →  旧=0 / 新=1
  [√通过] 换挂后表里是新一轮的记录，不是上一轮留下的（「读的是本轮引擎的历史」这件事必须真成立）  →  rows=2 / 未确认=2
  [√通过] 节拍把「持续时长」推着走：还没恢复那条的时长自己会长（这一格不刷新，现场看到的就是「卡住了」）  →  1分30秒 → 1分31秒
  [√通过] 时长是单点刷新：整表没重建（行对象还是原来那个，选中与滚动位置都不会被冲掉）  →  same=True / rows=2
  [√通过] 节拍只碰时长：报警名、状态、计数一个都没被这一秒的刷新改动  →  气压低 / 共 2 条 · 未确认 2 · 显示 2
  [√通过] 退挂：表清空，回到「本次运行还没有报警记录。」这一态（与「筛没了」分开说）  →  "本次运行还没有报警记录。"
  [√通过] 收场后引擎与节拍的订阅者都回到零（断言自己不留尾巴）  →  beat=0 / beat2=0

---- [US] 账号存储（S12-c3：PBKDF2 / 原子写 / 出厂账号 / 管理员不可清零） ----
  [√通过] 全新机器（没有账号文件）给一个内置管理员：否则现场谁也登不进去，权限功能等于把软件锁死  →  admin:管理员
  [√通过] 出厂账号当场可用：admin/admin123 → 管理员  →  管理员
  [√通过] 登录框一开就知道该不该提醒改密：认得出「密码还停在出厂值」
  [√通过] 只是打开过一次软件不留文件：账号文件只在真建了账号或改了密码之后才出现  →  C:\Users\Admin\AppData\Local\Temp\ScadaUsers_f1e4d670f09b44319e1c646b1ebb61f0\ScadaUsers.json
  [√通过] 密码错与账号不存在报同一句话：登录界面上的提示不泄漏「哪些账号存在」  →  用户名或密码不正确 / 用户名或密码不正确
  [√通过] 空用户名与空密码各自报清是哪一格没填（合成一句「登录失败」会让人把两格都重打一遍）  →  请输入用户名 / 请输入密码
  [√通过] 用户名忽略大小写：现场没人记得住当初建的是 Admin 还是 admin  →  管理员
  [√通过] 新建账号会落盘，且写的是原子写（目录里不留 .tmp 残渣）
  [√通过] 密码不落盘：文件里没有明文密码，只有随机盐 + PBKDF2 哈希（拿到文件也只能逐个暴力试）  →  [   {     "Name": "admin",     "Salt": "qvk+2lOVYSkJ8GW16V6RZQ==",     "Hash": "O/kyXE/SrkcMcu426QyrSSEvRp6KIt…
  [√通过] 同一个密码在不同账号上盐不同 → 哈希也不同：一张彩虹表没法通杀全厂账号  →  qvk+2lOVYSkJ8GW16V6RZQ== / /RlBoAS66/Ew1L+cGJdxow== / kz4aF4gavX448NI5lyMiGQ==
  [√通过] 换个实例读回来（等于重启软件）：账号、角色、密码都对得上  →  工程师 / 3 个账号
  [√通过] 改密必须报旧密码：只报新密码就能改，等于任何人都能改掉管理员的密码  →  用户名或密码不正确
  [√通过] 新密码太短不收（四位数够拦住空密码与手滑，又不至于让现场骂人）  →  密码至少 4 个字符
  [√通过] 改密成功：新密码立即可用、旧密码立即失效
  [√通过] 改密后出厂密码的提醒自动熄灭
  [√通过] 改密落盘且仍然不存明文：换个实例读回来用的是新密码，文件里也找不到它
  [√通过] 账号重名（忽略大小写）直接拒：Admin 与 admin 是同一个人的两种写法，不能各建一个  →  账号「ADMIN」已存在
  [√通过] 非法角色既建不出账号、也改不上去：Undefined 是「文件坏了」的哨兵，不是一档角色  →  新账号的角色必须是操作员、工程师或管理员 / 角色必须是操作员、工程师或管理员
  [√通过] 删掉唯一的管理员会被拦下：删了他，用户管理这条路就从软件里彻底消失，只能删文件重来  →  至少要保留一个管理员账号，否则以后没人能再管理账号
  [√通过] 把唯一的管理员降级同样拦下：降级的后果与删除一模一样  →  至少要保留一个管理员账号，否则以后没人能再管理账号
  [√通过] 角色没变是空操作：返回成功、不报错，也不做一次没意义的文件替换  →  null
  [√通过] 另建一个管理员之后，原来那个就能降级了：不变式守的是「至少一个」，不是「某一个」
  [√通过] 删账号：删掉之后密码再对也登不进来
  [√通过] 角色数值不认识时报的是「角色值非法」而不是「密码不正确」：照后者去反复重输密码，永远解决不了  →  账号「admin」的角色值非法（9），请用管理员账号修正账号文件
  [√通过] 坏角色的账号不被悄悄丢掉：留在清单里，用户管理页才看得见它、修得动它  →  admin:9/张三:2/李管理:3
  [√通过] 账号文件读坏了不阻断启动：回落到出厂账号，并把原因留在 LastLoadError（否则现场以为自己在用自己的账号）  →  账号文件读取失败，已回落到出厂账号。原因：Invalid character after parsing property name. Expected ':' but got: J. Path '', line 1, position 6.
  [√通过] 空清单与读坏同样处理：一个「有账号文件但一条账号都没有」的软件，等于谁也进不去  →  账号文件里没有任何账号，已回落到出厂账号
  [√通过] 残缺记录（缺盐缺哈希）被剔除：不留一条「列得出来、却永远改不了密码」的僵尸账号  →  admin
  [√通过] 写盘失败时内存态回滚：否则界面显示改成功了、重启又变回去，而真正的报错早滚出屏幕了  →  账号文件保存失败：当文件已存在时，无法创建该文件。
  [√通过] 建账号落一条审计：动作=创建账号、结果=成功，说明里带上给了几档角色（光有名字答不上最要紧的那一半）  →  2026-09-21 00:09:38.347,李管理,赵六,账号管理,创建账号,成功,角色：工程师
  [√通过] 署名来自注入的提供者（本类不认识会话，宿主把它接到「此刻登录着谁」上）  →  2026-09-21 00:09:38.347,李管理,赵六,账号管理,创建账号,成功,角色：工程师
  [√通过] 改密成功落审计，说明写「密码已修改」，且绝不把新密码本身写进去（凭证不该成为第二份密码泄漏点）  →  2026-09-21 00:09:38.374,张三,赵六,账号管理,修改密码,成功,密码已修改
  [√通过] 失败也落一条，说明就是界面上弹的那句话：只记成功的那一半，事后问「他到底动过没有」答案会是「没有」  →  2026-09-21 00:09:38.385,张三,赵六,账号管理,修改密码,失败,用户名或密码不正确
  [√通过] 重置密码单独一个动作名（管理员路径、未校验旧密码）：审计里必须一眼分出这是哪条路走的  →  2026-09-21 00:09:38.398,张三,赵六,账号管理,重置密码,成功,密码已重置（管理员路径，未校验旧密码）
  [√通过] 改角色把「从几档到几档」写进说明：提权最省事的办法不是破解哈希，而是让人把角色改一下  →  2026-09-21 00:09:38.399,张三,赵六,账号管理,修改角色,成功,角色：工程师 → 管理员
  [√通过] 删号把「原来是什么身份」写进说明（先记下角色再摘除：摘掉之后就查不出来了）  →  2026-09-21 00:09:38.400,张三,赵六,账号管理,删除账号,成功,原角色：管理员
  [√通过] 角色没变也记一条（写「角色未变…未写盘」）：不记的话，「他没动过」与「他动了但值没变」分不出来  →  2026-09-21 00:09:38.401,张三,admin,账号管理,修改角色,成功,角色未变（仍是管理员），未写盘
  [√通过] 验证身份不落审计：它不改变任何数据，记进去只会让「账号管理」这一栏被登录动作刷满  →  7 → 7
  [√通过] 署名取不到时回落成「未登录」：「未登录就把账号改了」本身就是一条线索，而空白格分不清「没记」与「没署名」  →  2026-09-21 00:09:38.434,未登录,无名,账号管理,创建账号,成功,角色：操作员
  [√通过] 不接审计（audit=null）时五个写操作一字不差地照跑：审计是旁路，不是账号操作的前置条件
  [√通过] 审计写不成时账号操作照样成功（凭证丢了可以补，密码改不进去是停线）：Audit 绝不抛、绝不影响返回值

---- [AU] 操作审计落盘（S12-d：CSV 凭证 / 毫秒时间戳 / 按天滚动 / 四档结果 / 写不成不抛 / S13-c：保留策略） ----
  [√通过] 默认目录落在软件目录下的 Audit（与 Logs「可随时清」、Alarms「报警资产」刻意三分：凭证不能被「清理日志」一起删掉）  →  E:\VM\VisionMaster-W-master\ScadaChecks\bin\Debug\net9.0-windows\Audit
  [√通过] 按本地日期滚动出文件名（现场是按本地时间查「昨天那次操作」的）  →  Audit-2026-09-20.csv
  [√通过] 首三个字节是 UTF-8 BOM（不带 BOM 的 CSV 用 Excel 打开中文必乱码）  →  前 3 字节 EF BB BF
  [√通过] 表头 7 列、列序就是现场阅读顺序（谁 → 对谁 → 什么事件 → 干了什么 → 成没成 → 说明）  →  时间,操作者,对象,事件,动作,结果,说明
  [√通过] RFC 4180 转义：含逗号的字段被双引号包住、内部引号翻倍（不转义会把一行劈成两列，在 Excel 里表现为「数据莫名其妙对不上」）  →  2026-09-20 09:00:00.000,张三,配方按钮,按下,"写变量 配方 := 2,3""A""",成功,"配方：1 → 2,3""A"""
  [√通过] 时间戳精确到毫秒：审计是「人的操作」，同一秒里连点两下也得分得出先后（秒精度一经排序就丢次序）  →  2026-09-20 09:00:00.000,张三,配方按
  [√通过] 行内事实来自记录：操作者/对象/事件/动作/结果都是人话，且与面板、日志共用同一份文案  →  2026-09-20 09:00:00.000,张三,配方按钮,按下,"写变量 配方 := 2,3""A""",成功,"配方：1 → 2,3""A"""
  [√通过] 四档结果都有中文名：「被拒绝」与「失败」刻意分开——权限不足不是故障，是产品设计如此  →  成功/未执行/失败/被拒绝
  [√通过] 枚举值越界回「未知」而不抛：高版本存下的档位读进低版本时，该说「不认识」而不是崩掉  →  未知
  [√通过] 空署名回落成「未登录」、空对象回落成「未命名对象」：一条没有署名/没有对象的记录等于白记  →  2026-09-20 09:00:00.000,未登录,未命名对象,按下,切换画面 → 主界面,未执行,
  [√通过] 说明列为 null 时留空、且不写「null」字样（文件是给人看的；这一档本来就没有说明）  →  2026-09-20 09:00:00.000,未登录,未命名对象,按下,切换画面 → 主界面,未执行,
  [√通过] 追加不重写表头、也不重复插 BOM（表头只在文件为空时补一次）  →  2026-09-20 09:00:00.000,
  [√通过] 越权尝试单独记「被拒绝」档并带上原因：只记成功的那一半，事后查「他到底按过没有」答案会是「没有」  →  2026-09-20 09:00:00.000,张三,启动按钮,权限校验,（未执行）,被拒绝,需要工程师权限，当前是操作员
  [√通过] 被拦下的那一条动作列写「（未执行）」而不是留空：空着分不清「没记」和「没有动作」  →  2026-09-20 09:00:00.000,张三,启动按钮,权限校验,（未执行）,被拒绝,需要工程师权限，当前是操作员
  [√通过] 跨日期落到另一份文件，新文件自带表头（按天滚动：单份文件不会涨到打不开）  →  行数=2
  [√通过] 传 null 记录：不写、不抛、也不进故障态（调用方的空引用不该被记成磁盘故障）
  [√通过] 写不成不抛：返回 false 并进入故障态（审计写不成反过来让操作失败，现场看到的就是「点按钮程序崩了」）  →  Cannot create 'C:\Users\Admin\AppData\Local\Temp\ScadaAudit_56197473b89e4bd6835c43893c3278b0\blocked' because a file or directory with the same name already exists.
  [√通过] 故障只上报一次（磁盘故障时每行都报会把日志刷满，真正的原因反而被埋掉）  →  Error|[审计] 操作审计落盘失败，记录只留在运行日志里（操作本身不受影响）：Cannot create 'C:\Users\Admin\AppData\Local\Temp\ScadaAudit_56197473b89e4bd6835c43893c3278b0\blocked' because a file or directory with the same name already exists.
  [√通过] 故障恢复后回到正常态并补报一次（不再刷日志，但要让现场知道「又能写了」）  →  Error|[审计] 操作审计落盘失败，记录只留在运行日志里（操作本身不受影响）：Cannot create 'C:\Users\Admin\AppData\Local\Temp\ScadaAudit_56197473b89e4bd6835c43893c3278b0\blocked' because a file or directory with the same name already exists. / Warning|[审计] 操作审计落盘已恢复正常
  [√通过] 成功的 writer 全程没报过诊断（诊断口只报故障翻转，不是写一行报一次）
  [√通过] 接线走通：一次点击 → 审计文件里真出现一行（这是「到底接没接上」的唯一证据）  →  行数=2
  [√通过] 那一行把「谁 · 对谁 · 什么事件 · 干了什么 · 成没成」都写全了  →  2026-09-21 00:09:38.524,张三,启动按钮,按下,写变量 启动 := 1,成功,启动：0 → 1
  [√通过] 「说明」列写着净效果「旧值 → 新值」：审计独有的那一问（日志只写了目标值），而它只有执行侧拿得到  →  2026-09-21 00:09:38.524,张三,启动按钮,按下,写变量 启动 := 1,成功,启动：0 → 1
  [√通过] 不接审计时动作一字不差地照跑（审计是旁路：写不成审计不该让操作失败）  →  I [组态事件] 张三 · 启动按钮 · 按下 → 写变量 启动 := 1 / 变量值 1
  [√通过] 默认保留 90 天，且能从外面读到（现场要能回答「这份凭证能留多久」）  →  90
  [√通过] 超出保留期的按天文件被清掉（back=90/95/100 三份），保留期内的一份不少  →  删除 3 份
  [√通过] 正好卡在截止日那一天的不删（保留期是「最近 90 天含今天」，差一天就是差一天）  →  Audit-2026-06-23.csv
  [√通过] 只删本类自建的文件：手工放进这个目录的任何东西（备份/汇总/备注/别的模块的文件）一个都不碰——清理功能删掉用户的文件是这类功能最不能犯的错  →  一个都没碰
  [√通过] 传 0 = 永不清理（现场要留档）；且这条判定在算截止日之前——否则截止日落到今天之后，会把刚写进去的凭证也删掉  →  删除 0 份 / 过期文件还在=True
  [√通过] 同一天里再写入不会重复清理（_lastPurgedDay 在清理之前记下：某份删不掉时不该每次追加都重扫目录、重报警告）  →  没被清（对）
  [√通过] 跨到新的一天会再清一次（需要清的文件一天只多一份，跨天清一次刚好；进程刚起来当天第一次写入也会清）  →  已清（对）
  [√通过] 清理绝不把落盘端标成故障：旧文件删不掉（多半正被 Excel 开着）与「新记录写不进去」是两件事，混一档会产生误导性告警  →  无错误信息
  [√通过] 目录还不存在时清理不抛、返回 0（进程刚起来、第一次写入之前就可能被调用）
  [√通过] 写不成时不做清理（清理排在写成功之后）：磁盘满时先删旧凭证，等于把唯一能作证的赔进去  →  写成功=False / 过期文件还在=True

---- [SS] 系统参数设置（S13-d：空闲超时 / 审计保留 / 报警历史保留 全部可配） ----
  [√通过] 默认空闲超时 10 分钟 / 审计留 90 天 / 报警历史留 365 天（常量集中在 AppConfigModel，不再散落在使用方）  →  10 / 90 / 365
  [√通过] 两个落盘端的构造兜底值与配置模型同源（两处各写一个 90，早晚改一处忘一处）  →  审计 90 / 报警历史 365
  [√通过] ScadaAccessPolicy 的兜底超时与配置模型同源（保证「没有配置时」与「配置默认」是同一个数）  →  00:10:00
  [√通过] 新建配置的 IdleTimeout 就是 10 分钟（换算口不额外引入偏差）  →  00:10:00
  [√通过] 分钟数填 0 → TimeSpan.Zero（「0 表示不自动登出」这条规则只写在 IdleTimeout 一处）  →  00:00:00
  [√通过] 分钟数填负数 → TimeSpan.Zero，而不是一个负的 TimeSpan（负值会让 OnIdleTick 里的 <= 判定读起来像巧合）  →  00:00:00
  [√通过] 分钟数填 45 → 45 分钟  →  00:45:00
  [√通过] IdleTimeout 是派生量、不进 JSON（落盘的只有分钟数那个原始值，写进去只会多一个可能与真值矛盾的数字）  →  {"StartupSolutionPath":"","Solutions":[],"EnableCommunicationStartupCheck":true,"RunWindowMode":0,"RunWindowMonitor":"","IdleTimeoutMinutes":45,"AuditRetentionDays":90,"AlarmHistoryRetentionDays":365}
  [√通过] 审计落盘端注入读取口后 RetentionDays 现读（不是构造那一刻定死）  →  30
  [√通过] 读取口的值一改，同一个实例的 RetentionDays 立刻跟着变（不靠谁记得把新值推过来）  →  7
  [√通过] 报警历史落盘端同一口径：注入读取口后 RetentionDays 现读  →  365
  [√通过] 报警历史读取口的值一改也立刻跟着变（与审计端逐条对齐，不留「半新半旧」的口子）  →  90
  [√通过] 没注入读取口时两个落盘端都回落到各自的构造兜底值（断言 / 单机调试直接 new 的路径）  →  90 / 365
  [√通过] 空闲超时注入了读取口后现读（宿主把它接到 AppConfigModel.IdleTimeout 上）  →  00:10:00
  [√通过] 读取口的值一改，同一个实例的 IdleTimeout 立刻跟着变（改完立刻生效，不用重启、不用等下次登录）  →  00:45:00
  [√通过] 读取口给 0 → IdleTimeout 为 TimeSpan.Zero（= 不自动登出，OnIdleTick 靠这条跳过踢人）  →  00:00:00
  [√通过] 没注入读取口时回落到 DefaultIdleTimeout（断言 / 单机调试直接 new 的路径）  →  00:10:00
  [√通过] 打开弹窗显示的是当前生效的三个值（不是默认常量、也不是上次点过的）  →  10 / 90 / 365
  [√通过] 填了非整数（3O，字母 O）：不关窗、内存配置不动，并说明是哪个字段、填的是什么  →  关闭=未关 / 提示=「空闲自动登出」请填整数，当前填的是「3O」。
  [√通过] 留空不当作 0（留空被猜成「永不清理 / 不自动登出」正好是最不该猜错的那个值）  →  「空闲自动登出」不能留空，请填整数（0 表示不限制）。
  [√通过] 确定：关窗返回 OK，三项一起写进内存配置（0 是合法值：审计永不清理）  →  关闭=OK / 45 / 0 / 730
  [√通过] 确定：三个值真的落进 AppConfig.json，重新加载读回来还是新值  →  45 / 0 / 730
  [√通过] 再次打开：编辑态从配置现读，上一轮的编辑残留不会带进来  →  45 / 0 / 730

---- [E] 万级变量往返压力（--stress） ----
  [√通过] 10000 个变量构造唯一性  →  distinct=10000
  [√通过] 10000 变量 Capture 耗时 < 1000ms  →  0ms
  [√通过] 10000 变量 Restore 耗时 < 3000ms  →  8ms
  [√通过] 万级往返身份序列完全一致  →  构建 30ms / 捕获 0ms / 还原 8ms

---- [I] 万级变量索引吞吐（--stress） ----
  [√通过] 10000 个变量逐条 Add 后索引数量一致（增量维护不丢键）  →  index=10000 / 构建 27ms
  [√通过] 200000 次按 Id 解析全部命中且耗时 < 2000ms  →  hits=200000 / 5ms
  [√通过] 对照组线性扫描 2000 次结果同样正确（索引 5ms/200000 次 vs 线性 28ms/2000 次）  →  index=5ms / linear=28ms
  [√通过] 10000 次改名后新名全部可命中、旧名全部落空  →  耗时 81ms

---- [Q] 万级图元 / 万级绑定的画面吞吐（--stress） ----
  [√通过] 10000 图元 + 20000 绑定构造并挂入画面耗时 < 3000ms  →  44ms
  [√通过] 图元身份全部唯一
  [√通过] 跨图元枚举绑定条数正确  →  count=20000
  [√通过] 每次图元挂入都计入版本号  →  Version=10000
  [√通过] 20000 条绑定的级联遍历耗时 < 1000ms 且命中数正确  →  changed=10000 / 2ms
  [√通过] 10000 次属性变更（逐次冒泡到画面版本号）耗时 < 1000ms  →  Version=40000 / 0ms
  [√通过] 按身份查找 200000 次全部命中且耗时 < 3000ms  →  hits=200000 / 5ms
  [√通过] 旧数据补发 20001 处身份（含一次索引重建）耗时 < 1000ms 且索引可用  →  repaired=20001 / 2ms
  [√通过] 万级图元的归属统一落到同一个默认图层（10000 个图元 / 1 个图层）  →  图层数=1 / 归属数=10000

---- [BL] 四组规模基线（--stress，S13-a） ----
  [√通过] ① 图元数 20000：构造与按身份查找都不随规模退化  →  构造 27ms（1.4µs/图元）/ 查找 200000 次 3ms（0.01µs/次）/ hits=200000
  [√通过] ② 绑定数 20000：枚举条数与改名级联命中数都正确、单位成本不退化  →  构造 52ms / 级联 2ms（0.10µs/绑定）/ 命中 10000
  [√通过] ③ 切页 5000 次：每次都真的换页（Loaded = 切页数 + 1 次启动）且单次成本不退化  →  启动=True / Loaded=5001 / 切页 1ms（0.20µs/次）
  [√通过] ③ 切页：运行中页栈受上限约束（连开几个月不会无限增长）  →  栈深=32 / 切页=5000
  [√通过] ③ 切页：停止后当前页与页栈全部归零（运行态不留残渣）  →  IsRunning=False / 当前页=null / 栈深=0
  [√通过] ④ 报警数 500 条 × 10 轮（报→确认→恢复）：迁移次数正确、单位成本不退化  →  挂载 0ms / 循环 17ms（3.40µs/报警轮）/ 激活=5000 了结=5000 / 实时列表=0
  [√通过] ④ 报警历史被削在上限内（5000 条记录 → 2000 条）  →  历史=2000 / 上限=2000
  [√通过] ④ 报警退订后订阅数归零（500 条一条都不漏，不留无法回收的对象）  →  引擎订阅=0 / 通道残留=0

  ┌─ 基线数字（留档：粘贴进 docs/code-changes）────────────────────
  │ 图元数 | 20000 个 | 构造 27ms = 1.4µs/图元 | 查找 200000 次 3ms = 0.01µs/次
  │ 绑定数 | 20000 条（10000 图元 × 2）| 级联 2ms = 0.10µs/绑定 | 命中 10000
  │ 切页次数 | 5000 次（8 页 × 200 图元）| 1ms = 0.20µs/次 | 页栈峰值 32、Stop 后归零
  │ 报警数 | 500 条 × 10 轮 | 循环 17ms = 3.40µs/报警轮 | 历史 2000/2000 | 退订残留 0
  └────────────────────────────────────────────────────────────────

---- [ST] 长稳压测：200 绑定 × 20ms × 60s（--stress，S13-b） ----
  [√通过] 压力画面按路线图口径装配：1920×1080（ScadaPage 默认尺寸）+ 200 图元 / 200 条绑定 / 200 个变量  →  1920×1080 / 图元 200 / 绑定 200
  [√通过] 建表：200 条绑定全部命中、0 未命中；一个变量一份订阅，200 个句柄各挂 1 个订阅者  →  命中 200 / 未命中 0 / 订阅 200
  [√通过] 跑到中途（101 拍）时：订阅数与命中数都还停在 200、无角标、200 个句柄各 1 个订阅者（句柄不随时长增长）  →  订阅 200 / 命中 200 / 角标 0 / 句柄订阅者合计 200
  [√通过] 预热段的值已经真的落到控件上（走的是生产路径：后台线程改值 → 脏表 → BeginInvoke → 刷帧，没拿 FlushNow 抄近路）  →  「101.0」 vs 期望「101.0」
  [√通过] 60s 内跑出 3001 拍（目标 3000 拍 = 60s ÷ 20ms，留 20% 余量）：持续负载没把节拍拖垮  →  3001 拍 / 目标 3000 拍
  [√通过] UI 线程全程最长停顿 46ms（<1000ms 才算「不卡」；精确数字看段末留档块）  →  46ms
  [√通过] 58s 持续负载后内存不涨（强制 GC 后与中途基线对比，增长 -139KB）  →  28587KB → 28447KB（+-139KB）
  [√通过] 跑完 60s 后控件上是最新值（负载跑满整个时长，最后一拍的值也没被丢掉）  →  「1.0」 vs 期望「1.0」
  [√通过] 停止后句柄与订阅一起归零（200 份订阅、200 个句柄一条都不许留下——变量注册表是长生命周期对象）  →  订阅 0 / 句柄订阅者合计 0 / 命中 0 / 角标 0
  [√通过] 停止后 200 个图元全部回到设计值（运行值只活在控件上，不需要任何恢复现场的备份表）  →  0 个没回去

  ┌─ 长稳数字（留档：粘贴进 docs/code-changes）────────────────────
  │ 装配 | 1920×1080 | 200 图元 / 200 绑定 / 200 变量 | 建表命中 200、未命中 0、订阅 200
  │ 节拍 | 目标 20ms × 60s = 3000 拍 | 实跑 3001 拍 = 19.99ms/拍
  │ UI  | 最长停顿 46ms
  │ 内存 | 中途 28587KB → 终了 28447KB（+-139KB）
  │ 订阅 | 建表 200 → 中途 200 → 停止 0
  └────────────────────────────────────────────────────────────────

========== 结果汇总 ==========
通过: 1292  失败: 0
>>> 全部断言通过 <<<
